Archive member included to satisfy reference by file (symbol)

/usr/lib/gcc/arm-none-eabi/10.3.1/../../../arm-none-eabi/lib/thumb/v7-m/nofp/libc_nano.a(lib_a-atexit.o)
                              /usr/lib/gcc/arm-none-eabi/10.3.1/../../../arm-none-eabi/lib/thumb/v7-m/nofp/crt0.o (atexit)
/usr/lib/gcc/arm-none-eabi/10.3.1/../../../arm-none-eabi/lib/thumb/v7-m/nofp/libc_nano.a(lib_a-errno.o)
                              build/sysmem.o (__errno)
/usr/lib/gcc/arm-none-eabi/10.3.1/../../../arm-none-eabi/lib/thumb/v7-m/nofp/libc_nano.a(lib_a-exit.o)
                              /usr/lib/gcc/arm-none-eabi/10.3.1/../../../arm-none-eabi/lib/thumb/v7-m/nofp/crt0.o (exit)
/usr/lib/gcc/arm-none-eabi/10.3.1/../../../arm-none-eabi/lib/thumb/v7-m/nofp/libc_nano.a(lib_a-fini.o)
                              /usr/lib/gcc/arm-none-eabi/10.3.1/../../../arm-none-eabi/lib/thumb/v7-m/nofp/crt0.o (__libc_fini_array)
/usr/lib/gcc/arm-none-eabi/10.3.1/../../../arm-none-eabi/lib/thumb/v7-m/nofp/libc_nano.a(lib_a-impure.o)
                              /usr/lib/gcc/arm-none-eabi/10.3.1/../../../arm-none-eabi/lib/thumb/v7-m/nofp/libc_nano.a(lib_a-exit.o) (_global_impure_ptr)
/usr/lib/gcc/arm-none-eabi/10.3.1/../../../arm-none-eabi/lib/thumb/v7-m/nofp/libc_nano.a(lib_a-init.o)
                              /usr/lib/gcc/arm-none-eabi/10.3.1/../../../arm-none-eabi/lib/thumb/v7-m/nofp/crt0.o (__libc_init_array)
/usr/lib/gcc/arm-none-eabi/10.3.1/../../../arm-none-eabi/lib/thumb/v7-m/nofp/libc_nano.a(lib_a-memset.o)
                              /usr/lib/gcc/arm-none-eabi/10.3.1/../../../arm-none-eabi/lib/thumb/v7-m/nofp/crt0.o (memset)
/usr/lib/gcc/arm-none-eabi/10.3.1/../../../arm-none-eabi/lib/thumb/v7-m/nofp/libc_nano.a(lib_a-nano-vfprintf_float.o)
                              (_printf_float)
/usr/lib/gcc/arm-none-eabi/10.3.1/../../../arm-none-eabi/lib/thumb/v7-m/nofp/libc_nano.a(lib_a-nano-vfprintf_i.o)
                              /usr/lib/gcc/arm-none-eabi/10.3.1/../../../arm-none-eabi/lib/thumb/v7-m/nofp/libc_nano.a(lib_a-nano-vfprintf_float.o) (_printf_common)
/usr/lib/gcc/arm-none-eabi/10.3.1/../../../arm-none-eabi/lib/thumb/v7-m/nofp/libc_nano.a(lib_a-nano-vfscanf_float.o)
                              (_scanf_float)
/usr/lib/gcc/arm-none-eabi/10.3.1/../../../arm-none-eabi/lib/thumb/v7-m/nofp/libc_nano.a(lib_a-sf_nan.o)
                              /usr/lib/gcc/arm-none-eabi/10.3.1/../../../arm-none-eabi/lib/thumb/v7-m/nofp/libc_nano.a(lib_a-nano-vfscanf_float.o) (nanf)
/usr/lib/gcc/arm-none-eabi/10.3.1/../../../arm-none-eabi/lib/thumb/v7-m/nofp/libc_nano.a(lib_a-snprintf.o)
                              build/main.o (snprintf)
/usr/lib/gcc/arm-none-eabi/10.3.1/../../../arm-none-eabi/lib/thumb/v7-m/nofp/libc_nano.a(lib_a-sprintf.o)
                              /usr/lib/gcc/arm-none-eabi/10.3.1/../../../arm-none-eabi/lib/thumb/v7-m/nofp/libc_nano.a(lib_a-nano-vfscanf_float.o) (sprintf)
/usr/lib/gcc/arm-none-eabi/10.3.1/../../../arm-none-eabi/lib/thumb/v7-m/nofp/libc_nano.a(lib_a-sscanf.o)
                              build/uartParser.o (sscanf)
/usr/lib/gcc/arm-none-eabi/10.3.1/../../../arm-none-eabi/lib/thumb/v7-m/nofp/libc_nano.a(lib_a-stdio.o)
                              /usr/lib/gcc/arm-none-eabi/10.3.1/../../../arm-none-eabi/lib/thumb/v7-m/nofp/libc_nano.a(lib_a-sscanf.o) (__seofread)
/usr/lib/gcc/arm-none-eabi/10.3.1/../../../arm-none-eabi/lib/thumb/v7-m/nofp/libc_nano.a(lib_a-strlen-stub.o)
                              build/main.o (strlen)
/usr/lib/gcc/arm-none-eabi/10.3.1/../../../arm-none-eabi/lib/thumb/v7-m/nofp/libc_nano.a(lib_a-strtod.o)
                              /usr/lib/gcc/arm-none-eabi/10.3.1/../../../arm-none-eabi/lib/thumb/v7-m/nofp/libc_nano.a(lib_a-nano-vfscanf_float.o) (_strtod_r)
/usr/lib/gcc/arm-none-eabi/10.3.1/../../../arm-none-eabi/lib/thumb/v7-m/nofp/libc_nano.a(lib_a-strtol.o)
                              /usr/lib/gcc/arm-none-eabi/10.3.1/../../../arm-none-eabi/lib/thumb/v7-m/nofp/libc_nano.a(lib_a-nano-vfscanf_float.o) (_strtol_r)
/usr/lib/gcc/arm-none-eabi/10.3.1/../../../arm-none-eabi/lib/thumb/v7-m/nofp/libc_nano.a(lib_a-writer.o)
                              /usr/lib/gcc/arm-none-eabi/10.3.1/../../../arm-none-eabi/lib/thumb/v7-m/nofp/libc_nano.a(lib_a-stdio.o) (_write_r)
/usr/lib/gcc/arm-none-eabi/10.3.1/../../../arm-none-eabi/lib/thumb/v7-m/nofp/libc_nano.a(lib_a-__atexit.o)
                              /usr/lib/gcc/arm-none-eabi/10.3.1/../../../arm-none-eabi/lib/thumb/v7-m/nofp/libc_nano.a(lib_a-atexit.o) (__register_exitproc)
/usr/lib/gcc/arm-none-eabi/10.3.1/../../../arm-none-eabi/lib/thumb/v7-m/nofp/libc_nano.a(lib_a-__call_atexit.o)
                              /usr/lib/gcc/arm-none-eabi/10.3.1/../../../arm-none-eabi/lib/thumb/v7-m/nofp/libc_nano.a(lib_a-__atexit.o) (__call_exitprocs)
/usr/lib/gcc/arm-none-eabi/10.3.1/../../../arm-none-eabi/lib/thumb/v7-m/nofp/libc_nano.a(lib_a-closer.o)
[...]
Memory Configuration

Name             Origin             Length             Attributes
RAM              0x0000000020000000 0x0000000000005000 xrw
FLASH            0x0000000008000000 0x0000000000010000 xr
*default*        0x0000000000000000 0xffffffffffffffff

Linker script and memory map

LOAD /usr/lib/gcc/arm-none-eabi/10.3.1/thumb/v7-m/nofp/crti.o
LOAD /usr/lib/gcc/arm-none-eabi/10.3.1/thumb/v7-m/nofp/crtbegin.o
LOAD /usr/lib/gcc/arm-none-eabi/10.3.1/../../../arm-none-eabi/lib/thumb/v7-m/nofp/crt0.o
LOAD build/main.o
LOAD build/motorController.o
LOAD build/uartParser.o
LOAD build/i2c_lcd.o
LOAD build/PIDController.o
LOAD build/stm32f1xx_it.o
LOAD build/stm32f1xx_hal_msp.o
LOAD build/stm32f1xx_hal_gpio_ex.o
LOAD build/stm32f1xx_hal_tim.o
LOAD build/stm32f1xx_hal_tim_ex.o
LOAD build/stm32f1xx_hal.o
LOAD build/stm32f1xx_hal_rcc.o
LOAD build/stm32f1xx_hal_rcc_ex.o
LOAD build/stm32f1xx_hal_gpio.o
LOAD build/stm32f1xx_hal_dma.o
LOAD build/stm32f1xx_hal_cortex.o
LOAD build/stm32f1xx_hal_pwr.o
LOAD build/stm32f1xx_hal_flash.o
LOAD build/stm32f1xx_hal_flash_ex.o
LOAD build/stm32f1xx_hal_exti.o
LOAD build/system_stm32f1xx.o
LOAD build/sysmem.o
LOAD build/syscalls.o
LOAD build/stm32f1xx_hal_i2c.o
LOAD build/stm32f1xx_hal_uart.o
LOAD build/startup_stm32f103xb.o
LOAD /usr/lib/gcc/arm-none-eabi/10.3.1/../../../arm-none-eabi/lib/thumb/v7-m/nofp/libc_nano.a
LOAD /usr/lib/gcc/arm-none-eabi/10.3.1/../../../arm-none-eabi/lib/thumb/v7-m/nofp/libm.a
LOAD /usr/lib/gcc/arm-none-eabi/10.3.1/../../../arm-none-eabi/lib/thumb/v7-m/nofp/libnosys.a
START GROUP
LOAD /usr/lib/gcc/arm-none-eabi/10.3.1/thumb/v7-m/nofp/libgcc.a
LOAD /usr/lib/gcc/arm-none-eabi/10.3.1/../../../arm-none-eabi/lib/thumb/v7-m/nofp/libc_nano.a
END GROUP
START GROUP
LOAD /usr/lib/gcc/arm-none-eabi/10.3.1/thumb/v7-m/nofp/libgcc.a
LOAD /usr/lib/gcc/arm-none-eabi/10.3.1/../../../arm-none-eabi/lib/thumb/v7-m/nofp/libc_nano.a
END GROUP
LOAD /usr/lib/gcc/arm-none-eabi/10.3.1/thumb/v7-m/nofp/crtend.o
LOAD /usr/lib/gcc/arm-none-eabi/10.3.1/thumb/v7-m/nofp/crtn.o
                0x0000000020005000                _estack = (ORIGIN (RAM) + LENGTH (RAM))
                0x0000000000000200                _Min_Heap_Size = 0x200
                0x0000000000000400                _Min_Stack_Size = 0x400

.isr_vector     0x0000000008000000      0x10c
                0x0000000008000000                . = ALIGN (0x4)
 *(.isr_vector)
 .isr_vector    0x0000000008000000      0x10c build/startup_stm32f103xb.o
                0x0000000008000000                g_pfnVectors
                0x000000000800010c                . = ALIGN (0x4)

.text           0x0000000008000110     0xc3b4
                0x0000000008000110                . = ALIGN (0x4)
 *(.text)
 .text          0x0000000008000110       0x88 /usr/lib/gcc/arm-none-eabi/10.3.1/thumb/v7-m/nofp/crtbegin.o
 .text          0x0000000008000198        0xc /usr/lib/gcc/arm-none-eabi/10.3.1/../../../arm-none-eabi/lib/thumb/v7-m/nofp/libc_nano.a(lib_a-errno.o)
                0x0000000008000198                __errno
 .text          0x00000000080001a4       0x48 /usr/lib/gcc/arm-none-eabi/10.3.1/../../../arm-none-eabi/lib/thumb/v7-m/nofp/libc_nano.a(lib_a-init.o)
                0x00000000080001a4                __libc_init_array
 .text          0x00000000080001ec       0xa4 /usr/lib/gcc/arm-none-eabi/10.3.1/../../../arm-none-eabi/lib/thumb/v7-m/nofp/libc_nano.a(lib_a-memset.o)
                0x00000000080001ec                memset
 .text          0x0000000008000290      0x6e4 /usr/lib/gcc/arm-none-eabi/10.3.1/../../../arm-none-eabi/lib/thumb/v7-m/nofp/libc_nano.a(lib_a-nano-vfprintf_float.o)
                0x0000000008000290                __cvt
                0x0000000008000384                __exponent
                0x0000000008000420                _printf_float
 .text          0x0000000008000974      0x3d8 /usr/lib/gcc/arm-none-eabi/10.3.1/../../../arm-none-eabi/lib/thumb/v7-m/nofp/libc_nano.a(lib_a-nano-vfprintf_i.o)
                0x0000000008000974                _printf_common
                0x0000000008000aa0                _printf_i
 .text          0x0000000008000d4c      0x4a0 /usr/lib/gcc/arm-none-eabi/10.3.1/../../../arm-none-eabi/lib/thumb/v7-m/nofp/libc_nano.a(lib_a-nano-vfscanf_float.o)
                0x0000000008000d4c                _scanf_float
 .text          0x00000000080011ec        0x8 /usr/lib/gcc/arm-none-eabi/10.3.1/../../../arm-none-eabi/lib/thumb/v7-m/nofp/libc_nano.a(lib_a-sf_nan.o)
                0x00000000080011ec                nanf
 .text          0x00000000080011f4      0x100 /usr/lib/gcc/arm-none-eabi/10.3.1/../../../arm-none-eabi/lib/thumb/v7-m/nofp/libc_nano.a(lib_a-snprintf.o)
                0x00000000080011f4                _sniprintf_r
                0x00000000080011f4                _snprintf_r
                0x0000000008001270                snprintf
                0x0000000008001270                sniprintf
 .text          0x00000000080012f4       0x80 /usr/lib/gcc/arm-none-eabi/10.3.1/../../../arm-none-eabi/lib/thumb/v7-m/nofp/libc_nano.a(lib_a-sprintf.o)
                0x00000000080012f4                _siprintf_r
                0x00000000080012f4                _sprintf_r
                0x0000000008001330                sprintf
                0x0000000008001330                siprintf
 .text          0x0000000008001374       0xac /usr/lib/gcc/arm-none-eabi/10.3.1/../../../arm-none-eabi/lib/thumb/v7-m/nofp/libc_nano.a(lib_a-sscanf.o)
                0x0000000008001374                sscanf
                0x0000000008001374                siscanf
                0x00000000080013cc                _siscanf_r
                0x00000000080013cc                _sscanf_r
 .text          0x0000000008001420       0x90 /usr/lib/gcc/arm-none-eabi/10.3.1/../../../arm-none-eabi/lib/thumb/v7-m/nofp/libc_nano.a(lib_a-stdio.o)
                0x0000000008001420                __sread
                0x0000000008001444                __seofread
                0x0000000008001448                __swrite
                0x0000000008001488                __sseek
                0x00000000080014a8                __sclose
 .text          0x00000000080014b0       0x5c /usr/lib/gcc/arm-none-eabi/10.3.1/../../../arm-none-eabi/lib/thumb/v7-m/nofp/libc_nano.a(lib_a-strlen-stub.o)
                0x00000000080014b0                strlen
 *fill*         0x000000000800150c        0x4 
 .text          0x0000000008001510     0x10b8 /usr/lib/gcc/arm-none-eabi/10.3.1/../../../arm-none-eabi/lib/thumb/v7-m/nofp/libc_nano.a(lib_a-strtod.o)
                0x0000000008001510                _strtod_l
                0x0000000008002448                _strtod_r
                0x0000000008002454                strtod_l
                0x0000000008002470                strtod
                0x0000000008002488                strtof_l
                0x0000000008002528                strtof
 .text          0x00000000080025c8      0x190 /usr/lib/gcc/arm-none-eabi/10.3.1/../../../arm-none-eabi/lib/thumb/v7-m/nofp/libc_nano.a(lib_a-strtol.o)
                0x00000000080026e8                _strtol_r
                0x0000000008002700                strtol_l
                0x000000000800272c                strtol
 .text          0x0000000008002758       0x2c /usr/lib/gcc/arm-none-eabi/10.3.1/../../../arm-none-eabi/lib/thumb/v7-m/nofp/libc_nano.a(lib_a-writer.o)
                0x0000000008002758                _write_r
 .text          0x0000000008002784       0x24 /usr/lib/gcc/arm-none-eabi/10.3.1/../../../arm-none-eabi/lib/thumb/v7-m/nofp/libc_nano.a(lib_a-closer.o)
                0x0000000008002784                _close_r
 .text          0x00000000080027a8     0x1034 /usr/lib/gcc/arm-none-eabi/10.3.1/../../../arm-none-eabi/lib/thumb/v7-m/nofp/libc_nano.a(lib_a-dtoa.o)
                0x00000000080028d4                _dtoa_r
 .text          0x00000000080037dc      0x668 /usr/lib/gcc/arm-none-eabi/10.3.1/../../../arm-none-eabi/lib/thumb/v7-m/nofp/libc_nano.a(lib_a-gdtoa-gethex.o)
                0x0000000008003880                __gethex
 .text          0x0000000008003e44      0x1e0 /usr/lib/gcc/arm-none-eabi/10.3.1/../../../arm-none-eabi/lib/thumb/v7-m/nofp/libc_nano.a(lib_a-gdtoa-hexnan.o)
                0x0000000008003e44                __match
                0x0000000008003e78                __hexnan
 .text          0x0000000008004024       0x14 /usr/lib/gcc/arm-none-eabi/10.3.1/../../../arm-none-eabi/lib/thumb/v7-m/nofp/libc_nano.a(lib_a-localeconv.o)
                0x0000000008004024                __localeconv_l
                0x0000000008004028                _localeconv_r
                0x0000000008004030                localeconv
 .text          0x0000000008004038       0x2c /usr/lib/gcc/arm-none-eabi/10.3.1/../../../arm-none-eabi/lib/thumb/v7-m/nofp/libc_nano.a(lib_a-lseekr.o)
                0x0000000008004038                _lseek_r
 .text          0x0000000008004064       0x20 /usr/lib/gcc/arm-none-eabi/10.3.1/../../../arm-none-eabi/lib/thumb/v7-m/nofp/libc_nano.a(lib_a-malloc.o)
                0x0000000008004064                malloc
                0x0000000008004074                free
 .text          0x0000000008004084       0x40 /usr/lib/gcc/arm-none-eabi/10.3.1/../../../arm-none-eabi/lib/thumb/v7-m/nofp/libc_nano.a(lib_a-mbtowc_r.o)
                0x0000000008004084                _mbtowc_r
                0x0000000008004098                __ascii_mbtowc
 .text          0x00000000080040c4       0x90 /usr/lib/gcc/arm-none-eabi/10.3.1/../../../arm-none-eabi/lib/thumb/v7-m/nofp/libc_nano.a(lib_a-memchr-stub.o)
                0x00000000080040c4                memchr
 .text          0x0000000008004154       0xec /usr/lib/gcc/arm-none-eabi/10.3.1/../../../arm-none-eabi/lib/thumb/v7-m/nofp/libc_nano.a(lib_a-memcpy.o)
                0x0000000008004154                memcpy
 .text          0x0000000008004240      0xabc /usr/lib/gcc/arm-none-eabi/10.3.1/../../../arm-none-eabi/lib/thumb/v7-m/nofp/libc_nano.a(lib_a-mprec.o)
                0x0000000008004240                _Balloc
                0x00000000080042c0                _Bfree
                0x0000000008004308                __multadd
                0x00000000080043a4                __s2b
                0x0000000008004458                __hi0bits
                0x0000000008004498                __lo0bits
                0x00000000080044f0                __i2b
                0x000000000800451c                __multiply
                0x0000000008004678                __pow5mult
                0x0000000008004758                __lshift
                0x0000000008004840                __mcmp
                0x0000000008004880                __mdiff
                0x00000000080049cc                __ulp
                0x0000000008004a10                __b2d
                0x0000000008004ae0                __d2b
                0x0000000008004ba4                __ratio
                0x0000000008004c04                _mprec_log10
                0x0000000008004c3c                __copybits
                0x0000000008004c9c                __any_on
 .text          0x0000000008004cfc       0x1c /usr/lib/gcc/arm-none-eabi/10.3.1/../../../arm-none-eabi/lib/thumb/v7-m/nofp/libc_nano.a(lib_a-nano-callocr.o)
                0x0000000008004cfc                _calloc_r
 .text          0x0000000008004d18       0xcc /usr/lib/gcc/arm-none-eabi/10.3.1/../../../arm-none-eabi/lib/thumb/v7-m/nofp/libc_nano.a(lib_a-nano-freer.o)
                0x0000000008004d18                _free_r
 .text          0x0000000008004de4       0xb8 /usr/lib/gcc/arm-none-eabi/10.3.1/../../../arm-none-eabi/lib/thumb/v7-m/nofp/libc_nano.a(lib_a-nano-mallocr.o)
                0x0000000008004de4                _malloc_r
 .text          0x0000000008004e9c      0x3f4 /usr/lib/gcc/arm-none-eabi/10.3.1/../../../arm-none-eabi/lib/thumb/v7-m/nofp/libc_nano.a(lib_a-nano-svfprintf.o)
                0x0000000008004e9c                __ssputs_r
                0x0000000008004f60                __ssprint_r
                0x000000000800505c                _svfprintf_r
                0x000000000800505c                _svfiprintf_r
 .text          0x0000000008005290      0x438 /usr/lib/gcc/arm-none-eabi/10.3.1/../../../arm-none-eabi/lib/thumb/v7-m/nofp/libc_nano.a(lib_a-nano-svfscanf.o)
                0x0000000008005290                _sungetc_r
                0x0000000008005310                __ssrefill_r
                0x000000000800534c                __ssvfscanf_r
                0x000000000800534c                __ssvfiscanf_r
 .text          0x00000000080056c8      0x2b4 /usr/lib/gcc/arm-none-eabi/10.3.1/../../../arm-none-eabi/lib/thumb/v7-m/nofp/libc_nano.a(lib_a-nano-vfscanf_i.o)
                0x00000000080056c8                _scanf_chars
                0x000000000800578c                _scanf_i
 .text          0x000000000800597c       0x2c /usr/lib/gcc/arm-none-eabi/10.3.1/../../../arm-none-eabi/lib/thumb/v7-m/nofp/libc_nano.a(lib_a-readr.o)
                0x000000000800597c                _read_r
 .text          0x00000000080059a8        0xc /usr/lib/gcc/arm-none-eabi/10.3.1/../../../arm-none-eabi/lib/thumb/v7-m/nofp/libc_nano.a(lib_a-s_nan.o)
                0x00000000080059a8                nan
 .text          0x00000000080059b4       0x24 /usr/lib/gcc/arm-none-eabi/10.3.1/../../../arm-none-eabi/lib/thumb/v7-m/nofp/libc_nano.a(lib_a-sbrkr.o)
                0x00000000080059b4                _sbrk_r
 .text          0x00000000080059d8       0x8c /usr/lib/gcc/arm-none-eabi/10.3.1/../../../arm-none-eabi/lib/thumb/v7-m/nofp/libc_nano.a(lib_a-sccl.o)
                0x00000000080059d8                __sccl
 .text          0x0000000008005a64       0x7c /usr/lib/gcc/arm-none-eabi/10.3.1/../../../arm-none-eabi/lib/thumb/v7-m/nofp/libc_nano.a(lib_a-strncmp.o)
                0x0000000008005a64                strncmp
 .text          0x0000000008005ae0      0x178 /usr/lib/gcc/arm-none-eabi/10.3.1/../../../arm-none-eabi/lib/thumb/v7-m/nofp/libc_nano.a(lib_a-strtoul.o)
                0x0000000008005c1c                _strtoul_r
                0x0000000008005c20                strtoul_l
                0x0000000008005c3c                strtoul
 .text          0x0000000008005c58      0x17c /usr/lib/gcc/arm-none-eabi/10.3.1/../../../arm-none-eabi/lib/thumb/v7-m/nofp/libc_nano.a(lib_a-ungetc.o)
                0x0000000008005c58                __submore
                0x0000000008005cd0                _ungetc_r
                0x0000000008005dc0                ungetc
 .text          0x0000000008005dd4       0x30 /usr/lib/gcc/arm-none-eabi/10.3.1/../../../arm-none-eabi/lib/thumb/v7-m/nofp/libc_nano.a(lib_a-wctomb_r.o)
                0x0000000008005dd4                _wctomb_r
                0x0000000008005de8                __ascii_wctomb
 .text          0x0000000008005e04       0x4c /usr/lib/gcc/arm-none-eabi/10.3.1/../../../arm-none-eabi/lib/thumb/v7-m/nofp/libc_nano.a(lib_a-assert.o)
                0x0000000008005e04                __assert_func
                0x0000000008005e44                __assert
 .text          0x0000000008005e50      0x1dc /usr/lib/gcc/arm-none-eabi/10.3.1/../../../arm-none-eabi/lib/thumb/v7-m/nofp/libc_nano.a(lib_a-fflush.o)
                0x0000000008005e50                __sflush_r
                0x0000000008005f58                _fflush_r
                0x0000000008005fac                fflush
 .text          0x000000000800602c      0x230 /usr/lib/gcc/arm-none-eabi/10.3.1/../../../arm-none-eabi/lib/thumb/v7-m/nofp/libc_nano.a(lib_a-findfp.o)
                0x0000000008006030                _cleanup_r
                0x0000000008006040                __sfmoreglue
                0x0000000008006070                __sfp
                0x0000000008006208                _cleanup
                0x000000000800621c                __sinit
                0x0000000008006224                __sfp_lock_acquire
                0x0000000008006228                __sfp_lock_release
                0x000000000800622c                __sinit_lock_acquire
                0x0000000008006230                __sinit_lock_release
                0x0000000008006234                __fp_lock_all
                0x0000000008006248                __fp_unlock_all
 .text          0x000000000800625c       0x44 /usr/lib/gcc/arm-none-eabi/10.3.1/../../../arm-none-eabi/lib/thumb/v7-m/nofp/libc_nano.a(lib_a-fprintf.o)
                0x000000000800625c                _fprintf_r
                0x000000000800625c                _fiprintf_r
                0x0000000008006278                fprintf
                0x0000000008006278                fiprintf
 .text          0x00000000080062a0       0x88 /usr/lib/gcc/arm-none-eabi/10.3.1/../../../arm-none-eabi/lib/thumb/v7-m/nofp/libc_nano.a(lib_a-fwalk.o)
                0x00000000080062a0                _fwalk
                0x00000000080062e0                _fwalk_reent
 .text          0x0000000008006328       0xf8 /usr/lib/gcc/arm-none-eabi/10.3.1/../../../arm-none-eabi/lib/thumb/v7-m/nofp/libc_nano.a(lib_a-memmove.o)
                0x0000000008006328                memmove
 .text          0x0000000008006420        0x8 /usr/lib/gcc/arm-none-eabi/10.3.1/../../../arm-none-eabi/lib/thumb/v7-m/nofp/libc_nano.a(lib_a-mlock.o)
                0x0000000008006420                __malloc_lock
                0x0000000008006424                __malloc_unlock
 .text          0x0000000008006428       0x50 /usr/lib/gcc/arm-none-eabi/10.3.1/../../../arm-none-eabi/lib/thumb/v7-m/nofp/libc_nano.a(lib_a-nano-reallocr.o)
                0x0000000008006428                _realloc_r
 .text          0x0000000008006478      0x320 /usr/lib/gcc/arm-none-eabi/10.3.1/../../../arm-none-eabi/lib/thumb/v7-m/nofp/libc_nano.a(lib_a-nano-vfprintf.o)
                0x00000000080064a0                __sfputs_r
                0x00000000080064d0                __sprint_r
                0x00000000080064ec                _vfiprintf_r
                0x00000000080064ec                _vfprintf_r
                0x000000000800677c                vfiprintf
                0x000000000800677c                vfprintf
 .text          0x0000000008006798       0xc4 /usr/lib/gcc/arm-none-eabi/10.3.1/../../../arm-none-eabi/lib/thumb/v7-m/nofp/libc_nano.a(lib_a-wbuf.o)
                0x0000000008006798                __swbuf_r
                0x0000000008006848                __swbuf
 .text          0x000000000800685c      0x104 /usr/lib/gcc/arm-none-eabi/10.3.1/../../../arm-none-eabi/lib/thumb/v7-m/nofp/libc_nano.a(lib_a-wsetup.o)
                0x000000000800685c                __swsetup_r
 .text          0x0000000008006960       0x10 /usr/lib/gcc/arm-none-eabi/10.3.1/../../../arm-none-eabi/lib/thumb/v7-m/nofp/libc_nano.a(lib_a-abort.o)
                0x0000000008006960                abort
 .text          0x0000000008006970      0x2f0 /usr/lib/gcc/arm-none-eabi/10.3.1/../../../arm-none-eabi/lib/thumb/v7-m/nofp/libc_nano.a(lib_a-fvwrite.o)
                0x0000000008006970                __sfvwrite_r
 .text          0x0000000008006c60      0x11c /usr/lib/gcc/arm-none-eabi/10.3.1/../../../arm-none-eabi/lib/thumb/v7-m/nofp/libc_nano.a(lib_a-makebuf.o)
                0x0000000008006c60                __smakebuf_r
                0x0000000008006d20                __swhatbuf_r
 .text          0x0000000008006d7c       0x14 /usr/lib/gcc/arm-none-eabi/10.3.1/../../../arm-none-eabi/lib/thumb/v7-m/nofp/libc_nano.a(lib_a-nano-msizer.o)
                0x0000000008006d7c                _malloc_usable_size_r
 .text          0x0000000008006d90      0x26c /usr/lib/gcc/arm-none-eabi/10.3.1/../../../arm-none-eabi/lib/thumb/v7-m/nofp/libc_nano.a(lib_a-signal.o)
                0x0000000008006d90                _init_signal_r
                0x0000000008006dbc                _signal_r
                0x0000000008006e04                _raise_r
                0x0000000008006e58                __sigtramp_r
                0x0000000008006ebc                raise
                0x0000000008006f14                signal
                0x0000000008006f64                _init_signal
                0x0000000008006f98                __sigtramp
 .text          0x0000000008006ffc       0x2c /usr/lib/gcc/arm-none-eabi/10.3.1/../../../arm-none-eabi/lib/thumb/v7-m/nofp/libc_nano.a(lib_a-signalr.o)
                0x0000000008006ffc                _kill_r
                0x0000000008007024                _getpid_r
 .text          0x0000000008007028       0x28 /usr/lib/gcc/arm-none-eabi/10.3.1/../../../arm-none-eabi/lib/thumb/v7-m/nofp/libc_nano.a(lib_a-fstatr.o)
                0x0000000008007028                _fstat_r
 .text          0x0000000008007050       0x24 /usr/lib/gcc/arm-none-eabi/10.3.1/../../../arm-none-eabi/lib/thumb/v7-m/nofp/libc_nano.a(lib_a-isattyr.o)
                0x0000000008007050                _isatty_r
 .text          0x0000000008007074       0x70 /usr/lib/gcc/arm-none-eabi/10.3.1/../../../arm-none-eabi/lib/thumb/v7-m/nofp/libm.a(lib_a-sf_cos.o)
                0x0000000008007074                cosf
 .text          0x00000000080070e4       0x74 /usr/lib/gcc/arm-none-eabi/10.3.1/../../../arm-none-eabi/lib/thumb/v7-m/nofp/libm.a(lib_a-sf_sin.o)
                0x00000000080070e4                sinf
 .text          0x0000000008007158       0x48 /usr/lib/gcc/arm-none-eabi/10.3.1/../../../arm-none-eabi/lib/thumb/v7-m/nofp/libm.a(lib_a-wf_sqrt.o)
                0x0000000008007158                sqrtf
 .text          0x00000000080071a0      0x2e4 /usr/lib/gcc/arm-none-eabi/10.3.1/../../../arm-none-eabi/lib/thumb/v7-m/nofp/libm.a(lib_a-ef_rem_pio2.o)
                0x00000000080071a0                __ieee754_rem_pio2f
 .text          0x0000000008007484       0xb0 /usr/lib/gcc/arm-none-eabi/10.3.1/../../../arm-none-eabi/lib/thumb/v7-m/nofp/libm.a(lib_a-ef_sqrt.o)
                0x0000000008007484                __ieee754_sqrtf
 .text          0x0000000008007534      0x18c /usr/lib/gcc/arm-none-eabi/10.3.1/../../../arm-none-eabi/lib/thumb/v7-m/nofp/libm.a(lib_a-kf_cos.o)
                0x0000000008007534                __kernel_cosf
 .text          0x00000000080076c0      0x6e4 /usr/lib/gcc/arm-none-eabi/10.3.1/../../../arm-none-eabi/lib/thumb/v7-m/nofp/libm.a(lib_a-kf_rem_pio2.o)
                0x00000000080076c0                __kernel_rem_pio2f
 .text          0x0000000008007da4       0xe8 /usr/lib/gcc/arm-none-eabi/10.3.1/../../../arm-none-eabi/lib/thumb/v7-m/nofp/libm.a(lib_a-kf_sin.o)
                0x0000000008007da4                __kernel_sinf
 .text          0x0000000008007e8c        0x8 /usr/lib/gcc/arm-none-eabi/10.3.1/../../../arm-none-eabi/lib/thumb/v7-m/nofp/libm.a(lib_a-sf_fabs.o)
                0x0000000008007e8c                fabsf
 .text          0x0000000008007e94       0x80 /usr/lib/gcc/arm-none-eabi/10.3.1/../../../arm-none-eabi/lib/thumb/v7-m/nofp/libm.a(lib_a-sf_floor.o)
                0x0000000008007e94                floorf
 .text          0x0000000008007f14       0xbc /usr/lib/gcc/arm-none-eabi/10.3.1/../../../arm-none-eabi/lib/thumb/v7-m/nofp/libm.a(lib_a-sf_scalbn.o)
                0x0000000008007f14                scalbnf
 .text          0x0000000008007fd0      0x378 /usr/lib/gcc/arm-none-eabi/10.3.1/thumb/v7-m/nofp/libgcc.a(_arm_addsubdf3.o)
                0x0000000008007fd0                __aeabi_drsub
                0x0000000008007fd8                __aeabi_dsub
                0x0000000008007fd8                __subdf3
                0x0000000008007fdc                __adddf3
                0x0000000008007fdc                __aeabi_dadd
                0x0000000008008254                __aeabi_ui2d
                0x0000000008008254                __floatunsidf
                0x0000000008008274                __floatsidf
                0x0000000008008274                __aeabi_i2d
                0x0000000008008298                __extendsfdf2
                0x0000000008008298                __aeabi_f2d
                0x00000000080082dc                __aeabi_ul2d
                0x00000000080082dc                __floatundidf
                0x00000000080082ec                __floatdidf
                0x00000000080082ec                __aeabi_l2d
 .text          0x0000000008008348      0x424 /usr/lib/gcc/arm-none-eabi/10.3.1/thumb/v7-m/nofp/libgcc.a(_arm_muldivdf3.o)
                0x0000000008008348                __aeabi_dmul
                0x0000000008008348                __muldf3
                0x000000000800859c                __aeabi_ddiv
                0x000000000800859c                __divdf3
 .text          0x000000000800876c      0x110 /usr/lib/gcc/arm-none-eabi/10.3.1/thumb/v7-m/nofp/libgcc.a(_arm_cmpdf2.o)
                0x000000000800876c                __gtdf2
                0x000000000800876c                __gedf2
                0x0000000008008774                __ltdf2
                0x0000000008008774                __ledf2
                0x000000000800877c                __cmpdf2
                0x000000000800877c                __eqdf2
                0x000000000800877c                __nedf2
                0x00000000080087f8                __aeabi_cdrcmple
                0x0000000008008808                __aeabi_cdcmple
                0x0000000008008808                __aeabi_cdcmpeq
                0x0000000008008818                __aeabi_dcmpeq
                0x000000000800882c                __aeabi_dcmplt
                0x0000000008008840                __aeabi_dcmple
                0x0000000008008854                __aeabi_dcmpge
                0x0000000008008868                __aeabi_dcmpgt
 .text          0x000000000800887c       0x2c /usr/lib/gcc/arm-none-eabi/10.3.1/thumb/v7-m/nofp/libgcc.a(_arm_unorddf2.o)
                0x000000000800887c                __aeabi_dcmpun
                0x000000000800887c                __unorddf2
 .text          0x00000000080088a8       0x50 /usr/lib/gcc/arm-none-eabi/10.3.1/thumb/v7-m/nofp/libgcc.a(_arm_fixdfsi.o)
                0x00000000080088a8                __fixdfsi
                0x00000000080088a8                __aeabi_d2iz
 .text          0x00000000080088f8       0x40 /usr/lib/gcc/arm-none-eabi/10.3.1/thumb/v7-m/nofp/libgcc.a(_arm_fixunsdfsi.o)
                0x00000000080088f8                __fixunsdfsi
                0x00000000080088f8                __aeabi_d2uiz
 .text          0x0000000008008938       0xa0 /usr/lib/gcc/arm-none-eabi/10.3.1/thumb/v7-m/nofp/libgcc.a(_arm_truncdfsf2.o)
                0x0000000008008938                __aeabi_d2f
                0x0000000008008938                __truncdfsf2
 .text          0x00000000080089d8      0x21c /usr/lib/gcc/arm-none-eabi/10.3.1/thumb/v7-m/nofp/libgcc.a(_arm_addsubsf3.o)
                0x00000000080089d8                __aeabi_frsub
                0x00000000080089e0                __subsf3
                0x00000000080089e0                __aeabi_fsub
                0x00000000080089e4                __aeabi_fadd
                0x00000000080089e4                __addsf3
                0x0000000008008b44                __aeabi_ui2f
                0x0000000008008b44                __floatunsisf
                0x0000000008008b4c                __aeabi_i2f
                0x0000000008008b4c                __floatsisf
                0x0000000008008b68                __floatundisf
                0x0000000008008b68                __aeabi_ul2f
                0x0000000008008b78                __floatdisf
                0x0000000008008b78                __aeabi_l2f
 .text          0x0000000008008bf4      0x2a0 /usr/lib/gcc/arm-none-eabi/10.3.1/thumb/v7-m/nofp/libgcc.a(_arm_muldivsf3.o)
                0x0000000008008bf4                __mulsf3
                0x0000000008008bf4                __aeabi_fmul
                0x0000000008008d5c                __divsf3
                0x0000000008008d5c                __aeabi_fdiv
 .text          0x0000000008008e94       0xec /usr/lib/gcc/arm-none-eabi/10.3.1/thumb/v7-m/nofp/libgcc.a(_arm_cmpsf2.o)
                0x0000000008008e94                __gtsf2
                0x0000000008008e94                __gesf2
                0x0000000008008e9c                __lesf2
                0x0000000008008e9c                __ltsf2
                0x0000000008008ea4                __nesf2
                0x0000000008008ea4                __eqsf2
                0x0000000008008ea4                __cmpsf2
                0x0000000008008f04                __aeabi_cfrcmple
                0x0000000008008f0c                __aeabi_cfcmple
                0x0000000008008f0c                __aeabi_cfcmpeq
                0x0000000008008f1c                __aeabi_fcmpeq
                0x0000000008008f30                __aeabi_fcmplt
                0x0000000008008f44                __aeabi_fcmple
                0x0000000008008f58                __aeabi_fcmpge
                0x0000000008008f6c                __aeabi_fcmpgt
 .text          0x0000000008008f80       0x2c /usr/lib/gcc/arm-none-eabi/10.3.1/thumb/v7-m/nofp/libgcc.a(_arm_unordsf2.o)
                0x0000000008008f80                __aeabi_fcmpun
                0x0000000008008f80                __unordsf2
 .text          0x0000000008008fac       0x4c /usr/lib/gcc/arm-none-eabi/10.3.1/thumb/v7-m/nofp/libgcc.a(_arm_fixsfsi.o)
                0x0000000008008fac                __fixsfsi
                0x0000000008008fac                __aeabi_f2iz
 .text          0x0000000008008ff8       0x34 /usr/lib/gcc/arm-none-eabi/10.3.1/thumb/v7-m/nofp/libgcc.a(_fixdfdi.o)
                0x0000000008008ff8                __aeabi_d2lz
                0x0000000008008ff8                __fixdfdi
 .text          0x000000000800902c       0x3c /usr/lib/gcc/arm-none-eabi/10.3.1/thumb/v7-m/nofp/libgcc.a(_fixunsdfdi.o)
                0x000000000800902c                __aeabi_d2ulz
                0x000000000800902c                __fixunsdfdi
 *(.text*)
 .text.MX_GPIO_Init
                0x0000000008009068       0x74 build/main.o
 .text.MX_DMA_Init
                0x00000000080090dc       0x34 build/main.o
 .text.HAL_UARTEx_RxEventCallback
                0x0000000008009110       0x68 build/main.o
                0x0000000008009110                HAL_UARTEx_RxEventCallback
 .text.HAL_UART_IdleCallback
                0x0000000008009178       0x68 build/main.o
                0x0000000008009178                HAL_UART_IdleCallback
 .text.GetTargetPosition
                0x00000000080091e0       0x48 build/main.o
                0x00000000080091e0                GetTargetPosition
 .text.HAL_TIM_PeriodElapsedCallback
                0x0000000008009228       0x28 build/main.o
                0x0000000008009228                HAL_TIM_PeriodElapsedCallback
 .text.LogData  0x0000000008009250       0x84 build/main.o
                0x0000000008009250                LogData
 .text.Error_Handler
                0x00000000080092d4        0x4 build/main.o
                0x00000000080092d4                Error_Handler
 .text.MX_TIM1_Init
                0x00000000080092d8       0x64 build/main.o
 .text.MX_TIM2_Init
                0x000000000800933c       0x68 build/main.o
 .text.MX_TIM3_Init
                0x00000000080093a4       0x7c build/main.o
 .text.MX_USART1_UART_Init
                0x0000000008009420       0x34 build/main.o
 .text.MX_I2C1_Init
                0x0000000008009454       0x38 build/main.o
 .text.MX_USART2_UART_Init
                0x000000000800948c       0x34 build/main.o
 .text.SystemClock_Config
                0x00000000080094c0       0x64 build/main.o
                0x00000000080094c0                SystemClock_Config
 .text.main     0x0000000008009524       0x94 build/main.o
                0x0000000008009524                main
 .text.LookupTargetPosition
                0x00000000080095b8       0x84 build/motorController.o
                0x00000000080095b8                LookupTargetPosition
 .text.Motor_Init
                0x000000000800963c       0x50 build/motorController.o
                0x000000000800963c                Motor_Init
 .text.Motor_GetCurrentPosition_mm
                0x000000000800968c       0x64 build/motorController.o
                0x000000000800968c                Motor_GetCurrentPosition_mm
 .text.getPWM   0x00000000080096f0        0xc build/motorController.o
                0x00000000080096f0                getPWM
 .text.SetMotorOutput
                0x00000000080096fc       0xa4 build/motorController.o
                0x00000000080096fc                SetMotorOutput
 .text.Motor_ComputePID
                0x00000000080097a0       0x14 build/motorController.o
                0x00000000080097a0                Motor_ComputePID
 *fill*         0x00000000080097b4        0x4 
 .text.UART_ProcessDMAData
                0x00000000080097b8      0x114 build/uartParser.o
                0x00000000080097b8                UART_ProcessDMAData
 .text.getX     0x00000000080098cc        0xc build/uartParser.o
                0x00000000080098cc                getX
 .text.getY     0x00000000080098d8        0xc build/uartParser.o
                0x00000000080098d8                getY
 .text.lcd_send_cmd
                0x00000000080098e4       0x42 build/i2c_lcd.o
                0x00000000080098e4                lcd_send_cmd
 .text.lcd_init
                0x0000000008009926       0x84 build/i2c_lcd.o
                0x0000000008009926                lcd_init
 .text.PID_Init
                0x00000000080099aa       0x14 build/PIDController.o
                0x00000000080099aa                PID_Init
 *fill*         0x00000000080099be        0x2 
 .text.PID_Compute
                0x00000000080099c0       0x94 build/PIDController.o
                0x00000000080099c0                PID_Compute
 .text.NMI_Handler
                0x0000000008009a54        0x2 build/stm32f1xx_it.o
                0x0000000008009a54                NMI_Handler
 .text.HardFault_Handler
                0x0000000008009a56        0x2 build/stm32f1xx_it.o
                0x0000000008009a56                HardFault_Handler
 .text.MemManage_Handler
                0x0000000008009a58        0x2 build/stm32f1xx_it.o
                0x0000000008009a58                MemManage_Handler
 .text.BusFault_Handler
                0x0000000008009a5a        0x2 build/stm32f1xx_it.o
                0x0000000008009a5a                BusFault_Handler
 .text.UsageFault_Handler
                0x0000000008009a5c        0x2 build/stm32f1xx_it.o
                0x0000000008009a5c                UsageFault_Handler
 .text.SVC_Handler
                0x0000000008009a5e        0x2 build/stm32f1xx_it.o
                0x0000000008009a5e                SVC_Handler
 .text.DebugMon_Handler
                0x0000000008009a60        0x2 build/stm32f1xx_it.o
                0x0000000008009a60                DebugMon_Handler
 .text.PendSV_Handler
                0x0000000008009a62        0x2 build/stm32f1xx_it.o
                0x0000000008009a62                PendSV_Handler
 .text.SysTick_Handler
                0x0000000008009a64        0x8 build/stm32f1xx_it.o
                0x0000000008009a64                SysTick_Handler
 .text.DMA1_Channel5_IRQHandler
                0x0000000008009a6c       0x10 build/stm32f1xx_it.o
                0x0000000008009a6c                DMA1_Channel5_IRQHandler
 .text.TIM2_IRQHandler
                0x0000000008009a7c       0x10 build/stm32f1xx_it.o
                0x0000000008009a7c                TIM2_IRQHandler
 .text.USART1_IRQHandler
                0x0000000008009a8c       0x38 build/stm32f1xx_it.o
                0x0000000008009a8c                USART1_IRQHandler
 .text.HAL_MspInit
                0x0000000008009ac4       0x44 build/stm32f1xx_hal_msp.o
                0x0000000008009ac4                HAL_MspInit
 .text.HAL_I2C_MspInit
                0x0000000008009b08       0x78 build/stm32f1xx_hal_msp.o
                0x0000000008009b08                HAL_I2C_MspInit
 .text.HAL_TIM_Encoder_MspInit
                0x0000000008009b80       0x5c build/stm32f1xx_hal_msp.o
                0x0000000008009b80                HAL_TIM_Encoder_MspInit
 .text.HAL_TIM_Base_MspInit
                0x0000000008009bdc       0x3a build/stm32f1xx_hal_msp.o
                0x0000000008009bdc                HAL_TIM_Base_MspInit
 *fill*         0x0000000008009c16        0x2 
 .text.HAL_TIM_PWM_MspInit
                0x0000000008009c18       0x2c build/stm32f1xx_hal_msp.o
                0x0000000008009c18                HAL_TIM_PWM_MspInit
 .text.HAL_TIM_MspPostInit
                0x0000000008009c44       0x50 build/stm32f1xx_hal_msp.o
                0x0000000008009c44                HAL_TIM_MspPostInit
 .text.HAL_UART_MspInit
                0x0000000008009c94      0x128 build/stm32f1xx_hal_msp.o
                0x0000000008009c94                HAL_UART_MspInit
 .text.TIM_OC1_SetConfig
                0x0000000008009dbc       0x5c build/stm32f1xx_hal_tim.o
 .text.TIM_OC3_SetConfig
                0x0000000008009e18       0x64 build/stm32f1xx_hal_tim.o
 .text.TIM_OC4_SetConfig
                0x0000000008009e7c       0x48 build/stm32f1xx_hal_tim.o
 .text.TIM_TI1_ConfigInputStage
                0x0000000008009ec4       0x24 build/stm32f1xx_hal_tim.o
 .text.TIM_TI2_ConfigInputStage
                0x0000000008009ee8       0x26 build/stm32f1xx_hal_tim.o
 .text.TIM_ITRx_SetConfig
                0x0000000008009f0e       0x10 build/stm32f1xx_hal_tim.o
 *fill*         0x0000000008009f1e        0x2 
 .text.HAL_TIM_Base_Start_IT
                0x0000000008009f20       0x68 build/stm32f1xx_hal_tim.o
                0x0000000008009f20                HAL_TIM_Base_Start_IT
 .text.HAL_TIM_OC_DelayElapsedCallback
                0x0000000008009f88        0x2 build/stm32f1xx_hal_tim.o
                0x0000000008009f88                HAL_TIM_OC_DelayElapsedCallback
 .text.HAL_TIM_IC_CaptureCallback
                0x0000000008009f8a        0x2 build/stm32f1xx_hal_tim.o
                0x0000000008009f8a                HAL_TIM_IC_CaptureCallback
 .text.HAL_TIM_PWM_PulseFinishedCallback
                0x0000000008009f8c        0x2 build/stm32f1xx_hal_tim.o
                0x0000000008009f8c                HAL_TIM_PWM_PulseFinishedCallback
 .text.HAL_TIM_TriggerCallback
                0x0000000008009f8e        0x2 build/stm32f1xx_hal_tim.o
                0x0000000008009f8e                HAL_TIM_TriggerCallback
 .text.HAL_TIM_IRQHandler
                0x0000000008009f90      0x15e build/stm32f1xx_hal_tim.o
                0x0000000008009f90                HAL_TIM_IRQHandler
 *fill*         0x000000000800a0ee        0x2 
 .text.TIM_Base_SetConfig
                0x000000000800a0f0       0x84 build/stm32f1xx_hal_tim.o
                0x000000000800a0f0                TIM_Base_SetConfig
 .text.HAL_TIM_Base_Init
                0x000000000800a174       0x58 build/stm32f1xx_hal_tim.o
                0x000000000800a174                HAL_TIM_Base_Init
 .text.HAL_TIM_PWM_Init
                0x000000000800a1cc       0x58 build/stm32f1xx_hal_tim.o
                0x000000000800a1cc                HAL_TIM_PWM_Init
 .text.HAL_TIM_Encoder_Init
                0x000000000800a224       0xb8 build/stm32f1xx_hal_tim.o
                0x000000000800a224                HAL_TIM_Encoder_Init
 .text.TIM_OC2_SetConfig
                0x000000000800a2dc       0x64 build/stm32f1xx_hal_tim.o
                0x000000000800a2dc                TIM_OC2_SetConfig
 .text.HAL_TIM_PWM_ConfigChannel
                0x000000000800a340       0xdc build/stm32f1xx_hal_tim.o
                0x000000000800a340                HAL_TIM_PWM_ConfigChannel
 .text.TIM_ETR_SetConfig
                0x000000000800a41c       0x18 build/stm32f1xx_hal_tim.o
                0x000000000800a41c                TIM_ETR_SetConfig
 .text.HAL_TIM_ConfigClockSource
                0x000000000800a434       0xfe build/stm32f1xx_hal_tim.o
                0x000000000800a434                HAL_TIM_ConfigClockSource
 .text.TIM_CCxChannelCmd
                0x000000000800a532       0x1e build/stm32f1xx_hal_tim.o
                0x000000000800a532                TIM_CCxChannelCmd
 .text.HAL_TIM_PWM_Start
                0x000000000800a550       0xdc build/stm32f1xx_hal_tim.o
                0x000000000800a550                HAL_TIM_PWM_Start
 .text.HAL_TIM_Encoder_Start
                0x000000000800a62c       0xcc build/stm32f1xx_hal_tim.o
                0x000000000800a62c                HAL_TIM_Encoder_Start
 .text.HAL_TIMEx_MasterConfigSynchronization
                0x000000000800a6f8       0x6c build/stm32f1xx_hal_tim_ex.o
                0x000000000800a6f8                HAL_TIMEx_MasterConfigSynchronization
 .text.HAL_TIMEx_CommutCallback
                0x000000000800a764        0x2 build/stm32f1xx_hal_tim_ex.o
                0x000000000800a764                HAL_TIMEx_CommutCallback
 .text.HAL_TIMEx_BreakCallback
                0x000000000800a766        0x2 build/stm32f1xx_hal_tim_ex.o
                0x000000000800a766                HAL_TIMEx_BreakCallback
 .text.HAL_InitTick
                0x000000000800a768       0x4c build/stm32f1xx_hal.o
                0x000000000800a768                HAL_InitTick
 .text.HAL_Init
                0x000000000800a7b4       0x24 build/stm32f1xx_hal.o
                0x000000000800a7b4                HAL_Init
 .text.HAL_IncTick
                0x000000000800a7d8       0x18 build/stm32f1xx_hal.o
                0x000000000800a7d8                HAL_IncTick
 .text.HAL_GetTick
                0x000000000800a7f0        0xc build/stm32f1xx_hal.o
                0x000000000800a7f0                HAL_GetTick
 .text.HAL_Delay
                0x000000000800a7fc       0x28 build/stm32f1xx_hal.o
                0x000000000800a7fc                HAL_Delay
 .text.RCC_Delay
                0x000000000800a824       0x2c build/stm32f1xx_hal_rcc.o
 .text.HAL_RCC_OscConfig
                0x000000000800a850      0x410 build/stm32f1xx_hal_rcc.o
                0x000000000800a850                HAL_RCC_OscConfig
 .text.HAL_RCC_GetSysClockFreq
                0x000000000800ac60       0x54 build/stm32f1xx_hal_rcc.o
                0x000000000800ac60                HAL_RCC_GetSysClockFreq
 .text.HAL_RCC_ClockConfig
                0x000000000800acb4      0x16c build/stm32f1xx_hal_rcc.o
                0x000000000800acb4                HAL_RCC_ClockConfig
 .text.HAL_RCC_GetHCLKFreq
                0x000000000800ae20        0xc build/stm32f1xx_hal_rcc.o
                0x000000000800ae20                HAL_RCC_GetHCLKFreq
 .text.HAL_RCC_GetPCLK1Freq
                0x000000000800ae2c       0x20 build/stm32f1xx_hal_rcc.o
                0x000000000800ae2c                HAL_RCC_GetPCLK1Freq
 .text.HAL_RCC_GetPCLK2Freq
                0x000000000800ae4c       0x20 build/stm32f1xx_hal_rcc.o
                0x000000000800ae4c                HAL_RCC_GetPCLK2Freq
 .text.HAL_GPIO_Init
                0x000000000800ae6c      0x224 build/stm32f1xx_hal_gpio.o
                0x000000000800ae6c                HAL_GPIO_Init
 .text.HAL_GPIO_WritePin
                0x000000000800b090        0xc build/stm32f1xx_hal_gpio.o
                0x000000000800b090                HAL_GPIO_WritePin
 .text.DMA_SetConfig
                0x000000000800b09c       0x2c build/stm32f1xx_hal_dma.o
 .text.HAL_DMA_Init
                0x000000000800b0c8       0x6c build/stm32f1xx_hal_dma.o
                0x000000000800b0c8                HAL_DMA_Init
 .text.HAL_DMA_Start_IT
                0x000000000800b134       0x76 build/stm32f1xx_hal_dma.o
                0x000000000800b134                HAL_DMA_Start_IT
 .text.HAL_DMA_Abort
                0x000000000800b1aa       0x46 build/stm32f1xx_hal_dma.o
                0x000000000800b1aa                HAL_DMA_Abort
 .text.HAL_DMA_Abort_IT
                0x000000000800b1f0       0x98 build/stm32f1xx_hal_dma.o
                0x000000000800b1f0                HAL_DMA_Abort_IT
 .text.HAL_DMA_IRQHandler
                0x000000000800b288      0x144 build/stm32f1xx_hal_dma.o
                0x000000000800b288                HAL_DMA_IRQHandler
 .text.HAL_NVIC_SetPriorityGrouping
                0x000000000800b3cc       0x24 build/stm32f1xx_hal_cortex.o
                0x000000000800b3cc                HAL_NVIC_SetPriorityGrouping
 .text.HAL_NVIC_SetPriority
                0x000000000800b3f0       0x70 build/stm32f1xx_hal_cortex.o
                0x000000000800b3f0                HAL_NVIC_SetPriority
 .text.HAL_NVIC_EnableIRQ
                0x000000000800b460       0x1c build/stm32f1xx_hal_cortex.o
                0x000000000800b460                HAL_NVIC_EnableIRQ
 .text.HAL_SYSTICK_Config
                0x000000000800b47c       0x28 build/stm32f1xx_hal_cortex.o
                0x000000000800b47c                HAL_SYSTICK_Config
 .text.SystemInit
                0x000000000800b4a4        0x2 build/system_stm32f1xx.o
                0x000000000800b4a4                SystemInit
 *fill*         0x000000000800b4a6        0x2 
 .text._sbrk    0x000000000800b4a8       0x48 build/sysmem.o
                0x000000000800b4a8                _sbrk
 .text._getpid  0x000000000800b4f0        0x4 build/syscalls.o
                0x000000000800b4f0                _getpid
 .text._kill    0x000000000800b4f4       0x10 build/syscalls.o
                0x000000000800b4f4                _kill
 .text._exit    0x000000000800b504        0xc build/syscalls.o
                0x000000000800b504                _exit
 .text._read    0x000000000800b510       0x20 build/syscalls.o
                0x000000000800b510                _read
 .text._write   0x000000000800b530       0x1c build/syscalls.o
                0x000000000800b530                _write
 .text._close   0x000000000800b54c        0x6 build/syscalls.o
                0x000000000800b54c                _close
 .text._fstat   0x000000000800b552        0xa build/syscalls.o
                0x000000000800b552                _fstat
 .text._isatty  0x000000000800b55c        0x4 build/syscalls.o
                0x000000000800b55c                _isatty
 .text._lseek   0x000000000800b560        0x4 build/syscalls.o
                0x000000000800b560                _lseek
 .text.I2C_IsAcknowledgeFailed
                0x000000000800b564       0x32 build/stm32f1xx_hal_i2c.o
 .text.I2C_WaitOnFlagUntilTimeout
                0x000000000800b596       0xaa build/stm32f1xx_hal_i2c.o
 .text.I2C_WaitOnMasterAddressFlagUntilTimeout
                0x000000000800b640       0xd6 build/stm32f1xx_hal_i2c.o
 *fill*         0x000000000800b716        0x2 
 .text.I2C_MasterRequestWrite
                0x000000000800b718       0xb4 build/stm32f1xx_hal_i2c.o
 .text.I2C_WaitOnTXEFlagUntilTimeout
                0x000000000800b7cc       0x5e build/stm32f1xx_hal_i2c.o
 .text.I2C_WaitOnBTFFlagUntilTimeout
                0x000000000800b82a       0x5e build/stm32f1xx_hal_i2c.o
 .text.HAL_I2C_Init
                0x000000000800b888      0x1bc build/stm32f1xx_hal_i2c.o
                0x000000000800b888                HAL_I2C_Init
 .text.HAL_I2C_Master_Transmit
                0x000000000800ba44      0x178 build/stm32f1xx_hal_i2c.o
                0x000000000800ba44                HAL_I2C_Master_Transmit
 .text.UART_EndTxTransfer
                0x000000000800bbbc       0x20 build/stm32f1xx_hal_uart.o
 .text.UART_EndRxTransfer
                0x000000000800bbdc       0x5c build/stm32f1xx_hal_uart.o
 .text.UART_Transmit_IT
                0x000000000800bc38       0x60 build/stm32f1xx_hal_uart.o
 .text.UART_SetConfig
                0x000000000800bc98       0x94 build/stm32f1xx_hal_uart.o
 .text.UART_WaitOnFlagUntilTimeout
                0x000000000800bd2c       0x8a build/stm32f1xx_hal_uart.o
 .text.HAL_UART_Init
                0x000000000800bdb6       0x60 build/stm32f1xx_hal_uart.o
                0x000000000800bdb6                HAL_UART_Init
 .text.HAL_UART_Transmit
                0x000000000800be16       0xcc build/stm32f1xx_hal_uart.o
                0x000000000800be16                HAL_UART_Transmit
 .text.HAL_UART_TxCpltCallback
                0x000000000800bee2        0x2 build/stm32f1xx_hal_uart.o
                0x000000000800bee2                HAL_UART_TxCpltCallback
 .text.UART_EndTransmit_IT
                0x000000000800bee4       0x1a build/stm32f1xx_hal_uart.o
 .text.HAL_UART_RxCpltCallback
                0x000000000800befe        0x2 build/stm32f1xx_hal_uart.o
                0x000000000800befe                HAL_UART_RxCpltCallback
 .text.HAL_UART_RxHalfCpltCallback
                0x000000000800bf00        0x2 build/stm32f1xx_hal_uart.o
                0x000000000800bf00                HAL_UART_RxHalfCpltCallback
 .text.HAL_UART_ErrorCallback
                0x000000000800bf02        0x2 build/stm32f1xx_hal_uart.o
                0x000000000800bf02                HAL_UART_ErrorCallback
 .text.UART_DMAError
                0x000000000800bf04       0x58 build/stm32f1xx_hal_uart.o
 .text.UART_DMAAbortOnError
                0x000000000800bf5c       0x10 build/stm32f1xx_hal_uart.o
 .text.UART_Receive_IT
                0x000000000800bf6c       0xe6 build/stm32f1xx_hal_uart.o
 *fill*         0x000000000800c052        0x2 
 .text.HAL_UART_IRQHandler
                0x000000000800c054      0x288 build/stm32f1xx_hal_uart.o
                0x000000000800c054                HAL_UART_IRQHandler
 .text.UART_DMARxHalfCplt
                0x000000000800c2dc       0x1e build/stm32f1xx_hal_uart.o
 .text.UART_DMAReceiveCplt
                0x000000000800c2fa       0x9a build/stm32f1xx_hal_uart.o
 .text.UART_Start_Receive_DMA
                0x000000000800c394       0xa4 build/stm32f1xx_hal_uart.o
                0x000000000800c394                UART_Start_Receive_DMA
 .text.HAL_UART_Receive_DMA
                0x000000000800c438       0x26 build/stm32f1xx_hal_uart.o
                0x000000000800c438                HAL_UART_Receive_DMA
 *fill*         0x000000000800c45e        0x2 
 .text.Reset_Handler
                0x000000000800c460       0x48 build/startup_stm32f103xb.o
                0x000000000800c460                Reset_Handler
 .text.Default_Handler
                0x000000000800c4a8        0x2 build/startup_stm32f103xb.o
                0x000000000800c4a8                RTC_Alarm_IRQHandler
                0x000000000800c4a8                EXTI2_IRQHandler
                0x000000000800c4a8                TIM1_CC_IRQHandler
                0x000000000800c4a8                PVD_IRQHandler
                0x000000000800c4a8                EXTI3_IRQHandler
                0x000000000800c4a8                EXTI0_IRQHandler
                0x000000000800c4a8                I2C2_EV_IRQHandler
                0x000000000800c4a8                ADC1_2_IRQHandler
                0x000000000800c4a8                SPI1_IRQHandler
                0x000000000800c4a8                TAMPER_IRQHandler
                0x000000000800c4a8                DMA1_Channel4_IRQHandler
                0x000000000800c4a8                USART3_IRQHandler
                0x000000000800c4a8                RTC_IRQHandler
                0x000000000800c4a8                DMA1_Channel7_IRQHandler
                0x000000000800c4a8                CAN1_RX1_IRQHandler
                0x000000000800c4a8                TIM4_IRQHandler
                0x000000000800c4a8                I2C1_EV_IRQHandler
                0x000000000800c4a8                DMA1_Channel6_IRQHandler
                0x000000000800c4a8                TIM3_IRQHandler
                0x000000000800c4a8                RCC_IRQHandler
                0x000000000800c4a8                TIM1_TRG_COM_IRQHandler
                0x000000000800c4a8                DMA1_Channel1_IRQHandler
                0x000000000800c4a8                Default_Handler
                0x000000000800c4a8                EXTI15_10_IRQHandler
                0x000000000800c4a8                EXTI9_5_IRQHandler
                0x000000000800c4a8                SPI2_IRQHandler
                0x000000000800c4a8                EXTI4_IRQHandler
                0x000000000800c4a8                USB_LP_CAN1_RX0_IRQHandler
                0x000000000800c4a8                USB_HP_CAN1_TX_IRQHandler
                0x000000000800c4a8                DMA1_Channel3_IRQHandler
                0x000000000800c4a8                TIM1_UP_IRQHandler
                0x000000000800c4a8                WWDG_IRQHandler
                0x000000000800c4a8                TIM1_BRK_IRQHandler
                0x000000000800c4a8                EXTI1_IRQHandler
                0x000000000800c4a8                USART2_IRQHandler
                0x000000000800c4a8                I2C2_ER_IRQHandler
                0x000000000800c4a8                DMA1_Channel2_IRQHandler
                0x000000000800c4a8                CAN1_SCE_IRQHandler
                0x000000000800c4a8                FLASH_IRQHandler
                0x000000000800c4a8                I2C1_ER_IRQHandler
                0x000000000800c4a8                USBWakeUp_IRQHandler
 *(.glue_7)
 .glue_7        0x000000000800c4aa        0x0 linker stubs
 *(.glue_7t)
 .glue_7t       0x000000000800c4aa        0x0 linker stubs
 *(.eh_frame)
 *fill*         0x000000000800c4aa        0x2 
 .eh_frame      0x000000000800c4ac        0x0 /usr/lib/gcc/arm-none-eabi/10.3.1/thumb/v7-m/nofp/crtbegin.o
 *(.init)
 .init          0x000000000800c4ac        0x4 /usr/lib/gcc/arm-none-eabi/10.3.1/thumb/v7-m/nofp/crti.o
                0x000000000800c4ac                _init
 .init          0x000000000800c4b0        0x8 /usr/lib/gcc/arm-none-eabi/10.3.1/thumb/v7-m/nofp/crtn.o
 *(.fini)
 .fini          0x000000000800c4b8        0x4 /usr/lib/gcc/arm-none-eabi/10.3.1/thumb/v7-m/nofp/crti.o
                0x000000000800c4b8                _fini
 .fini          0x000000000800c4bc        0x8 /usr/lib/gcc/arm-none-eabi/10.3.1/thumb/v7-m/nofp/crtn.o
                0x000000000800c4c4                . = ALIGN (0x4)
                0x000000000800c4c4                _etext = .

.vfp11_veneer   0x000000000800c4c4        0x0
 .vfp11_veneer  0x000000000800c4c4        0x0 linker stubs

.v4_bx          0x000000000800c4c4        0x0
 .v4_bx         0x000000000800c4c4        0x0 linker stubs

.iplt           0x000000000800c4c4        0x0
 .iplt          0x000000000800c4c4        0x0 /usr/lib/gcc/arm-none-eabi/10.3.1/thumb/v7-m/nofp/crtbegin.o

.rodata         0x000000000800c4c8      0xa48
                0x000000000800c4c8                . = ALIGN (0x4)
 *(.rodata)
 .rodata        0x000000000800c4c8        0x4 /usr/lib/gcc/arm-none-eabi/10.3.1/../../../arm-none-eabi/lib/thumb/v7-m/nofp/libc_nano.a(lib_a-impure.o)
                0x000000000800c4c8                _global_impure_ptr
 *fill*         0x000000000800c4cc        0x4 
 .rodata        0x000000000800c4d0       0x50 /usr/lib/gcc/arm-none-eabi/10.3.1/../../../arm-none-eabi/lib/thumb/v7-m/nofp/libc_nano.a(lib_a-strtod.o)
 .rodata        0x000000000800c520      0x101 /usr/lib/gcc/arm-none-eabi/10.3.1/../../../arm-none-eabi/lib/thumb/v7-m/nofp/libc_nano.a(lib_a-ctype_.o)
                0x000000000800c520                _ctype_
 *fill*         0x000000000800c621        0x3 
 .rodata        0x000000000800c624      0x100 /usr/lib/gcc/arm-none-eabi/10.3.1/../../../arm-none-eabi/lib/thumb/v7-m/nofp/libc_nano.a(lib_a-gdtoa-gethex.o)
                0x000000000800c624                __hexdig
 .rodata        0x000000000800c724        0xc /usr/lib/gcc/arm-none-eabi/10.3.1/../../../arm-none-eabi/lib/thumb/v7-m/nofp/libc_nano.a(lib_a-lnumeric.o)
                0x000000000800c724                _C_numeric_locale
 .rodata        0x000000000800c730      0x128 /usr/lib/gcc/arm-none-eabi/10.3.1/../../../arm-none-eabi/lib/thumb/v7-m/nofp/libc_nano.a(lib_a-mprec.o)
                0x000000000800c740                __mprec_tens
                0x000000000800c808                __mprec_tinytens
                0x000000000800c830                __mprec_bigtens
 .rodata        0x000000000800c858        0xc /usr/lib/gcc/arm-none-eabi/10.3.1/../../../arm-none-eabi/lib/thumb/v7-m/nofp/libc_nano.a(lib_a-nano-vfscanf_i.o)
 .rodata        0x000000000800c864       0x60 /usr/lib/gcc/arm-none-eabi/10.3.1/../../../arm-none-eabi/lib/thumb/v7-m/nofp/libc_nano.a(lib_a-findfp.o)
                0x000000000800c864                __sf_fake_stderr
                0x000000000800c884                __sf_fake_stdout
                0x000000000800c8a4                __sf_fake_stdin
 .rodata        0x000000000800c8c4      0x398 /usr/lib/gcc/arm-none-eabi/10.3.1/../../../arm-none-eabi/lib/thumb/v7-m/nofp/libm.a(lib_a-ef_rem_pio2.o)
 .rodata        0x000000000800cc5c       0x38 /usr/lib/gcc/arm-none-eabi/10.3.1/../../../arm-none-eabi/lib/thumb/v7-m/nofp/libm.a(lib_a-kf_rem_pio2.o)
 *(.rodata*)
 .rodata.LogData.str1.4
                0x000000000800cc94       0x39 build/main.o
 *fill*         0x000000000800cccd        0x3 
 .rodata.position_table
                0x000000000800ccd0       0x54 build/motorController.o
 .rodata.UART_ProcessDMAData.str1.4
                0x000000000800cd24        0x7 build/uartParser.o
 *fill*         0x000000000800cd2b        0x1 
 .rodata.aPLLMULFactorTable.1
                0x000000000800cd2c       0x10 build/stm32f1xx_hal_rcc.o
 .rodata.aPredivFactorTable.0
                0x000000000800cd3c        0x2 build/stm32f1xx_hal_rcc.o
 *fill*         0x000000000800cd3e        0x2 
 .rodata.AHBPrescTable
                0x000000000800cd40       0x10 build/system_stm32f1xx.o
                0x000000000800cd40                AHBPrescTable
 .rodata.APBPrescTable
                0x000000000800cd50        0x8 build/system_stm32f1xx.o
                0x000000000800cd50                APBPrescTable
 .rodata.str1.4
                0x000000000800cd58       0x12 /usr/lib/gcc/arm-none-eabi/10.3.1/../../../arm-none-eabi/lib/thumb/v7-m/nofp/libc_nano.a(lib_a-nano-vfprintf_float.o)
 *fill*         0x000000000800cd6a        0x2 
 .rodata.str1.4
                0x000000000800cd6c       0x25 /usr/lib/gcc/arm-none-eabi/10.3.1/../../../arm-none-eabi/lib/thumb/v7-m/nofp/libc_nano.a(lib_a-nano-vfprintf_i.o)
 *fill*         0x000000000800cd91        0x3 
 .rodata.str1.4
                0x000000000800cd94        0x5 /usr/lib/gcc/arm-none-eabi/10.3.1/../../../arm-none-eabi/lib/thumb/v7-m/nofp/libc_nano.a(lib_a-nano-vfscanf_float.o)
                                          0x9 (size before relaxing)
 *fill*         0x000000000800cd99        0x3 
 .rodata.str1.4
                0x000000000800cd9c        0xf /usr/lib/gcc/arm-none-eabi/10.3.1/../../../arm-none-eabi/lib/thumb/v7-m/nofp/libc_nano.a(lib_a-strtod.o)
                                         0x11 (size before relaxing)
 *fill*         0x000000000800cdab        0x1 
 .rodata.str1.4
                0x000000000800cdac       0x6d /usr/lib/gcc/arm-none-eabi/10.3.1/../../../arm-none-eabi/lib/thumb/v7-m/nofp/libc_nano.a(lib_a-dtoa.o)
                                         0x71 (size before relaxing)
 *fill*         0x000000000800ce19        0x3 
 .rodata.str1.4
                0x000000000800ce1c       0x3a /usr/lib/gcc/arm-none-eabi/10.3.1/../../../arm-none-eabi/lib/thumb/v7-m/nofp/libc_nano.a(lib_a-gdtoa-gethex.o)
                                         0x4e (size before relaxing)
 *fill*         0x000000000800ce56        0x2 
 .rodata.str1.4
                0x000000000800ce58        0x2 /usr/lib/gcc/arm-none-eabi/10.3.1/../../../arm-none-eabi/lib/thumb/v7-m/nofp/libc_nano.a(lib_a-lnumeric.o)
                                          0x5 (size before relaxing)
 *fill*         0x000000000800ce5a        0x2 
 .rodata.str1.4
                0x000000000800ce5c        0xa /usr/lib/gcc/arm-none-eabi/10.3.1/../../../arm-none-eabi/lib/thumb/v7-m/nofp/libc_nano.a(lib_a-locale.o)
                                         0x12 (size before relaxing)
 *fill*         0x000000000800ce66        0x2 
 .rodata.str1.4
                0x000000000800ce68       0x33 /usr/lib/gcc/arm-none-eabi/10.3.1/../../../arm-none-eabi/lib/thumb/v7-m/nofp/libc_nano.a(lib_a-mprec.o)
                                         0x5d (size before relaxing)
 *fill*         0x000000000800ce9b        0x1 
 .rodata.str1.4
                0x000000000800ce9c       0x13 /usr/lib/gcc/arm-none-eabi/10.3.1/../../../arm-none-eabi/lib/thumb/v7-m/nofp/libc_nano.a(lib_a-nano-svfprintf.o)
 .rodata.str1.4
                0x000000000800ceaf        0x4 /usr/lib/gcc/arm-none-eabi/10.3.1/../../../arm-none-eabi/lib/thumb/v7-m/nofp/libc_nano.a(lib_a-nano-svfscanf.o)
 *fill*         0x000000000800ceaf        0x1 
 .rodata.str1.4
                0x000000000800ceb0       0x1e /usr/lib/gcc/arm-none-eabi/10.3.1/../../../arm-none-eabi/lib/thumb/v7-m/nofp/libc_nano.a(lib_a-nano-vfscanf_i.o)
 *fill*         0x000000000800cece        0x2 
 .rodata.str1.4
                0x000000000800ced0       0x3f /usr/lib/gcc/arm-none-eabi/10.3.1/../../../arm-none-eabi/lib/thumb/v7-m/nofp/libc_nano.a(lib_a-assert.o)
                                         0x43 (size before relaxing)
 .rodata.str1.4
                0x000000000800cf0f       0x13 /usr/lib/gcc/arm-none-eabi/10.3.1/../../../arm-none-eabi/lib/thumb/v7-m/nofp/libc_nano.a(lib_a-nano-vfprintf.o)
                0x000000000800cf24                . = ALIGN (0x4)
 *fill*         0x000000000800cf0f        0x1 

.rel.dyn        0x000000000800cf10        0x0
 .rel.iplt      0x000000000800cf10        0x0 /usr/lib/gcc/arm-none-eabi/10.3.1/thumb/v7-m/nofp/crtbegin.o

.ARM.extab
 *(.ARM.extab* .gnu.linkonce.armextab.*)

.ARM            0x000000000800cf10        0x0
                0x000000000800cf10                __exidx_start = .
 *(.ARM.exidx*)
                0x000000000800cf10                __exidx_end = .

.preinit_array  0x000000000800cf10        0x0
                0x000000000800cf10                PROVIDE (__preinit_array_start = .)
 *(.preinit_array*)
                0x000000000800cf10                PROVIDE (__preinit_array_end = .)

.init_array     0x000000000800cf10        0x4
                0x000000000800cf10                PROVIDE (__init_array_start = .)
 *(SORT_BY_NAME(.init_array.*))
 *(.init_array*)
 .init_array    0x000000000800cf10        0x4 /usr/lib/gcc/arm-none-eabi/10.3.1/thumb/v7-m/nofp/crtbegin.o
                0x000000000800cf14                PROVIDE (__init_array_end = .)

.fini_array     0x000000000800cf14        0x4
                0x000000000800cf14                PROVIDE (__fini_array_start = .)
 *(SORT_BY_NAME(.fini_array.*))
 *(.fini_array*)
 .fini_array    0x000000000800cf14        0x4 /usr/lib/gcc/arm-none-eabi/10.3.1/thumb/v7-m/nofp/crtbegin.o
                0x000000000800cf18                PROVIDE (__fini_array_end = .)
                0x000000000800cf18                _sidata = LOADADDR (.data)

.data           0x0000000020000000      0x1e0 load address 0x000000000800cf18
                0x0000000020000000                . = ALIGN (0x4)
                0x0000000020000000                _sdata = .
 *(.data)
 .data          0x0000000020000000       0x64 /usr/lib/gcc/arm-none-eabi/10.3.1/../../../arm-none-eabi/lib/thumb/v7-m/nofp/libc_nano.a(lib_a-impure.o)
                0x0000000020000000                _impure_ptr
 .data          0x0000000020000064        0x2 /usr/lib/gcc/arm-none-eabi/10.3.1/../../../arm-none-eabi/lib/thumb/v7-m/nofp/libc_nano.a(lib_a-lnumeric.o)
 *fill*         0x0000000020000066        0x2 
 .data          0x0000000020000068      0x16c /usr/lib/gcc/arm-none-eabi/10.3.1/../../../arm-none-eabi/lib/thumb/v7-m/nofp/libc_nano.a(lib_a-locale.o)
                0x0000000020000068                __global_locale
 .data          0x00000000200001d4        0x1 /usr/lib/gcc/arm-none-eabi/10.3.1/../../../arm-none-eabi/lib/thumb/v7-m/nofp/libm.a(lib_a-s_lib_ver.o)
                0x00000000200001d4                __fdlib_version
 *(.data*)
 .data.uwTickFreq
                0x00000000200001d5        0x1 build/stm32f1xx_hal.o
                0x00000000200001d5                uwTickFreq
 *fill*         0x00000000200001d6        0x2 
 .data.uwTickPrio
                0x00000000200001d8        0x4 build/stm32f1xx_hal.o
                0x00000000200001d8                uwTickPrio
 .data.SystemCoreClock
                0x00000000200001dc        0x4 build/system_stm32f1xx.o
                0x00000000200001dc                SystemCoreClock
                0x00000000200001e0                . = ALIGN (0x4)
                0x00000000200001e0                _edata = .

.tm_clone_table
                0x00000000200001e0        0x0 load address 0x000000000800d0f8
 .tm_clone_table
                0x00000000200001e0        0x0 /usr/lib/gcc/arm-none-eabi/10.3.1/thumb/v7-m/nofp/crtbegin.o
 .tm_clone_table
                0x00000000200001e0        0x0 /usr/lib/gcc/arm-none-eabi/10.3.1/thumb/v7-m/nofp/crtend.o

.igot.plt       0x00000000200001e0        0x0 load address 0x000000000800d0f8
 .igot.plt      0x00000000200001e0        0x0 /usr/lib/gcc/arm-none-eabi/10.3.1/thumb/v7-m/nofp/crtbegin.o
                0x00000000200001e0                . = ALIGN (0x4)

.bss            0x00000000200001e0      0x34c load address 0x000000000800d0f8
                0x00000000200001e0                _sbss = .
                0x00000000200001e0                __bss_start__ = _sbss
 *(.bss)
 .bss           0x00000000200001e0       0x1c /usr/lib/gcc/arm-none-eabi/10.3.1/thumb/v7-m/nofp/crtbegin.o
 .bss           0x00000000200001fc        0x8 /usr/lib/gcc/arm-none-eabi/10.3.1/../../../arm-none-eabi/lib/thumb/v7-m/nofp/libc_nano.a(lib_a-nano-mallocr.o)
                0x00000000200001fc                __malloc_free_list
                0x0000000020000200                __malloc_sbrk_start
 .bss           0x0000000020000204        0x4 /usr/lib/gcc/arm-none-eabi/10.3.1/../../../arm-none-eabi/lib/thumb/v7-m/nofp/libc_nano.a(lib_a-reent.o)
                0x0000000020000204                errno
 *(.bss*)
 .bss.current_position
                0x0000000020000208        0x4 build/main.o
                0x0000000020000208                current_position
 .bss.data_valid
                0x000000002000020c        0x1 build/main.o
 *fill*         0x000000002000020d        0x3 
 .bss.hdma_usart1_rx
                0x0000000020000210       0x44 build/main.o
                0x0000000020000210                hdma_usart1_rx
 .bss.hi2c1     0x0000000020000254       0x54 build/main.o
                0x0000000020000254                hi2c1
 .bss.htim1     0x00000000200002a8       0x48 build/main.o
                0x00000000200002a8                htim1
 .bss.htim2     0x00000000200002f0       0x48 build/main.o
                0x00000000200002f0                htim2
 .bss.htim3     0x0000000020000338       0x48 build/main.o
                0x0000000020000338                htim3
 .bss.huart1    0x0000000020000380       0x48 build/main.o
                0x0000000020000380                huart1
 .bss.huart2    0x00000000200003c8       0x48 build/main.o
                0x00000000200003c8                huart2
 .bss.last_data_update
                0x0000000020000410        0x4 build/main.o
 .bss.lcd1      0x0000000020000414        0x8 build/main.o
                0x0000000020000414                lcd1
 .bss.target_position
                0x000000002000041c        0x4 build/main.o
                0x000000002000041c                target_position
 .bss.uart_dma_buffer
                0x0000000020000420       0x80 build/main.o
                0x0000000020000420                uart_dma_buffer
 .bss.x         0x00000000200004a0        0x4 build/main.o
                0x00000000200004a0                x
 .bss.y         0x00000000200004a4        0x4 build/main.o
                0x00000000200004a4                y
 .bss.motor     0x00000000200004a8       0x10 build/motorController.o
                0x00000000200004a8                motor
 .bss.pid       0x00000000200004b8       0x1c build/motorController.o
 .bss.angle     0x00000000200004d4        0x4 build/uartParser.o
 .bss.last_index
                0x00000000200004d8        0x2 build/uartParser.o
 .bss.line_len.0
                0x00000000200004da        0x2 build/uartParser.o
 .bss.temp_line_buffer
                0x00000000200004dc       0x40 build/uartParser.o
 .bss.x_value   0x000000002000051c        0x4 build/uartParser.o
 .bss.y_value   0x0000000020000520        0x4 build/uartParser.o
 .bss.uwTick    0x0000000020000524        0x4 build/stm32f1xx_hal.o
                0x0000000020000524                uwTick
 .bss.__sbrk_heap_end
                0x0000000020000528        0x4 build/sysmem.o
 *(COMMON)
                0x000000002000052c                . = ALIGN (0x4)
                0x000000002000052c                _ebss = .
                0x000000002000052c                __bss_end__ = _ebss

._user_heap_stack
                0x000000002000052c      0x604 load address 0x000000000800d0f8
                0x0000000020000530                . = ALIGN (0x8)
 *fill*         0x000000002000052c        0x4 
                [!provide]                        PROVIDE (end = .)
                0x0000000020000530                PROVIDE (_end = .)
                0x0000000020000730                . = (. + _Min_Heap_Size)
 *fill*         0x0000000020000530      0x200 
                0x0000000020000b30                . = (. + _Min_Stack_Size)
 *fill*         0x0000000020000730      0x400 
                0x0000000020000b30                . = ALIGN (0x8)

/DISCARD/
 libc.a(*)
 libm.a(*)
 libgcc.a(*)

.ARM.attributes
                0x0000000000000000       0x29
 *(.ARM.attributes)
 .ARM.attributes
                0x0000000000000000       0x1d /usr/lib/gcc/arm-none-eabi/10.3.1/thumb/v7-m/nofp/crti.o
 .ARM.attributes
                0x000000000000001d       0x2d /usr/lib/gcc/arm-none-eabi/10.3.1/thumb/v7-m/nofp/crtbegin.o
 .ARM.attributes
                0x000000000000004a       0x2d build/main.o
 .ARM.attributes
                0x0000000000000077       0x2d build/motorController.o
 .ARM.attributes
                0x00000000000000a4       0x2d build/uartParser.o
 .ARM.attributes
                0x00000000000000d1       0x2d build/i2c_lcd.o
 .ARM.attributes
                0x00000000000000fe       0x2d build/PIDController.o
 .ARM.attributes
                0x000000000000012b       0x2d build/stm32f1xx_it.o
 .ARM.attributes
                0x0000000000000158       0x2d build/stm32f1xx_hal_msp.o
 .ARM.attributes
                0x0000000000000185       0x2d build/stm32f1xx_hal_tim.o
 .ARM.attributes
                0x00000000000001b2       0x2d build/stm32f1xx_hal_tim_ex.o
 .ARM.attributes
                0x00000000000001df       0x2d build/stm32f1xx_hal.o
 .ARM.attributes
                0x000000000000020c       0x2d build/stm32f1xx_hal_rcc.o
 .ARM.attributes
                0x0000000000000239       0x2d build/stm32f1xx_hal_gpio.o
 .ARM.attributes
                0x0000000000000266       0x2d build/stm32f1xx_hal_dma.o
 .ARM.attributes
                0x0000000000000293       0x2d build/stm32f1xx_hal_cortex.o
 .ARM.attributes
                0x00000000000002c0       0x2d build/system_stm32f1xx.o
 .ARM.attributes
                0x00000000000002ed       0x2d build/sysmem.o
 .ARM.attributes
                0x000000000000031a       0x2d build/syscalls.o
 .ARM.attributes
                0x0000000000000347       0x2d build/stm32f1xx_hal_i2c.o
 .ARM.attributes
                0x0000000000000374       0x2d build/stm32f1xx_hal_uart.o
 .ARM.attributes
                0x00000000000003a1       0x21 build/startup_stm32f103xb.o
 .ARM.attributes
                0x00000000000003c2       0x2d /usr/lib/gcc/arm-none-eabi/10.3.1/../../../arm-none-eabi/lib/thumb/v7-m/nofp/libc_nano.a(lib_a-errno.o)
 .ARM.attributes
                0x00000000000003ef       0x2d /usr/lib/gcc/arm-none-eabi/10.3.1/../../../arm-none-eabi/lib/thumb/v7-m/nofp/libc_nano.a(lib_a-impure.o)
 .ARM.attributes
                0x000000000000041c       0x2d /usr/lib/gcc/arm-none-eabi/10.3.1/../../../arm-none-eabi/lib/thumb/v7-m/nofp/libc_nano.a(lib_a-init.o)
 .ARM.attributes
                0x0000000000000449       0x2d /usr/lib/gcc/arm-none-eabi/10.3.1/../../../arm-none-eabi/lib/thumb/v7-m/nofp/libc_nano.a(lib_a-memset.o)
 .ARM.attributes
                0x0000000000000476       0x2d /usr/lib/gcc/arm-none-eabi/10.3.1/../../../arm-none-eabi/lib/thumb/v7-m/nofp/libc_nano.a(lib_a-nano-vfprintf_float.o)
 .ARM.attributes
                0x00000000000004a3       0x2d /usr/lib/gcc/arm-none-eabi/10.3.1/../../../arm-none-eabi/lib/thumb/v7-m/nofp/libc_nano.a(lib_a-nano-vfprintf_i.o)
 .ARM.attributes
                0x00000000000004d0       0x2d /usr/lib/gcc/arm-none-eabi/10.3.1/../../../arm-none-eabi/lib/thumb/v7-m/nofp/libc_nano.a(lib_a-nano-vfscanf_float.o)
 .ARM.attributes
                0x00000000000004fd       0x2d /usr/lib/gcc/arm-none-eabi/10.3.1/../../../arm-none-eabi/lib/thumb/v7-m/nofp/libc_nano.a(lib_a-sf_nan.o)
 .ARM.attributes
                0x000000000000052a       0x2d /usr/lib/gcc/arm-none-eabi/10.3.1/../../../arm-none-eabi/lib/thumb/v7-m/nofp/libc_nano.a(lib_a-snprintf.o)
 .ARM.attributes
                0x0000000000000557       0x2d /usr/lib/gcc/arm-none-eabi/10.3.1/../../../arm-none-eabi/lib/thumb/v7-m/nofp/libc_nano.a(lib_a-sprintf.o)
 .ARM.attributes
                0x0000000000000584       0x2d /usr/lib/gcc/arm-none-eabi/10.3.1/../../../arm-none-eabi/lib/thumb/v7-m/nofp/libc_nano.a(lib_a-sscanf.o)
 .ARM.attributes
                0x00000000000005b1       0x2d /usr/lib/gcc/arm-none-eabi/10.3.1/../../../arm-none-eabi/lib/thumb/v7-m/nofp/libc_nano.a(lib_a-stdio.o)
 .ARM.attributes
                0x00000000000005de       0x2d /usr/lib/gcc/arm-none-eabi/10.3.1/../../../arm-none-eabi/lib/thumb/v7-m/nofp/libc_nano.a(lib_a-strlen-stub.o)
 .ARM.attributes
                0x000000000000060b       0x2d /usr/lib/gcc/arm-none-eabi/10.3.1/../../../arm-none-eabi/lib/thumb/v7-m/nofp/libc_nano.a(lib_a-strtod.o)
 .ARM.attributes
                0x0000000000000638       0x2d /usr/lib/gcc/arm-none-eabi/10.3.1/../../../arm-none-eabi/lib/thumb/v7-m/nofp/libc_nano.a(lib_a-strtol.o)
 .ARM.attributes
                0x0000000000000665       0x2d /usr/lib/gcc/arm-none-eabi/10.3.1/../../../arm-none-eabi/lib/thumb/v7-m/nofp/libc_nano.a(lib_a-writer.o)
 .ARM.attributes
                0x0000000000000692       0x2d /usr/lib/gcc/arm-none-eabi/10.3.1/../../../arm-none-eabi/lib/thumb/v7-m/nofp/libc_nano.a(lib_a-closer.o)
 .ARM.attributes
                0x00000000000006bf       0x2d /usr/lib/gcc/arm-none-eabi/10.3.1/../../../arm-none-eabi/lib/thumb/v7-m/nofp/libc_nano.a(lib_a-ctype_.o)
 .ARM.attributes
                0x00000000000006ec       0x2d /usr/lib/gcc/arm-none-eabi/10.3.1/../../../arm-none-eabi/lib/thumb/v7-m/nofp/libc_nano.a(lib_a-dtoa.o)
 .ARM.attributes
                0x0000000000000719       0x2d /usr/lib/gcc/arm-none-eabi/10.3.1/../../../arm-none-eabi/lib/thumb/v7-m/nofp/libc_nano.a(lib_a-gdtoa-gethex.o)
 .ARM.attributes
                0x0000000000000746       0x2d /usr/lib/gcc/arm-none-eabi/10.3.1/../../../arm-none-eabi/lib/thumb/v7-m/nofp/libc_nano.a(lib_a-gdtoa-hexnan.o)
 .ARM.attributes
                0x0000000000000773       0x2d /usr/lib/gcc/arm-none-eabi/10.3.1/../../../arm-none-eabi/lib/thumb/v7-m/nofp/libc_nano.a(lib_a-lnumeric.o)
 .ARM.attributes
                0x00000000000007a0       0x2d /usr/lib/gcc/arm-none-eabi/10.3.1/../../../arm-none-eabi/lib/thumb/v7-m/nofp/libc_nano.a(lib_a-locale.o)
 .ARM.attributes
                0x00000000000007cd       0x2d /usr/lib/gcc/arm-none-eabi/10.3.1/../../../arm-none-eabi/lib/thumb/v7-m/nofp/libc_nano.a(lib_a-localeconv.o)
 .ARM.attributes
                0x00000000000007fa       0x2d /usr/lib/gcc/arm-none-eabi/10.3.1/../../../arm-none-eabi/lib/thumb/v7-m/nofp/libc_nano.a(lib_a-lseekr.o)
 .ARM.attributes
                0x0000000000000827       0x2d /usr/lib/gcc/arm-none-eabi/10.3.1/../../../arm-none-eabi/lib/thumb/v7-m/nofp/libc_nano.a(lib_a-malloc.o)
 .ARM.attributes
                0x0000000000000854       0x2d /usr/lib/gcc/arm-none-eabi/10.3.1/../../../arm-none-eabi/lib/thumb/v7-m/nofp/libc_nano.a(lib_a-mbtowc_r.o)
 .ARM.attributes
                0x0000000000000881       0x2d /usr/lib/gcc/arm-none-eabi/10.3.1/../../../arm-none-eabi/lib/thumb/v7-m/nofp/libc_nano.a(lib_a-memchr-stub.o)
 .ARM.attributes
                0x00000000000008ae       0x1b /usr/lib/gcc/arm-none-eabi/10.3.1/../../../arm-none-eabi/lib/thumb/v7-m/nofp/libc_nano.a(lib_a-memcpy.o)
 .ARM.attributes
                0x00000000000008c9       0x2d /usr/lib/gcc/arm-none-eabi/10.3.1/../../../arm-none-eabi/lib/thumb/v7-m/nofp/libc_nano.a(lib_a-mprec.o)
 .ARM.attributes
                0x00000000000008f6       0x2d /usr/lib/gcc/arm-none-eabi/10.3.1/../../../arm-none-eabi/lib/thumb/v7-m/nofp/libc_nano.a(lib_a-nano-callocr.o)
 .ARM.attributes
                0x0000000000000923       0x2d /usr/lib/gcc/arm-none-eabi/10.3.1/../../../arm-none-eabi/lib/thumb/v7-m/nofp/libc_nano.a(lib_a-nano-freer.o)
 .ARM.attributes
                0x0000000000000950       0x2d /usr/lib/gcc/arm-none-eabi/10.3.1/../../../arm-none-eabi/lib/thumb/v7-m/nofp/libc_nano.a(lib_a-nano-mallocr.o)
 .ARM.attributes
                0x000000000000097d       0x2d /usr/lib/gcc/arm-none-eabi/10.3.1/../../../arm-none-eabi/lib/thumb/v7-m/nofp/libc_nano.a(lib_a-nano-svfprintf.o)
 .ARM.attributes
                0x00000000000009aa       0x2d /usr/lib/gcc/arm-none-eabi/10.3.1/../../../arm-none-eabi/lib/thumb/v7-m/nofp/libc_nano.a(lib_a-nano-svfscanf.o)
 .ARM.attributes
                0x00000000000009d7       0x2d /usr/lib/gcc/arm-none-eabi/10.3.1/../../../arm-none-eabi/lib/thumb/v7-m/nofp/libc_nano.a(lib_a-nano-vfscanf_i.o)
 .ARM.attributes
                0x0000000000000a04       0x2d /usr/lib/gcc/arm-none-eabi/10.3.1/../../../arm-none-eabi/lib/thumb/v7-m/nofp/libc_nano.a(lib_a-readr.o)
 .ARM.attributes
                0x0000000000000a31       0x2d /usr/lib/gcc/arm-none-eabi/10.3.1/../../../arm-none-eabi/lib/thumb/v7-m/nofp/libc_nano.a(lib_a-reent.o)
 .ARM.attributes
                0x0000000000000a5e       0x2d /usr/lib/gcc/arm-none-eabi/10.3.1/../../../arm-none-eabi/lib/thumb/v7-m/nofp/libc_nano.a(lib_a-s_nan.o)
 .ARM.attributes
                0x0000000000000a8b       0x2d /usr/lib/gcc/arm-none-eabi/10.3.1/../../../arm-none-eabi/lib/thumb/v7-m/nofp/libc_nano.a(lib_a-sbrkr.o)
 .ARM.attributes
                0x0000000000000ab8       0x2d /usr/lib/gcc/arm-none-eabi/10.3.1/../../../arm-none-eabi/lib/thumb/v7-m/nofp/libc_nano.a(lib_a-sccl.o)
 .ARM.attributes
                0x0000000000000ae5       0x2d /usr/lib/gcc/arm-none-eabi/10.3.1/../../../arm-none-eabi/lib/thumb/v7-m/nofp/libc_nano.a(lib_a-strncmp.o)
 .ARM.attributes
                0x0000000000000b12       0x2d /usr/lib/gcc/arm-none-eabi/10.3.1/../../../arm-none-eabi/lib/thumb/v7-m/nofp/libc_nano.a(lib_a-strtoul.o)
 .ARM.attributes
                0x0000000000000b3f       0x2d /usr/lib/gcc/arm-none-eabi/10.3.1/../../../arm-none-eabi/lib/thumb/v7-m/nofp/libc_nano.a(lib_a-ungetc.o)
 .ARM.attributes
                0x0000000000000b6c       0x2d /usr/lib/gcc/arm-none-eabi/10.3.1/../../../arm-none-eabi/lib/thumb/v7-m/nofp/libc_nano.a(lib_a-wctomb_r.o)
 .ARM.attributes
                0x0000000000000b99       0x2d /usr/lib/gcc/arm-none-eabi/10.3.1/../../../arm-none-eabi/lib/thumb/v7-m/nofp/libc_nano.a(lib_a-assert.o)
 .ARM.attributes
                0x0000000000000bc6       0x2d /usr/lib/gcc/arm-none-eabi/10.3.1/../../../arm-none-eabi/lib/thumb/v7-m/nofp/libc_nano.a(lib_a-fflush.o)
 .ARM.attributes
                0x0000000000000bf3       0x2d /usr/lib/gcc/arm-none-eabi/10.3.1/../../../arm-none-eabi/lib/thumb/v7-m/nofp/libc_nano.a(lib_a-findfp.o)
 .ARM.attributes
                0x0000000000000c20       0x2d /usr/lib/gcc/arm-none-eabi/10.3.1/../../../arm-none-eabi/lib/thumb/v7-m/nofp/libc_nano.a(lib_a-fprintf.o)
 .ARM.attributes
                0x0000000000000c4d       0x2d /usr/lib/gcc/arm-none-eabi/10.3.1/../../../arm-none-eabi/lib/thumb/v7-m/nofp/libc_nano.a(lib_a-fwalk.o)
 .ARM.attributes
                0x0000000000000c7a       0x2d /usr/lib/gcc/arm-none-eabi/10.3.1/../../../arm-none-eabi/lib/thumb/v7-m/nofp/libc_nano.a(lib_a-memmove.o)
 .ARM.attributes
                0x0000000000000ca7       0x2d /usr/lib/gcc/arm-none-eabi/10.3.1/../../../arm-none-eabi/lib/thumb/v7-m/nofp/libc_nano.a(lib_a-mlock.o)
 .ARM.attributes
                0x0000000000000cd4       0x2d /usr/lib/gcc/arm-none-eabi/10.3.1/../../../arm-none-eabi/lib/thumb/v7-m/nofp/libc_nano.a(lib_a-nano-reallocr.o)
 .ARM.attributes
                0x0000000000000d01       0x2d /usr/lib/gcc/arm-none-eabi/10.3.1/../../../arm-none-eabi/lib/thumb/v7-m/nofp/libc_nano.a(lib_a-nano-vfprintf.o)
 .ARM.attributes
                0x0000000000000d2e       0x2d /usr/lib/gcc/arm-none-eabi/10.3.1/../../../arm-none-eabi/lib/thumb/v7-m/nofp/libc_nano.a(lib_a-wbuf.o)
 .ARM.attributes
                0x0000000000000d5b       0x2d /usr/lib/gcc/arm-none-eabi/10.3.1/../../../arm-none-eabi/lib/thumb/v7-m/nofp/libc_nano.a(lib_a-wsetup.o)
 .ARM.attributes
                0x0000000000000d88       0x2d /usr/lib/gcc/arm-none-eabi/10.3.1/../../../arm-none-eabi/lib/thumb/v7-m/nofp/libc_nano.a(lib_a-abort.o)
 .ARM.attributes
                0x0000000000000db5       0x2d /usr/lib/gcc/arm-none-eabi/10.3.1/../../../arm-none-eabi/lib/thumb/v7-m/nofp/libc_nano.a(lib_a-fvwrite.o)
 .ARM.attributes
                0x0000000000000de2       0x2d /usr/lib/gcc/arm-none-eabi/10.3.1/../../../arm-none-eabi/lib/thumb/v7-m/nofp/libc_nano.a(lib_a-makebuf.o)
 .ARM.attributes
                0x0000000000000e0f       0x2d /usr/lib/gcc/arm-none-eabi/10.3.1/../../../arm-none-eabi/lib/thumb/v7-m/nofp/libc_nano.a(lib_a-nano-msizer.o)
 .ARM.attributes
                0x0000000000000e3c       0x2d /usr/lib/gcc/arm-none-eabi/10.3.1/../../../arm-none-eabi/lib/thumb/v7-m/nofp/libc_nano.a(lib_a-signal.o)
 .ARM.attributes
                0x0000000000000e69       0x2d /usr/lib/gcc/arm-none-eabi/10.3.1/../../../arm-none-eabi/lib/thumb/v7-m/nofp/libc_nano.a(lib_a-signalr.o)
 .ARM.attributes
                0x0000000000000e96       0x2d /usr/lib/gcc/arm-none-eabi/10.3.1/../../../arm-none-eabi/lib/thumb/v7-m/nofp/libc_nano.a(lib_a-fstatr.o)
 .ARM.attributes
                0x0000000000000ec3       0x2d /usr/lib/gcc/arm-none-eabi/10.3.1/../../../arm-none-eabi/lib/thumb/v7-m/nofp/libc_nano.a(lib_a-isattyr.o)
 .ARM.attributes
                0x0000000000000ef0       0x2d /usr/lib/gcc/arm-none-eabi/10.3.1/../../../arm-none-eabi/lib/thumb/v7-m/nofp/libm.a(lib_a-sf_cos.o)
 .ARM.attributes
                0x0000000000000f1d       0x2d /usr/lib/gcc/arm-none-eabi/10.3.1/../../../arm-none-eabi/lib/thumb/v7-m/nofp/libm.a(lib_a-sf_sin.o)
 .ARM.attributes
                0x0000000000000f4a       0x2d /usr/lib/gcc/arm-none-eabi/10.3.1/../../../arm-none-eabi/lib/thumb/v7-m/nofp/libm.a(lib_a-wf_sqrt.o)
 .ARM.attributes
                0x0000000000000f77       0x2d /usr/lib/gcc/arm-none-eabi/10.3.1/../../../arm-none-eabi/lib/thumb/v7-m/nofp/libm.a(lib_a-ef_rem_pio2.o)
 .ARM.attributes
                0x0000000000000fa4       0x2d /usr/lib/gcc/arm-none-eabi/10.3.1/../../../arm-none-eabi/lib/thumb/v7-m/nofp/libm.a(lib_a-ef_sqrt.o)
 .ARM.attributes
                0x0000000000000fd1       0x2d /usr/lib/gcc/arm-none-eabi/10.3.1/../../../arm-none-eabi/lib/thumb/v7-m/nofp/libm.a(lib_a-kf_cos.o)
 .ARM.attributes
                0x0000000000000ffe       0x2d /usr/lib/gcc/arm-none-eabi/10.3.1/../../../arm-none-eabi/lib/thumb/v7-m/nofp/libm.a(lib_a-kf_rem_pio2.o)
 .ARM.attributes
                0x000000000000102b       0x2d /usr/lib/gcc/arm-none-eabi/10.3.1/../../../arm-none-eabi/lib/thumb/v7-m/nofp/libm.a(lib_a-kf_sin.o)
 .ARM.attributes
                0x0000000000001058       0x2d /usr/lib/gcc/arm-none-eabi/10.3.1/../../../arm-none-eabi/lib/thumb/v7-m/nofp/libm.a(lib_a-s_lib_ver.o)
 .ARM.attributes
                0x0000000000001085       0x2d /usr/lib/gcc/arm-none-eabi/10.3.1/../../../arm-none-eabi/lib/thumb/v7-m/nofp/libm.a(lib_a-sf_fabs.o)
 .ARM.attributes
                0x00000000000010b2       0x2d /usr/lib/gcc/arm-none-eabi/10.3.1/../../../arm-none-eabi/lib/thumb/v7-m/nofp/libm.a(lib_a-sf_floor.o)
 .ARM.attributes
                0x00000000000010df       0x2d /usr/lib/gcc/arm-none-eabi/10.3.1/../../../arm-none-eabi/lib/thumb/v7-m/nofp/libm.a(lib_a-sf_scalbn.o)
 .ARM.attributes
                0x000000000000110c       0x1d /usr/lib/gcc/arm-none-eabi/10.3.1/thumb/v7-m/nofp/libgcc.a(_arm_addsubdf3.o)
 .ARM.attributes
                0x0000000000001129       0x1d /usr/lib/gcc/arm-none-eabi/10.3.1/thumb/v7-m/nofp/libgcc.a(_arm_muldivdf3.o)
 .ARM.attributes
                0x0000000000001146       0x1d /usr/lib/gcc/arm-none-eabi/10.3.1/thumb/v7-m/nofp/libgcc.a(_arm_cmpdf2.o)
 .ARM.attributes
                0x0000000000001163       0x1d /usr/lib/gcc/arm-none-eabi/10.3.1/thumb/v7-m/nofp/libgcc.a(_arm_unorddf2.o)
 .ARM.attributes
                0x0000000000001180       0x1d /usr/lib/gcc/arm-none-eabi/10.3.1/thumb/v7-m/nofp/libgcc.a(_arm_fixdfsi.o)
 .ARM.attributes
                0x000000000000119d       0x1d /usr/lib/gcc/arm-none-eabi/10.3.1/thumb/v7-m/nofp/libgcc.a(_arm_fixunsdfsi.o)
 .ARM.attributes
                0x00000000000011ba       0x1d /usr/lib/gcc/arm-none-eabi/10.3.1/thumb/v7-m/nofp/libgcc.a(_arm_truncdfsf2.o)
 .ARM.attributes
                0x00000000000011d7       0x1d /usr/lib/gcc/arm-none-eabi/10.3.1/thumb/v7-m/nofp/libgcc.a(_arm_addsubsf3.o)
 .ARM.attributes
                0x00000000000011f4       0x1d /usr/lib/gcc/arm-none-eabi/10.3.1/thumb/v7-m/nofp/libgcc.a(_arm_muldivsf3.o)
 .ARM.attributes
                0x0000000000001211       0x1d /usr/lib/gcc/arm-none-eabi/10.3.1/thumb/v7-m/nofp/libgcc.a(_arm_cmpsf2.o)
 .ARM.attributes
                0x000000000000122e       0x1d /usr/lib/gcc/arm-none-eabi/10.3.1/thumb/v7-m/nofp/libgcc.a(_arm_unordsf2.o)
 .ARM.attributes
                0x000000000000124b       0x1d /usr/lib/gcc/arm-none-eabi/10.3.1/thumb/v7-m/nofp/libgcc.a(_arm_fixsfsi.o)
 .ARM.attributes
                0x0000000000001268       0x2d /usr/lib/gcc/arm-none-eabi/10.3.1/thumb/v7-m/nofp/libgcc.a(_fixdfdi.o)
 .ARM.attributes
                0x0000000000001295       0x2d /usr/lib/gcc/arm-none-eabi/10.3.1/thumb/v7-m/nofp/libgcc.a(_fixunsdfdi.o)
 .ARM.attributes
                0x00000000000012c2       0x2d /usr/lib/gcc/arm-none-eabi/10.3.1/thumb/v7-m/nofp/crtend.o
 .ARM.attributes
                0x00000000000012ef       0x1d /usr/lib/gcc/arm-none-eabi/10.3.1/thumb/v7-m/nofp/crtn.o
OUTPUT(build/grad_app.elf elf32-littlearm)
LOAD linker stubs
LOAD /usr/lib/gcc/arm-none-eabi/10.3.1/../../../arm-none-eabi/lib/thumb/v7-m/nofp/libc.a
LOAD /usr/lib/gcc/arm-none-eabi/10.3.1/../../../arm-none-eabi/lib/thumb/v7-m/nofp/libm.a
LOAD /usr/lib/gcc/arm-none-eabi/10.3.1/thumb/v7-m/nofp/libgcc.a

.comment        0x0000000000000000       0x33
 .comment       0x0000000000000000       0x33 /usr/lib/gcc/arm-none-eabi/10.3.1/thumb/v7-m/nofp/crtbegin.o
                                         0x34 (size before relaxing)
 .comment       0x0000000000000033       0x34 build/main.o
 .comment       0x0000000000000033       0x34 build/motorController.o
 .comment       0x0000000000000033       0x34 build/uartParser.o
 .comment       0x0000000000000033       0x34 build/i2c_lcd.o
 .comment       0x0000000000000033       0x34 build/PIDController.o
 .comment       0x0000000000000033       0x34 build/stm32f1xx_it.o
 .comment       0x0000000000000033       0x34 build/stm32f1xx_hal_msp.o
 .comment       0x0000000000000033       0x34 build/stm32f1xx_hal_tim.o
 .comment       0x0000000000000033       0x34 build/stm32f1xx_hal_tim_ex.o
 .comment       0x0000000000000033       0x34 build/stm32f1xx_hal.o
 .comment       0x0000000000000033       0x34 build/stm32f1xx_hal_rcc.o
 .comment       0x0000000000000033       0x34 build/stm32f1xx_hal_gpio.o
 .comment       0x0000000000000033       0x34 build/stm32f1xx_hal_dma.o
 .comment       0x0000000000000033       0x34 build/stm32f1xx_hal_cortex.o
 .comment       0x0000000000000033       0x34 build/system_stm32f1xx.o
 .comment       0x0000000000000033       0x34 build/sysmem.o
 .comment       0x0000000000000033       0x34 build/syscalls.o
 .comment       0x0000000000000033       0x34 build/stm32f1xx_hal_i2c.o
 .comment       0x0000000000000033       0x34 build/stm32f1xx_hal_uart.o
 .comment       0x0000000000000033       0x34 /usr/lib/gcc/arm-none-eabi/10.3.1/../../../arm-none-eabi/lib/thumb/v7-m/nofp/libc_nano.a(lib_a-errno.o)
 .comment       0x0000000000000033       0x34 /usr/lib/gcc/arm-none-eabi/10.3.1/../../../arm-none-eabi/lib/thumb/v7-m/nofp/libc_nano.a(lib_a-impure.o)
 .comment       0x0000000000000033       0x34 /usr/lib/gcc/arm-none-eabi/10.3.1/../../../arm-none-eabi/lib/thumb/v7-m/nofp/libc_nano.a(lib_a-init.o)
 .comment       0x0000000000000033       0x34 /usr/lib/gcc/arm-none-eabi/10.3.1/../../../arm-none-eabi/lib/thumb/v7-m/nofp/libc_nano.a(lib_a-memset.o)
 .comment       0x0000000000000033       0x34 /usr/lib/gcc/arm-none-eabi/10.3.1/../../../arm-none-eabi/lib/thumb/v7-m/nofp/libc_nano.a(lib_a-nano-vfprintf_float.o)
 .comment       0x0000000000000033       0x34 /usr/lib/gcc/arm-none-eabi/10.3.1/../../../arm-none-eabi/lib/thumb/v7-m/nofp/libc_nano.a(lib_a-nano-vfprintf_i.o)
 .comment       0x0000000000000033       0x34 /usr/lib/gcc/arm-none-eabi/10.3.1/../../../arm-none-eabi/lib/thumb/v7-m/nofp/libc_nano.a(lib_a-nano-vfscanf_float.o)
 .comment       0x0000000000000033       0x34 /usr/lib/gcc/arm-none-eabi/10.3.1/../../../arm-none-eabi/lib/thumb/v7-m/nofp/libc_nano.a(lib_a-sf_nan.o)
 .comment       0x0000000000000033       0x34 /usr/lib/gcc/arm-none-eabi/10.3.1/../../../arm-none-eabi/lib/thumb/v7-m/nofp/libc_nano.a(lib_a-snprintf.o)
 .comment       0x0000000000000033       0x34 /usr/lib/gcc/arm-none-eabi/10.3.1/../../../arm-none-eabi/lib/thumb/v7-m/nofp/libc_nano.a(lib_a-sprintf.o)
 .comment       0x0000000000000033       0x34 /usr/lib/gcc/arm-none-eabi/10.3.1/../../../arm-none-eabi/lib/thumb/v7-m/nofp/libc_nano.a(lib_a-sscanf.o)
 .comment       0x0000000000000033       0x34 /usr/lib/gcc/arm-none-eabi/10.3.1/../../../arm-none-eabi/lib/thumb/v7-m/nofp/libc_nano.a(lib_a-stdio.o)
 .comment       0x0000000000000033       0x34 /usr/lib/gcc/arm-none-eabi/10.3.1/../../../arm-none-eabi/lib/thumb/v7-m/nofp/libc_nano.a(lib_a-strlen-stub.o)
 .comment       0x0000000000000033       0x34 /usr/lib/gcc/arm-none-eabi/10.3.1/../../../arm-none-eabi/lib/thumb/v7-m/nofp/libc_nano.a(lib_a-strtod.o)
 .comment       0x0000000000000033       0x34 /usr/lib/gcc/arm-none-eabi/10.3.1/../../../arm-none-eabi/lib/thumb/v7-m/nofp/libc_nano.a(lib_a-strtol.o)
 .comment       0x0000000000000033       0x34 /usr/lib/gcc/arm-none-eabi/10.3.1/../../../arm-none-eabi/lib/thumb/v7-m/nofp/libc_nano.a(lib_a-writer.o)
 .comment       0x0000000000000033       0x34 /usr/lib/gcc/arm-none-eabi/10.3.1/../../../arm-none-eabi/lib/thumb/v7-m/nofp/libc_nano.a(lib_a-closer.o)
 .comment       0x0000000000000033       0x34 /usr/lib/gcc/arm-none-eabi/10.3.1/../../../arm-none-eabi/lib/thumb/v7-m/nofp/libc_nano.a(lib_a-ctype_.o)
 .comment       0x0000000000000033       0x34 /usr/lib/gcc/arm-none-eabi/10.3.1/../../../arm-none-eabi/lib/thumb/v7-m/nofp/libc_nano.a(lib_a-dtoa.o)
 .comment       0x0000000000000033       0x34 /usr/lib/gcc/arm-none-eabi/10.3.1/../../../arm-none-eabi/lib/thumb/v7-m/nofp/libc_nano.a(lib_a-gdtoa-gethex.o)
 .comment       0x0000000000000033       0x34 /usr/lib/gcc/arm-none-eabi/10.3.1/../../../arm-none-eabi/lib/thumb/v7-m/nofp/libc_nano.a(lib_a-gdtoa-hexnan.o)
 .comment       0x0000000000000033       0x34 /usr/lib/gcc/arm-none-eabi/10.3.1/../../../arm-none-eabi/lib/thumb/v7-m/nofp/libc_nano.a(lib_a-lnumeric.o)
 .comment       0x0000000000000033       0x34 /usr/lib/gcc/arm-none-eabi/10.3.1/../../../arm-none-eabi/lib/thumb/v7-m/nofp/libc_nano.a(lib_a-locale.o)
 .comment       0x0000000000000033       0x34 /usr/lib/gcc/arm-none-eabi/10.3.1/../../../arm-none-eabi/lib/thumb/v7-m/nofp/libc_nano.a(lib_a-localeconv.o)
 .comment       0x0000000000000033       0x34 /usr/lib/gcc/arm-none-eabi/10.3.1/../../../arm-none-eabi/lib/thumb/v7-m/nofp/libc_nano.a(lib_a-lseekr.o)
 .comment       0x0000000000000033       0x34 /usr/lib/gcc/arm-none-eabi/10.3.1/../../../arm-none-eabi/lib/thumb/v7-m/nofp/libc_nano.a(lib_a-malloc.o)
 .comment       0x0000000000000033       0x34 /usr/lib/gcc/arm-none-eabi/10.3.1/../../../arm-none-eabi/lib/thumb/v7-m/nofp/libc_nano.a(lib_a-mbtowc_r.o)
 .comment       0x0000000000000033       0x34 /usr/lib/gcc/arm-none-eabi/10.3.1/../../../arm-none-eabi/lib/thumb/v7-m/nofp/libc_nano.a(lib_a-memchr-stub.o)
 .comment       0x0000000000000033       0x34 /usr/lib/gcc/arm-none-eabi/10.3.1/../../../arm-none-eabi/lib/thumb/v7-m/nofp/libc_nano.a(lib_a-mprec.o)
 .comment       0x0000000000000033       0x34 /usr/lib/gcc/arm-none-eabi/10.3.1/../../../arm-none-eabi/lib/thumb/v7-m/nofp/libc_nano.a(lib_a-nano-callocr.o)
 .comment       0x0000000000000033       0x34 /usr/lib/gcc/arm-none-eabi/10.3.1/../../../arm-none-eabi/lib/thumb/v7-m/nofp/libc_nano.a(lib_a-nano-freer.o)
 .comment       0x0000000000000033       0x34 /usr/lib/gcc/arm-none-eabi/10.3.1/../../../arm-none-eabi/lib/thumb/v7-m/nofp/libc_nano.a(lib_a-nano-mallocr.o)
 .comment       0x0000000000000033       0x34 /usr/lib/gcc/arm-none-eabi/10.3.1/../../../arm-none-eabi/lib/thumb/v7-m/nofp/libc_nano.a(lib_a-nano-svfprintf.o)
 .comment       0x0000000000000033       0x34 /usr/lib/gcc/arm-none-eabi/10.3.1/../../../arm-none-eabi/lib/thumb/v7-m/nofp/libc_nano.a(lib_a-nano-svfscanf.o)
 .comment       0x0000000000000033       0x34 /usr/lib/gcc/arm-none-eabi/10.3.1/../../../arm-none-eabi/lib/thumb/v7-m/nofp/libc_nano.a(lib_a-nano-vfscanf_i.o)
 .comment       0x0000000000000033       0x34 /usr/lib/gcc/arm-none-eabi/10.3.1/../../../arm-none-eabi/lib/thumb/v7-m/nofp/libc_nano.a(lib_a-readr.o)
 .comment       0x0000000000000033       0x34 /usr/lib/gcc/arm-none-eabi/10.3.1/../../../arm-none-eabi/lib/thumb/v7-m/nofp/libc_nano.a(lib_a-reent.o)
 .comment       0x0000000000000033       0x34 /usr/lib/gcc/arm-none-eabi/10.3.1/../../../arm-none-eabi/lib/thumb/v7-m/nofp/libc_nano.a(lib_a-s_nan.o)
 .comment       0x0000000000000033       0x34 /usr/lib/gcc/arm-none-eabi/10.3.1/../../../arm-none-eabi/lib/thumb/v7-m/nofp/libc_nano.a(lib_a-sbrkr.o)
 .comment       0x0000000000000033       0x34 /usr/lib/gcc/arm-none-eabi/10.3.1/../../../arm-none-eabi/lib/thumb/v7-m/nofp/libc_nano.a(lib_a-sccl.o)
 .comment       0x0000000000000033       0x34 /usr/lib/gcc/arm-none-eabi/10.3.1/../../../arm-none-eabi/lib/thumb/v7-m/nofp/libc_nano.a(lib_a-strncmp.o)