Archive member included to satisfy reference by file (symbol)

/usr/lib/gcc/arm-none-eabi/10.3.1/../../../arm-none-eabi/lib/thumb/v7-m/nofp/libc_nano.a(lib_a-atexit.o)
                              /usr/lib/gcc/arm-none-eabi/10.3.1/../../../arm-none-eabi/lib/thumb/v7-m/nofp/crt0.o (atexit)
/usr/lib/gcc/arm-none-eabi/10.3.1/../../../arm-none-eabi/lib/thumb/v7-m/nofp/libc_nano.a(lib_a-errno.o)
                              build/sysmem.o (__errno)
/usr/lib/gcc/arm-none-eabi/10.3.1/../../../arm-none-eabi/lib/thumb/v7-m/nofp/libc_nano.a(lib_a-exit.o)
                              /usr/lib/gcc/arm-none-eabi/10.3.1/../../../arm-none-eabi/lib/thumb/v7-m/nofp/crt0.o (exit)
/usr/lib/gcc/arm-none-eabi/10.3.1/../../../arm-none-eabi/lib/thumb/v7-m/nofp/libc_nano.a(lib_a-fini.o)
                              /usr/lib/gcc/arm-none-eabi/10.3.1/../../../arm-none-eabi/lib/thumb/v7-m/nofp/crt0.o (__libc_fini_array)
/usr/lib/gcc/arm-none-eabi/10.3.1/../../../arm-none-eabi/lib/thumb/v7-m/nofp/libc_nano.a(lib_a-impure.o)
                              /usr/lib/gcc/arm-none-eabi/10.3.1/../../../arm-none-eabi/lib/thumb/v7-m/nofp/libc_nano.a(lib_a-exit.o) (_global_impure_ptr)
/usr/lib/gcc/arm-none-eabi/10.3.1/../../../arm-none-eabi/lib/thumb/v7-m/nofp/libc_nano.a(lib_a-init.o)
                              /usr/lib/gcc/arm-none-eabi/10.3.1/../../../arm-none-eabi/lib/thumb/v7-m/nofp/crt0.o (__libc_init_array)
/usr/lib/gcc/arm-none-eabi/10.3.1/../../../arm-none-eabi/lib/thumb/v7-m/nofp/libc_nano.a(lib_a-memset.o)
                              /usr/lib/gcc/arm-none-eabi/10.3.1/../../../arm-none-eabi/lib/thumb/v7-m/nofp/crt0.o (memset)
/usr/lib/gcc/arm-none-eabi/10.3.1/../../../arm-none-eabi/lib/thumb/v7-m/nofp/libc_nano.a(lib_a-nano-vfprintf_float.o)
                              (_printf_float)
/usr/lib/gcc/arm-none-eabi/10.3.1/../../../arm-none-eabi/lib/thumb/v7-m/nofp/libc_nano.a(lib_a-nano-vfprintf_i.o)
                              /usr/lib/gcc/arm-none-eabi/10.3.1/../../../arm-none-eabi/lib/thumb/v7-m/nofp/libc_nano.a(lib_a-nano-vfprintf_float.o) (_printf_common)
/usr/lib/gcc/arm-none-eabi/10.3.1/../../../arm-none-eabi/lib/thumb/v7-m/nofp/libc_nano.a(lib_a-snprintf.o)
                              build/main.o (snprintf)
/usr/lib/gcc/arm-none-eabi/10.3.1/../../../arm-none-eabi/lib/thumb/v7-m/nofp/libc_nano.a(lib_a-sscanf.o)
                              build/uartParser.o (sscanf)
/usr/lib/gcc/arm-none-eabi/10.3.1/../../../arm-none-eabi/lib/thumb/v7-m/nofp/libc_nano.a(lib_a-stdio.o)
                              /usr/lib/gcc/arm-none-eabi/10.3.1/../../../arm-none-eabi/lib/thumb/v7-m/nofp/libc_nano.a(lib_a-sscanf.o) (__seofread)
/usr/lib/gcc/arm-none-eabi/10.3.1/../../../arm-none-eabi/lib/thumb/v7-m/nofp/libc_nano.a(lib_a-strlen-stub.o)
                              build/main.o (strlen)
/usr/lib/gcc/arm-none-eabi/10.3.1/../../../arm-none-eabi/lib/thumb/v7-m/nofp/libc_nano.a(lib_a-writer.o)
                              /usr/lib/gcc/arm-none-eabi/10.3.1/../../../arm-none-eabi/lib/thumb/v7-m/nofp/libc_nano.a(lib_a-stdio.o) (_write_r)
/usr/lib/gcc/arm-none-eabi/10.3.1/../../../arm-none-eabi/lib/thumb/v7-m/nofp/libc_nano.a(lib_a-__atexit.o)
                              /usr/lib/gcc/arm-none-eabi/10.3.1/../../../arm-none-eabi/lib/thumb/v7-m/nofp/libc_nano.a(lib_a-atexit.o) (__register_exitproc)
/usr/lib/gcc/arm-none-eabi/10.3.1/../../../arm-none-eabi/lib/thumb/v7-m/nofp/libc_nano.a(lib_a-__call_atexit.o)
                              /usr/lib/gcc/arm-none-eabi/10.3.1/../../../arm-none-eabi/lib/thumb/v7-m/nofp/libc_nano.a(lib_a-__atexit.o) (__call_exitprocs)
/usr/lib/gcc/arm-none-eabi/10.3.1/../../../arm-none-eabi/lib/thumb/v7-m/nofp/libc_nano.a(lib_a-closer.o)
                              /usr/lib/gcc/arm-none-eabi/10.3.1/../../../arm-none-eabi/lib/thumb/v7-m/nofp/libc_nano.a(lib_a-stdio.o) (_close_r)
/usr/lib/gcc/arm-none-eabi/10.3.1/../../../arm-none-eabi/lib/thumb/v7-m/nofp/libc_nano.a(lib_a-dtoa.o)
                              /usr/lib/gcc/arm-none-eabi/10.3.1/../../../arm-none-eabi/lib/thumb/v7-m/nofp/libc_nano.a(lib_a-nano-vfprintf_float.o) (_dtoa_r)
/usr/lib/gcc/arm-none-eabi/10.3.1/../../../arm-none-eabi/lib/thumb/v7-m/nofp/libc_nano.a(lib_a-localeconv.o)
                              /usr/lib/gcc/arm-none-eabi/10.3.1/../../../arm-none-eabi/lib/thumb/v7-m/nofp/libc_nano.a(lib_a-nano-vfprintf_float.o) (_localeconv_r)
/usr/lib/gcc/arm-none-eabi/10.3.1/../../../arm-none-eabi/lib/thumb/v7-m/nofp/libc_nano.a(lib_a-lseekr.o)
                              /usr/lib/gcc/arm-none-eabi/10.3.1/../../../arm-none-eabi/lib/thumb/v7-m/nofp/libc_nano.a(lib_a-stdio.o) (_lseek_r)
/usr/lib/gcc/arm-none-eabi/10.3.1/../../../arm-none-eabi/lib/thumb/v7-m/nofp/libc_nano.a(lib_a-malloc.o)
                              /usr/lib/gcc/arm-none-eabi/10.3.1/../../../arm-none-eabi/lib/thumb/v7-m/nofp/libc_nano.a(lib_a-dtoa.o) (malloc)
/usr/lib/gcc/arm-none-eabi/10.3.1/../../../arm-none-eabi/lib/thumb/v7-m/nofp/libc_nano.a(lib_a-memchr-stub.o)
[...]
Memory Configuration

Name             Origin             Length             Attributes
RAM              0x0000000020000000 0x0000000000005000 xrw
FLASH            0x0000000008000000 0x0000000000010000 xr
*default*        0x0000000000000000 0xffffffffffffffff

Linker script and memory map

LOAD /usr/lib/gcc/arm-none-eabi/10.3.1/thumb/v7-m/nofp/crti.o
LOAD /usr/lib/gcc/arm-none-eabi/10.3.1/thumb/v7-m/nofp/crtbegin.o
LOAD /usr/lib/gcc/arm-none-eabi/10.3.1/../../../arm-none-eabi/lib/thumb/v7-m/nofp/crt0.o
LOAD build/main.o
LOAD build/motorController.o
LOAD build/uartParser.o
LOAD build/PIDController.o
LOAD build/stm32f1xx_it.o
LOAD build/stm32f1xx_hal_msp.o
LOAD build/stm32f1xx_hal_gpio_ex.o
LOAD build/stm32f1xx_hal_tim.o
LOAD build/stm32f1xx_hal_tim_ex.o
LOAD build/stm32f1xx_hal.o
LOAD build/stm32f1xx_hal_rcc.o
LOAD build/stm32f1xx_hal_rcc_ex.o
LOAD build/stm32f1xx_hal_gpio.o
LOAD build/stm32f1xx_hal_dma.o
LOAD build/stm32f1xx_hal_cortex.o
LOAD build/stm32f1xx_hal_pwr.o
LOAD build/stm32f1xx_hal_flash.o
LOAD build/stm32f1xx_hal_flash_ex.o
LOAD build/stm32f1xx_hal_exti.o
LOAD build/system_stm32f1xx.o
LOAD build/sysmem.o
LOAD build/syscalls.o
LOAD build/stm32f1xx_hal_i2c.o
LOAD build/stm32f1xx_hal_uart.o
LOAD build/startup_stm32f103xb.o
LOAD /usr/lib/gcc/arm-none-eabi/10.3.1/../../../arm-none-eabi/lib/thumb/v7-m/nofp/libc_nano.a
LOAD /usr/lib/gcc/arm-none-eabi/10.3.1/../../../arm-none-eabi/lib/thumb/v7-m/nofp/libm.a
LOAD /usr/lib/gcc/arm-none-eabi/10.3.1/../../../arm-none-eabi/lib/thumb/v7-m/nofp/libnosys.a
START GROUP
LOAD /usr/lib/gcc/arm-none-eabi/10.3.1/thumb/v7-m/nofp/libgcc.a
LOAD /usr/lib/gcc/arm-none-eabi/10.3.1/../../../arm-none-eabi/lib/thumb/v7-m/nofp/libc_nano.a
END GROUP
START GROUP
LOAD /usr/lib/gcc/arm-none-eabi/10.3.1/thumb/v7-m/nofp/libgcc.a
LOAD /usr/lib/gcc/arm-none-eabi/10.3.1/../../../arm-none-eabi/lib/thumb/v7-m/nofp/libc_nano.a
END GROUP
LOAD /usr/lib/gcc/arm-none-eabi/10.3.1/thumb/v7-m/nofp/crtend.o
LOAD /usr/lib/gcc/arm-none-eabi/10.3.1/thumb/v7-m/nofp/crtn.o
                0x0000000020005000                _estack = (ORIGIN (RAM) + LENGTH (RAM))
                0x0000000000000200                _Min_Heap_Size = 0x200
                0x0000000000000400                _Min_Stack_Size = 0x400

.isr_vector     0x0000000008000000      0x10c
                0x0000000008000000                . = ALIGN (0x4)
 *(.isr_vector)
 .isr_vector    0x0000000008000000      0x10c build/startup_stm32f103xb.o
                0x0000000008000000                g_pfnVectors
                0x000000000800010c                . = ALIGN (0x4)

.text           0x0000000008000110     0x8e9c
                0x0000000008000110                . = ALIGN (0x4)
 *(.text)
 .text          0x0000000008000110       0x88 /usr/lib/gcc/arm-none-eabi/10.3.1/thumb/v7-m/nofp/crtbegin.o
 .text          0x0000000008000198        0xc /usr/lib/gcc/arm-none-eabi/10.3.1/../../../arm-none-eabi/lib/thumb/v7-m/nofp/libc_nano.a(lib_a-errno.o)
                0x0000000008000198                __errno
 .text          0x00000000080001a4       0x48 /usr/lib/gcc/arm-none-eabi/10.3.1/../../../arm-none-eabi/lib/thumb/v7-m/nofp/libc_nano.a(lib_a-init.o)
                0x00000000080001a4                __libc_init_array
 .text          0x00000000080001ec       0xa4 /usr/lib/gcc/arm-none-eabi/10.3.1/../../../arm-none-eabi/lib/thumb/v7-m/nofp/libc_nano.a(lib_a-memset.o)
                0x00000000080001ec                memset
 .text          0x0000000008000290      0x6e4 /usr/lib/gcc/arm-none-eabi/10.3.1/../../../arm-none-eabi/lib/thumb/v7-m/nofp/libc_nano.a(lib_a-nano-vfprintf_float.o)
                0x0000000008000290                __cvt
                0x0000000008000384                __exponent
                0x0000000008000420                _printf_float
 .text          0x0000000008000974      0x3d8 /usr/lib/gcc/arm-none-eabi/10.3.1/../../../arm-none-eabi/lib/thumb/v7-m/nofp/libc_nano.a(lib_a-nano-vfprintf_i.o)
                0x0000000008000974                _printf_common
                0x0000000008000aa0                _printf_i
 .text          0x0000000008000d4c      0x100 /usr/lib/gcc/arm-none-eabi/10.3.1/../../../arm-none-eabi/lib/thumb/v7-m/nofp/libc_nano.a(lib_a-snprintf.o)
                0x0000000008000d4c                _sniprintf_r
                0x0000000008000d4c                _snprintf_r
                0x0000000008000dc8                snprintf
                0x0000000008000dc8                sniprintf
 .text          0x0000000008000e4c       0xac /usr/lib/gcc/arm-none-eabi/10.3.1/../../../arm-none-eabi/lib/thumb/v7-m/nofp/libc_nano.a(lib_a-sscanf.o)
                0x0000000008000e4c                sscanf
                0x0000000008000e4c                siscanf
                0x0000000008000ea4                _siscanf_r
                0x0000000008000ea4                _sscanf_r
 .text          0x0000000008000ef8       0x90 /usr/lib/gcc/arm-none-eabi/10.3.1/../../../arm-none-eabi/lib/thumb/v7-m/nofp/libc_nano.a(lib_a-stdio.o)
                0x0000000008000ef8                __sread
                0x0000000008000f1c                __seofread
                0x0000000008000f20                __swrite
                0x0000000008000f60                __sseek
                0x0000000008000f80                __sclose
 .text          0x0000000008000f88       0x5c /usr/lib/gcc/arm-none-eabi/10.3.1/../../../arm-none-eabi/lib/thumb/v7-m/nofp/libc_nano.a(lib_a-strlen-stub.o)
                0x0000000008000f88                strlen
 .text          0x0000000008000fe4       0x2c /usr/lib/gcc/arm-none-eabi/10.3.1/../../../arm-none-eabi/lib/thumb/v7-m/nofp/libc_nano.a(lib_a-writer.o)
                0x0000000008000fe4                _write_r
 .text          0x0000000008001010       0x24 /usr/lib/gcc/arm-none-eabi/10.3.1/../../../arm-none-eabi/lib/thumb/v7-m/nofp/libc_nano.a(lib_a-closer.o)
                0x0000000008001010                _close_r
 *fill*         0x0000000008001034        0x4 
 .text          0x0000000008001038     0x1034 /usr/lib/gcc/arm-none-eabi/10.3.1/../../../arm-none-eabi/lib/thumb/v7-m/nofp/libc_nano.a(lib_a-dtoa.o)
                0x0000000008001164                _dtoa_r
 .text          0x000000000800206c       0x14 /usr/lib/gcc/arm-none-eabi/10.3.1/../../../arm-none-eabi/lib/thumb/v7-m/nofp/libc_nano.a(lib_a-localeconv.o)
                0x000000000800206c                __localeconv_l
                0x0000000008002070                _localeconv_r
                0x0000000008002078                localeconv
 .text          0x0000000008002080       0x2c /usr/lib/gcc/arm-none-eabi/10.3.1/../../../arm-none-eabi/lib/thumb/v7-m/nofp/libc_nano.a(lib_a-lseekr.o)
                0x0000000008002080                _lseek_r
 .text          0x00000000080020ac       0x20 /usr/lib/gcc/arm-none-eabi/10.3.1/../../../arm-none-eabi/lib/thumb/v7-m/nofp/libc_nano.a(lib_a-malloc.o)
                0x00000000080020ac                malloc
                0x00000000080020bc                free
 .text          0x00000000080020cc       0x90 /usr/lib/gcc/arm-none-eabi/10.3.1/../../../arm-none-eabi/lib/thumb/v7-m/nofp/libc_nano.a(lib_a-memchr-stub.o)
                0x00000000080020cc                memchr
 .text          0x000000000800215c       0xec /usr/lib/gcc/arm-none-eabi/10.3.1/../../../arm-none-eabi/lib/thumb/v7-m/nofp/libc_nano.a(lib_a-memcpy.o)
                0x000000000800215c                memcpy
 .text          0x0000000008002248      0xabc /usr/lib/gcc/arm-none-eabi/10.3.1/../../../arm-none-eabi/lib/thumb/v7-m/nofp/libc_nano.a(lib_a-mprec.o)
                0x0000000008002248                _Balloc
                0x00000000080022c8                _Bfree
                0x0000000008002310                __multadd
                0x00000000080023ac                __s2b
                0x0000000008002460                __hi0bits
                0x00000000080024a0                __lo0bits
                0x00000000080024f8                __i2b
                0x0000000008002524                __multiply
                0x0000000008002680                __pow5mult
                0x0000000008002760                __lshift
                0x0000000008002848                __mcmp
                0x0000000008002888                __mdiff
                0x00000000080029d4                __ulp
                0x0000000008002a18                __b2d
                0x0000000008002ae8                __d2b
                0x0000000008002bac                __ratio
                0x0000000008002c0c                _mprec_log10
                0x0000000008002c44                __copybits
                0x0000000008002ca4                __any_on
 .text          0x0000000008002d04       0x1c /usr/lib/gcc/arm-none-eabi/10.3.1/../../../arm-none-eabi/lib/thumb/v7-m/nofp/libc_nano.a(lib_a-nano-callocr.o)
                0x0000000008002d04                _calloc_r
 .text          0x0000000008002d20       0xcc /usr/lib/gcc/arm-none-eabi/10.3.1/../../../arm-none-eabi/lib/thumb/v7-m/nofp/libc_nano.a(lib_a-nano-freer.o)
                0x0000000008002d20                _free_r
 .text          0x0000000008002dec       0xb8 /usr/lib/gcc/arm-none-eabi/10.3.1/../../../arm-none-eabi/lib/thumb/v7-m/nofp/libc_nano.a(lib_a-nano-mallocr.o)
                0x0000000008002dec                _malloc_r
 .text          0x0000000008002ea4      0x3f4 /usr/lib/gcc/arm-none-eabi/10.3.1/../../../arm-none-eabi/lib/thumb/v7-m/nofp/libc_nano.a(lib_a-nano-svfprintf.o)
                0x0000000008002ea4                __ssputs_r
                0x0000000008002f68                __ssprint_r
                0x0000000008003064                _svfprintf_r
                0x0000000008003064                _svfiprintf_r
 .text          0x0000000008003298      0x438 /usr/lib/gcc/arm-none-eabi/10.3.1/../../../arm-none-eabi/lib/thumb/v7-m/nofp/libc_nano.a(lib_a-nano-svfscanf.o)
                0x0000000008003298                _sungetc_r
                0x0000000008003318                __ssrefill_r
                0x0000000008003354                __ssvfscanf_r
                0x0000000008003354                __ssvfiscanf_r
 .text          0x00000000080036d0      0x2b4 /usr/lib/gcc/arm-none-eabi/10.3.1/../../../arm-none-eabi/lib/thumb/v7-m/nofp/libc_nano.a(lib_a-nano-vfscanf_i.o)
                0x00000000080036d0                _scanf_chars
                0x0000000008003794                _scanf_i
 .text          0x0000000008003984       0x2c /usr/lib/gcc/arm-none-eabi/10.3.1/../../../arm-none-eabi/lib/thumb/v7-m/nofp/libc_nano.a(lib_a-readr.o)
                0x0000000008003984                _read_r
 .text          0x00000000080039b0       0x24 /usr/lib/gcc/arm-none-eabi/10.3.1/../../../arm-none-eabi/lib/thumb/v7-m/nofp/libc_nano.a(lib_a-sbrkr.o)
                0x00000000080039b0                _sbrk_r
 .text          0x00000000080039d4       0x8c /usr/lib/gcc/arm-none-eabi/10.3.1/../../../arm-none-eabi/lib/thumb/v7-m/nofp/libc_nano.a(lib_a-sccl.o)
                0x00000000080039d4                __sccl
 .text          0x0000000008003a60      0x190 /usr/lib/gcc/arm-none-eabi/10.3.1/../../../arm-none-eabi/lib/thumb/v7-m/nofp/libc_nano.a(lib_a-strtol.o)
                0x0000000008003b80                _strtol_r
                0x0000000008003b98                strtol_l
                0x0000000008003bc4                strtol
 .text          0x0000000008003bf0      0x178 /usr/lib/gcc/arm-none-eabi/10.3.1/../../../arm-none-eabi/lib/thumb/v7-m/nofp/libc_nano.a(lib_a-strtoul.o)
                0x0000000008003d2c                _strtoul_r
                0x0000000008003d30                strtoul_l
                0x0000000008003d4c                strtoul
 .text          0x0000000008003d68      0x17c /usr/lib/gcc/arm-none-eabi/10.3.1/../../../arm-none-eabi/lib/thumb/v7-m/nofp/libc_nano.a(lib_a-ungetc.o)
                0x0000000008003d68                __submore
                0x0000000008003de0                _ungetc_r
                0x0000000008003ed0                ungetc
 .text          0x0000000008003ee4       0x4c /usr/lib/gcc/arm-none-eabi/10.3.1/../../../arm-none-eabi/lib/thumb/v7-m/nofp/libc_nano.a(lib_a-assert.o)
                0x0000000008003ee4                __assert_func
                0x0000000008003f24                __assert
 .text          0x0000000008003f30      0x1dc /usr/lib/gcc/arm-none-eabi/10.3.1/../../../arm-none-eabi/lib/thumb/v7-m/nofp/libc_nano.a(lib_a-fflush.o)
                0x0000000008003f30                __sflush_r
                0x0000000008004038                _fflush_r
                0x000000000800408c                fflush
 .text          0x000000000800410c      0x230 /usr/lib/gcc/arm-none-eabi/10.3.1/../../../arm-none-eabi/lib/thumb/v7-m/nofp/libc_nano.a(lib_a-findfp.o)
                0x0000000008004110                _cleanup_r
                0x0000000008004120                __sfmoreglue
                0x0000000008004150                __sfp
                0x00000000080042e8                _cleanup
                0x00000000080042fc                __sinit
                0x0000000008004304                __sfp_lock_acquire
                0x0000000008004308                __sfp_lock_release
                0x000000000800430c                __sinit_lock_acquire
                0x0000000008004310                __sinit_lock_release
                0x0000000008004314                __fp_lock_all
                0x0000000008004328                __fp_unlock_all
 .text          0x000000000800433c       0x44 /usr/lib/gcc/arm-none-eabi/10.3.1/../../../arm-none-eabi/lib/thumb/v7-m/nofp/libc_nano.a(lib_a-fprintf.o)
                0x000000000800433c                _fprintf_r
                0x000000000800433c                _fiprintf_r
                0x0000000008004358                fprintf
                0x0000000008004358                fiprintf
 .text          0x0000000008004380       0x88 /usr/lib/gcc/arm-none-eabi/10.3.1/../../../arm-none-eabi/lib/thumb/v7-m/nofp/libc_nano.a(lib_a-fwalk.o)
                0x0000000008004380                _fwalk
                0x00000000080043c0                _fwalk_reent
 .text          0x0000000008004408       0x40 /usr/lib/gcc/arm-none-eabi/10.3.1/../../../arm-none-eabi/lib/thumb/v7-m/nofp/libc_nano.a(lib_a-mbtowc_r.o)
                0x0000000008004408                _mbtowc_r
                0x000000000800441c                __ascii_mbtowc
 .text          0x0000000008004448       0xf8 /usr/lib/gcc/arm-none-eabi/10.3.1/../../../arm-none-eabi/lib/thumb/v7-m/nofp/libc_nano.a(lib_a-memmove.o)
                0x0000000008004448                memmove
 .text          0x0000000008004540        0x8 /usr/lib/gcc/arm-none-eabi/10.3.1/../../../arm-none-eabi/lib/thumb/v7-m/nofp/libc_nano.a(lib_a-mlock.o)
                0x0000000008004540                __malloc_lock
                0x0000000008004544                __malloc_unlock
 .text          0x0000000008004548       0x50 /usr/lib/gcc/arm-none-eabi/10.3.1/../../../arm-none-eabi/lib/thumb/v7-m/nofp/libc_nano.a(lib_a-nano-reallocr.o)
                0x0000000008004548                _realloc_r
 .text          0x0000000008004598      0x320 /usr/lib/gcc/arm-none-eabi/10.3.1/../../../arm-none-eabi/lib/thumb/v7-m/nofp/libc_nano.a(lib_a-nano-vfprintf.o)
                0x00000000080045c0                __sfputs_r
                0x00000000080045f0                __sprint_r
                0x000000000800460c                _vfiprintf_r
                0x000000000800460c                _vfprintf_r
                0x000000000800489c                vfiprintf
                0x000000000800489c                vfprintf
 .text          0x00000000080048b8       0xc4 /usr/lib/gcc/arm-none-eabi/10.3.1/../../../arm-none-eabi/lib/thumb/v7-m/nofp/libc_nano.a(lib_a-wbuf.o)
                0x00000000080048b8                __swbuf_r
                0x0000000008004968                __swbuf
 .text          0x000000000800497c       0x30 /usr/lib/gcc/arm-none-eabi/10.3.1/../../../arm-none-eabi/lib/thumb/v7-m/nofp/libc_nano.a(lib_a-wctomb_r.o)
                0x000000000800497c                _wctomb_r
                0x0000000008004990                __ascii_wctomb
 .text          0x00000000080049ac      0x104 /usr/lib/gcc/arm-none-eabi/10.3.1/../../../arm-none-eabi/lib/thumb/v7-m/nofp/libc_nano.a(lib_a-wsetup.o)
                0x00000000080049ac                __swsetup_r
 .text          0x0000000008004ab0       0x10 /usr/lib/gcc/arm-none-eabi/10.3.1/../../../arm-none-eabi/lib/thumb/v7-m/nofp/libc_nano.a(lib_a-abort.o)
                0x0000000008004ab0                abort
 .text          0x0000000008004ac0      0x2f0 /usr/lib/gcc/arm-none-eabi/10.3.1/../../../arm-none-eabi/lib/thumb/v7-m/nofp/libc_nano.a(lib_a-fvwrite.o)
                0x0000000008004ac0                __sfvwrite_r
 .text          0x0000000008004db0      0x11c /usr/lib/gcc/arm-none-eabi/10.3.1/../../../arm-none-eabi/lib/thumb/v7-m/nofp/libc_nano.a(lib_a-makebuf.o)
                0x0000000008004db0                __smakebuf_r
                0x0000000008004e70                __swhatbuf_r
 .text          0x0000000008004ecc       0x14 /usr/lib/gcc/arm-none-eabi/10.3.1/../../../arm-none-eabi/lib/thumb/v7-m/nofp/libc_nano.a(lib_a-nano-msizer.o)
                0x0000000008004ecc                _malloc_usable_size_r
 .text          0x0000000008004ee0      0x26c /usr/lib/gcc/arm-none-eabi/10.3.1/../../../arm-none-eabi/lib/thumb/v7-m/nofp/libc_nano.a(lib_a-signal.o)
                0x0000000008004ee0                _init_signal_r
                0x0000000008004f0c                _signal_r
                0x0000000008004f54                _raise_r
                0x0000000008004fa8                __sigtramp_r
                0x000000000800500c                raise
                0x0000000008005064                signal
                0x00000000080050b4                _init_signal
                0x00000000080050e8                __sigtramp
 .text          0x000000000800514c       0x2c /usr/lib/gcc/arm-none-eabi/10.3.1/../../../arm-none-eabi/lib/thumb/v7-m/nofp/libc_nano.a(lib_a-signalr.o)
                0x000000000800514c                _kill_r
                0x0000000008005174                _getpid_r
 .text          0x0000000008005178       0x28 /usr/lib/gcc/arm-none-eabi/10.3.1/../../../arm-none-eabi/lib/thumb/v7-m/nofp/libc_nano.a(lib_a-fstatr.o)
                0x0000000008005178                _fstat_r
 .text          0x00000000080051a0       0x24 /usr/lib/gcc/arm-none-eabi/10.3.1/../../../arm-none-eabi/lib/thumb/v7-m/nofp/libc_nano.a(lib_a-isattyr.o)
                0x00000000080051a0                _isatty_r
 .text          0x00000000080051c4       0x48 /usr/lib/gcc/arm-none-eabi/10.3.1/../../../arm-none-eabi/lib/thumb/v7-m/nofp/libm.a(lib_a-wf_sqrt.o)
                0x00000000080051c4                sqrtf
 .text          0x000000000800520c       0xb0 /usr/lib/gcc/arm-none-eabi/10.3.1/../../../arm-none-eabi/lib/thumb/v7-m/nofp/libm.a(lib_a-ef_sqrt.o)
                0x000000000800520c                __ieee754_sqrtf
 .text          0x00000000080052bc      0x378 /usr/lib/gcc/arm-none-eabi/10.3.1/thumb/v7-m/nofp/libgcc.a(_arm_addsubdf3.o)
                0x00000000080052bc                __aeabi_drsub
                0x00000000080052c4                __aeabi_dsub
                0x00000000080052c4                __subdf3
                0x00000000080052c8                __adddf3
                0x00000000080052c8                __aeabi_dadd
                0x0000000008005540                __aeabi_ui2d
                0x0000000008005540                __floatunsidf
                0x0000000008005560                __floatsidf
                0x0000000008005560                __aeabi_i2d
                0x0000000008005584                __extendsfdf2
                0x0000000008005584                __aeabi_f2d
                0x00000000080055c8                __aeabi_ul2d
                0x00000000080055c8                __floatundidf
                0x00000000080055d8                __floatdidf
                0x00000000080055d8                __aeabi_l2d
 .text          0x0000000008005634      0x424 /usr/lib/gcc/arm-none-eabi/10.3.1/thumb/v7-m/nofp/libgcc.a(_arm_muldivdf3.o)
                0x0000000008005634                __aeabi_dmul
                0x0000000008005634                __muldf3
                0x0000000008005888                __aeabi_ddiv
                0x0000000008005888                __divdf3
 .text          0x0000000008005a58      0x110 /usr/lib/gcc/arm-none-eabi/10.3.1/thumb/v7-m/nofp/libgcc.a(_arm_cmpdf2.o)
                0x0000000008005a58                __gtdf2
                0x0000000008005a58                __gedf2
                0x0000000008005a60                __ltdf2
                0x0000000008005a60                __ledf2
                0x0000000008005a68                __cmpdf2
                0x0000000008005a68                __eqdf2
                0x0000000008005a68                __nedf2
                0x0000000008005ae4                __aeabi_cdrcmple
                0x0000000008005af4                __aeabi_cdcmple
                0x0000000008005af4                __aeabi_cdcmpeq
                0x0000000008005b04                __aeabi_dcmpeq
                0x0000000008005b18                __aeabi_dcmplt
                0x0000000008005b2c                __aeabi_dcmple
                0x0000000008005b40                __aeabi_dcmpge
                0x0000000008005b54                __aeabi_dcmpgt
 .text          0x0000000008005b68       0x2c /usr/lib/gcc/arm-none-eabi/10.3.1/thumb/v7-m/nofp/libgcc.a(_arm_unorddf2.o)
                0x0000000008005b68                __aeabi_dcmpun
                0x0000000008005b68                __unorddf2
 .text          0x0000000008005b94       0x50 /usr/lib/gcc/arm-none-eabi/10.3.1/thumb/v7-m/nofp/libgcc.a(_arm_fixdfsi.o)
                0x0000000008005b94                __fixdfsi
                0x0000000008005b94                __aeabi_d2iz
 .text          0x0000000008005be4      0x21c /usr/lib/gcc/arm-none-eabi/10.3.1/thumb/v7-m/nofp/libgcc.a(_arm_addsubsf3.o)
                0x0000000008005be4                __aeabi_frsub
                0x0000000008005bec                __subsf3
                0x0000000008005bec                __aeabi_fsub
                0x0000000008005bf0                __aeabi_fadd
                0x0000000008005bf0                __addsf3
                0x0000000008005d50                __aeabi_ui2f
                0x0000000008005d50                __floatunsisf
                0x0000000008005d58                __aeabi_i2f
                0x0000000008005d58                __floatsisf
                0x0000000008005d74                __floatundisf
                0x0000000008005d74                __aeabi_ul2f
                0x0000000008005d84                __floatdisf
                0x0000000008005d84                __aeabi_l2f
 .text          0x0000000008005e00      0x2a0 /usr/lib/gcc/arm-none-eabi/10.3.1/thumb/v7-m/nofp/libgcc.a(_arm_muldivsf3.o)
                0x0000000008005e00                __mulsf3
                0x0000000008005e00                __aeabi_fmul
                0x0000000008005f68                __divsf3
                0x0000000008005f68                __aeabi_fdiv
 .text          0x00000000080060a0       0xec /usr/lib/gcc/arm-none-eabi/10.3.1/thumb/v7-m/nofp/libgcc.a(_arm_cmpsf2.o)
                0x00000000080060a0                __gtsf2
                0x00000000080060a0                __gesf2
                0x00000000080060a8                __lesf2
                0x00000000080060a8                __ltsf2
                0x00000000080060b0                __nesf2
                0x00000000080060b0                __eqsf2
                0x00000000080060b0                __cmpsf2
                0x0000000008006110                __aeabi_cfrcmple
                0x0000000008006118                __aeabi_cfcmple
                0x0000000008006118                __aeabi_cfcmpeq
                0x0000000008006128                __aeabi_fcmpeq
                0x000000000800613c                __aeabi_fcmplt
                0x0000000008006150                __aeabi_fcmple
                0x0000000008006164                __aeabi_fcmpge
                0x0000000008006178                __aeabi_fcmpgt
 .text          0x000000000800618c       0x2c /usr/lib/gcc/arm-none-eabi/10.3.1/thumb/v7-m/nofp/libgcc.a(_arm_unordsf2.o)
                0x000000000800618c                __aeabi_fcmpun
                0x000000000800618c                __unordsf2
 .text          0x00000000080061b8       0x4c /usr/lib/gcc/arm-none-eabi/10.3.1/thumb/v7-m/nofp/libgcc.a(_arm_fixsfsi.o)
                0x00000000080061b8                __fixsfsi
                0x00000000080061b8                __aeabi_f2iz
 *(.text*)
 .text.MX_GPIO_Init
                0x0000000008006204       0x74 build/main.o
 .text.MX_DMA_Init
                0x0000000008006278       0x34 build/main.o
 .text.HAL_UARTEx_RxEventCallback
                0x00000000080062ac       0x44 build/main.o
                0x00000000080062ac                HAL_UARTEx_RxEventCallback
 .text.GetTargetPosition
                0x00000000080062f0        0xc build/main.o
                0x00000000080062f0                GetTargetPosition
 .text.HAL_TIM_PeriodElapsedCallback
                0x00000000080062fc       0x30 build/main.o
                0x00000000080062fc                HAL_TIM_PeriodElapsedCallback
 .text.LogData  0x000000000800632c       0x90 build/main.o
                0x000000000800632c                LogData
 .text.Error_Handler
                0x00000000080063bc        0x4 build/main.o
                0x00000000080063bc                Error_Handler
 .text.MX_TIM1_Init
                0x00000000080063c0       0x64 build/main.o
 .text.MX_TIM2_Init
                0x0000000008006424       0x68 build/main.o
 .text.MX_TIM3_Init
                0x000000000800648c       0x7c build/main.o
 .text.MX_USART1_UART_Init
                0x0000000008006508       0x34 build/main.o
 .text.MX_I2C1_Init
                0x000000000800653c       0x38 build/main.o
 .text.MX_USART2_UART_Init
                0x0000000008006574       0x34 build/main.o
 .text.SystemClock_Config
                0x00000000080065a8       0x64 build/main.o
                0x00000000080065a8                SystemClock_Config
 .text.main     0x000000000800660c       0x70 build/main.o
                0x000000000800660c                main
 .text.LookupTargetPosition
                0x000000000800667c       0x98 build/motorController.o
                0x000000000800667c                LookupTargetPosition
 .text.Motor_Init
                0x0000000008006714       0x50 build/motorController.o
                0x0000000008006714                Motor_Init
 .text.Motor_GetCurrentPosition_mm
                0x0000000008006764       0x58 build/motorController.o
                0x0000000008006764                Motor_GetCurrentPosition_mm
 .text.SetMotorOutput
                0x00000000080067bc       0x98 build/motorController.o
                0x00000000080067bc                SetMotorOutput
 .text.Motor_ComputePID
                0x0000000008006854       0x14 build/motorController.o
                0x0000000008006854                Motor_ComputePID
 .text.UART_ProcessDMAData
                0x0000000008006868       0xb0 build/uartParser.o
                0x0000000008006868                UART_ProcessDMAData
 .text.getX     0x0000000008006918        0xc build/uartParser.o
                0x0000000008006918                getX
 .text.getY     0x0000000008006924        0xc build/uartParser.o
                0x0000000008006924                getY
 .text.PID_Init
                0x0000000008006930       0x16 build/PIDController.o
                0x0000000008006930                PID_Init
 *fill*         0x0000000008006946        0x2 
 .text.PID_Compute
                0x0000000008006948       0xb8 build/PIDController.o
                0x0000000008006948                PID_Compute
 .text.NMI_Handler
                0x0000000008006a00        0x2 build/stm32f1xx_it.o
                0x0000000008006a00                NMI_Handler
 .text.HardFault_Handler
                0x0000000008006a02        0x2 build/stm32f1xx_it.o
                0x0000000008006a02                HardFault_Handler
 .text.MemManage_Handler
                0x0000000008006a04        0x2 build/stm32f1xx_it.o
                0x0000000008006a04                MemManage_Handler
 .text.BusFault_Handler
                0x0000000008006a06        0x2 build/stm32f1xx_it.o
                0x0000000008006a06                BusFault_Handler
 .text.UsageFault_Handler
                0x0000000008006a08        0x2 build/stm32f1xx_it.o
                0x0000000008006a08                UsageFault_Handler
 .text.SVC_Handler
                0x0000000008006a0a        0x2 build/stm32f1xx_it.o
                0x0000000008006a0a                SVC_Handler
 .text.DebugMon_Handler
                0x0000000008006a0c        0x2 build/stm32f1xx_it.o
                0x0000000008006a0c                DebugMon_Handler
 .text.PendSV_Handler
                0x0000000008006a0e        0x2 build/stm32f1xx_it.o
                0x0000000008006a0e                PendSV_Handler
 .text.SysTick_Handler
                0x0000000008006a10        0x8 build/stm32f1xx_it.o
                0x0000000008006a10                SysTick_Handler
 .text.DMA1_Channel5_IRQHandler
                0x0000000008006a18       0x10 build/stm32f1xx_it.o
                0x0000000008006a18                DMA1_Channel5_IRQHandler
 .text.TIM2_IRQHandler
                0x0000000008006a28       0x10 build/stm32f1xx_it.o
                0x0000000008006a28                TIM2_IRQHandler
 .text.USART1_IRQHandler
                0x0000000008006a38       0x10 build/stm32f1xx_it.o
                0x0000000008006a38                USART1_IRQHandler
 .text.HAL_MspInit
                0x0000000008006a48       0x44 build/stm32f1xx_hal_msp.o
                0x0000000008006a48                HAL_MspInit
 .text.HAL_I2C_MspInit
                0x0000000008006a8c       0x78 build/stm32f1xx_hal_msp.o
                0x0000000008006a8c                HAL_I2C_MspInit
 .text.HAL_TIM_Encoder_MspInit
                0x0000000008006b04       0x5c build/stm32f1xx_hal_msp.o
                0x0000000008006b04                HAL_TIM_Encoder_MspInit
 .text.HAL_TIM_Base_MspInit
                0x0000000008006b60       0x3a build/stm32f1xx_hal_msp.o
                0x0000000008006b60                HAL_TIM_Base_MspInit
 *fill*         0x0000000008006b9a        0x2 
 .text.HAL_TIM_PWM_MspInit
                0x0000000008006b9c       0x2c build/stm32f1xx_hal_msp.o
                0x0000000008006b9c                HAL_TIM_PWM_MspInit
 .text.HAL_TIM_MspPostInit
                0x0000000008006bc8       0x50 build/stm32f1xx_hal_msp.o
                0x0000000008006bc8                HAL_TIM_MspPostInit
 .text.HAL_UART_MspInit
                0x0000000008006c18      0x128 build/stm32f1xx_hal_msp.o
                0x0000000008006c18                HAL_UART_MspInit
 .text.TIM_OC1_SetConfig
                0x0000000008006d40       0x5c build/stm32f1xx_hal_tim.o
 .text.TIM_OC3_SetConfig
                0x0000000008006d9c       0x64 build/stm32f1xx_hal_tim.o
 .text.TIM_OC4_SetConfig
                0x0000000008006e00       0x48 build/stm32f1xx_hal_tim.o
 .text.TIM_TI1_ConfigInputStage
                0x0000000008006e48       0x24 build/stm32f1xx_hal_tim.o
 .text.TIM_TI2_ConfigInputStage
                0x0000000008006e6c       0x26 build/stm32f1xx_hal_tim.o
 .text.TIM_ITRx_SetConfig
                0x0000000008006e92       0x10 build/stm32f1xx_hal_tim.o
 *fill*         0x0000000008006ea2        0x2 
 .text.HAL_TIM_Base_Start_IT
                0x0000000008006ea4       0x68 build/stm32f1xx_hal_tim.o
                0x0000000008006ea4                HAL_TIM_Base_Start_IT
 .text.HAL_TIM_OC_DelayElapsedCallback
                0x0000000008006f0c        0x2 build/stm32f1xx_hal_tim.o
                0x0000000008006f0c                HAL_TIM_OC_DelayElapsedCallback
 .text.HAL_TIM_IC_CaptureCallback
                0x0000000008006f0e        0x2 build/stm32f1xx_hal_tim.o
                0x0000000008006f0e                HAL_TIM_IC_CaptureCallback
 .text.HAL_TIM_PWM_PulseFinishedCallback
                0x0000000008006f10        0x2 build/stm32f1xx_hal_tim.o
                0x0000000008006f10                HAL_TIM_PWM_PulseFinishedCallback
 .text.HAL_TIM_TriggerCallback
                0x0000000008006f12        0x2 build/stm32f1xx_hal_tim.o
                0x0000000008006f12                HAL_TIM_TriggerCallback
 .text.HAL_TIM_IRQHandler
                0x0000000008006f14      0x15e build/stm32f1xx_hal_tim.o
                0x0000000008006f14                HAL_TIM_IRQHandler
 *fill*         0x0000000008007072        0x2 
 .text.TIM_Base_SetConfig
                0x0000000008007074       0x84 build/stm32f1xx_hal_tim.o
                0x0000000008007074                TIM_Base_SetConfig
 .text.HAL_TIM_Base_Init
                0x00000000080070f8       0x58 build/stm32f1xx_hal_tim.o
                0x00000000080070f8                HAL_TIM_Base_Init
 .text.HAL_TIM_PWM_Init
                0x0000000008007150       0x58 build/stm32f1xx_hal_tim.o
                0x0000000008007150                HAL_TIM_PWM_Init
 .text.HAL_TIM_Encoder_Init
                0x00000000080071a8       0xb8 build/stm32f1xx_hal_tim.o
                0x00000000080071a8                HAL_TIM_Encoder_Init
 .text.TIM_OC2_SetConfig
                0x0000000008007260       0x64 build/stm32f1xx_hal_tim.o
                0x0000000008007260                TIM_OC2_SetConfig
 .text.HAL_TIM_PWM_ConfigChannel
                0x00000000080072c4       0xdc build/stm32f1xx_hal_tim.o
                0x00000000080072c4                HAL_TIM_PWM_ConfigChannel
 .text.TIM_ETR_SetConfig
                0x00000000080073a0       0x18 build/stm32f1xx_hal_tim.o
                0x00000000080073a0                TIM_ETR_SetConfig
 .text.HAL_TIM_ConfigClockSource
                0x00000000080073b8       0xfe build/stm32f1xx_hal_tim.o
                0x00000000080073b8                HAL_TIM_ConfigClockSource
 .text.TIM_CCxChannelCmd
                0x00000000080074b6       0x1e build/stm32f1xx_hal_tim.o
                0x00000000080074b6                TIM_CCxChannelCmd
 .text.HAL_TIM_PWM_Start
                0x00000000080074d4       0xdc build/stm32f1xx_hal_tim.o
                0x00000000080074d4                HAL_TIM_PWM_Start
 .text.HAL_TIM_Encoder_Start
                0x00000000080075b0       0xcc build/stm32f1xx_hal_tim.o
                0x00000000080075b0                HAL_TIM_Encoder_Start
 .text.HAL_TIMEx_MasterConfigSynchronization
                0x000000000800767c       0x6c build/stm32f1xx_hal_tim_ex.o
                0x000000000800767c                HAL_TIMEx_MasterConfigSynchronization
 .text.HAL_TIMEx_CommutCallback
                0x00000000080076e8        0x2 build/stm32f1xx_hal_tim_ex.o
                0x00000000080076e8                HAL_TIMEx_CommutCallback
 .text.HAL_TIMEx_BreakCallback
                0x00000000080076ea        0x2 build/stm32f1xx_hal_tim_ex.o
                0x00000000080076ea                HAL_TIMEx_BreakCallback
 .text.HAL_InitTick
                0x00000000080076ec       0x4c build/stm32f1xx_hal.o
                0x00000000080076ec                HAL_InitTick
 .text.HAL_Init
                0x0000000008007738       0x24 build/stm32f1xx_hal.o
                0x0000000008007738                HAL_Init
 .text.HAL_IncTick
                0x000000000800775c       0x18 build/stm32f1xx_hal.o
                0x000000000800775c                HAL_IncTick
 .text.HAL_GetTick
                0x0000000008007774        0xc build/stm32f1xx_hal.o
                0x0000000008007774                HAL_GetTick
 .text.HAL_Delay
                0x0000000008007780       0x28 build/stm32f1xx_hal.o
                0x0000000008007780                HAL_Delay
 .text.RCC_Delay
                0x00000000080077a8       0x2c build/stm32f1xx_hal_rcc.o
 .text.HAL_RCC_OscConfig
                0x00000000080077d4      0x410 build/stm32f1xx_hal_rcc.o
                0x00000000080077d4                HAL_RCC_OscConfig
 .text.HAL_RCC_GetSysClockFreq
                0x0000000008007be4       0x54 build/stm32f1xx_hal_rcc.o
                0x0000000008007be4                HAL_RCC_GetSysClockFreq
 .text.HAL_RCC_ClockConfig
                0x0000000008007c38      0x16c build/stm32f1xx_hal_rcc.o
                0x0000000008007c38                HAL_RCC_ClockConfig
 .text.HAL_RCC_GetHCLKFreq
                0x0000000008007da4        0xc build/stm32f1xx_hal_rcc.o
                0x0000000008007da4                HAL_RCC_GetHCLKFreq
 .text.HAL_RCC_GetPCLK1Freq
                0x0000000008007db0       0x20 build/stm32f1xx_hal_rcc.o
                0x0000000008007db0                HAL_RCC_GetPCLK1Freq
 .text.HAL_RCC_GetPCLK2Freq
                0x0000000008007dd0       0x20 build/stm32f1xx_hal_rcc.o
                0x0000000008007dd0                HAL_RCC_GetPCLK2Freq
 .text.HAL_GPIO_Init
                0x0000000008007df0      0x224 build/stm32f1xx_hal_gpio.o
                0x0000000008007df0                HAL_GPIO_Init
 .text.HAL_GPIO_WritePin
                0x0000000008008014        0xc build/stm32f1xx_hal_gpio.o
                0x0000000008008014                HAL_GPIO_WritePin
 .text.DMA_SetConfig
                0x0000000008008020       0x2c build/stm32f1xx_hal_dma.o
 .text.HAL_DMA_Init
                0x000000000800804c       0x6c build/stm32f1xx_hal_dma.o
                0x000000000800804c                HAL_DMA_Init
 .text.HAL_DMA_Start_IT
                0x00000000080080b8       0x76 build/stm32f1xx_hal_dma.o
                0x00000000080080b8                HAL_DMA_Start_IT
 .text.HAL_DMA_Abort
                0x000000000800812e       0x46 build/stm32f1xx_hal_dma.o
                0x000000000800812e                HAL_DMA_Abort
 .text.HAL_DMA_Abort_IT
                0x0000000008008174       0x98 build/stm32f1xx_hal_dma.o
                0x0000000008008174                HAL_DMA_Abort_IT
 .text.HAL_DMA_IRQHandler
                0x000000000800820c      0x144 build/stm32f1xx_hal_dma.o
                0x000000000800820c                HAL_DMA_IRQHandler
 .text.HAL_NVIC_SetPriorityGrouping
                0x0000000008008350       0x24 build/stm32f1xx_hal_cortex.o
                0x0000000008008350                HAL_NVIC_SetPriorityGrouping
 .text.HAL_NVIC_SetPriority
                0x0000000008008374       0x70 build/stm32f1xx_hal_cortex.o
                0x0000000008008374                HAL_NVIC_SetPriority
 .text.HAL_NVIC_EnableIRQ
                0x00000000080083e4       0x1c build/stm32f1xx_hal_cortex.o
                0x00000000080083e4                HAL_NVIC_EnableIRQ
 .text.HAL_SYSTICK_Config
                0x0000000008008400       0x28 build/stm32f1xx_hal_cortex.o
                0x0000000008008400                HAL_SYSTICK_Config
 .text.SystemInit
                0x0000000008008428        0x2 build/system_stm32f1xx.o
                0x0000000008008428                SystemInit
 *fill*         0x000000000800842a        0x2 
 .text._sbrk    0x000000000800842c       0x48 build/sysmem.o
                0x000000000800842c                _sbrk
 .text._getpid  0x0000000008008474        0x4 build/syscalls.o
                0x0000000008008474                _getpid
 .text._kill    0x0000000008008478       0x10 build/syscalls.o
                0x0000000008008478                _kill
 .text._exit    0x0000000008008488        0xc build/syscalls.o
                0x0000000008008488                _exit
 .text._read    0x0000000008008494       0x20 build/syscalls.o
                0x0000000008008494                _read
 .text._write   0x00000000080084b4       0x1c build/syscalls.o
                0x00000000080084b4                _write
 .text._close   0x00000000080084d0        0x6 build/syscalls.o
                0x00000000080084d0                _close
 .text._fstat   0x00000000080084d6        0xa build/syscalls.o
                0x00000000080084d6                _fstat
 .text._isatty  0x00000000080084e0        0x4 build/syscalls.o
                0x00000000080084e0                _isatty
 .text._lseek   0x00000000080084e4        0x4 build/syscalls.o
                0x00000000080084e4                _lseek
 .text.HAL_I2C_Init
                0x00000000080084e8      0x1bc build/stm32f1xx_hal_i2c.o
                0x00000000080084e8                HAL_I2C_Init
 .text.UART_EndTxTransfer
                0x00000000080086a4       0x20 build/stm32f1xx_hal_uart.o
 .text.UART_EndRxTransfer
                0x00000000080086c4       0x5c build/stm32f1xx_hal_uart.o
 .text.UART_Transmit_IT
                0x0000000008008720       0x60 build/stm32f1xx_hal_uart.o
 .text.UART_SetConfig
                0x0000000008008780       0x94 build/stm32f1xx_hal_uart.o
 .text.UART_WaitOnFlagUntilTimeout
                0x0000000008008814       0x8a build/stm32f1xx_hal_uart.o
 .text.HAL_UART_Init
                0x000000000800889e       0x60 build/stm32f1xx_hal_uart.o
                0x000000000800889e                HAL_UART_Init
 .text.HAL_UART_Transmit
                0x00000000080088fe       0xcc build/stm32f1xx_hal_uart.o
                0x00000000080088fe                HAL_UART_Transmit
 .text.HAL_UART_TxCpltCallback
                0x00000000080089ca        0x2 build/stm32f1xx_hal_uart.o
                0x00000000080089ca                HAL_UART_TxCpltCallback
 .text.UART_EndTransmit_IT
                0x00000000080089cc       0x1a build/stm32f1xx_hal_uart.o
 .text.HAL_UART_RxCpltCallback
                0x00000000080089e6        0x2 build/stm32f1xx_hal_uart.o
                0x00000000080089e6                HAL_UART_RxCpltCallback
 .text.HAL_UART_RxHalfCpltCallback
                0x00000000080089e8        0x2 build/stm32f1xx_hal_uart.o
                0x00000000080089e8                HAL_UART_RxHalfCpltCallback
 .text.HAL_UART_ErrorCallback
                0x00000000080089ea        0x2 build/stm32f1xx_hal_uart.o
                0x00000000080089ea                HAL_UART_ErrorCallback
 .text.UART_DMAError
                0x00000000080089ec       0x58 build/stm32f1xx_hal_uart.o
 .text.UART_DMAAbortOnError
                0x0000000008008a44       0x10 build/stm32f1xx_hal_uart.o
 .text.UART_Receive_IT
                0x0000000008008a54       0xe6 build/stm32f1xx_hal_uart.o
 *fill*         0x0000000008008b3a        0x2 
 .text.HAL_UART_IRQHandler
                0x0000000008008b3c      0x288 build/stm32f1xx_hal_uart.o
                0x0000000008008b3c                HAL_UART_IRQHandler
 .text.UART_DMARxHalfCplt
                0x0000000008008dc4       0x1e build/stm32f1xx_hal_uart.o
 .text.UART_DMAReceiveCplt
                0x0000000008008de2       0x9a build/stm32f1xx_hal_uart.o
 .text.UART_Start_Receive_DMA
                0x0000000008008e7c       0xa4 build/stm32f1xx_hal_uart.o
                0x0000000008008e7c                UART_Start_Receive_DMA
 .text.HAL_UART_Receive_DMA
                0x0000000008008f20       0x26 build/stm32f1xx_hal_uart.o
                0x0000000008008f20                HAL_UART_Receive_DMA
 *fill*         0x0000000008008f46        0x2 
 .text.Reset_Handler
                0x0000000008008f48       0x48 build/startup_stm32f103xb.o
                0x0000000008008f48                Reset_Handler
 .text.Default_Handler
                0x0000000008008f90        0x2 build/startup_stm32f103xb.o
                0x0000000008008f90                RTC_Alarm_IRQHandler
                0x0000000008008f90                EXTI2_IRQHandler
                0x0000000008008f90                TIM1_CC_IRQHandler
                0x0000000008008f90                PVD_IRQHandler
                0x0000000008008f90                EXTI3_IRQHandler
                0x0000000008008f90                EXTI0_IRQHandler
                0x0000000008008f90                I2C2_EV_IRQHandler
                0x0000000008008f90                ADC1_2_IRQHandler
                0x0000000008008f90                SPI1_IRQHandler
                0x0000000008008f90                TAMPER_IRQHandler
                0x0000000008008f90                DMA1_Channel4_IRQHandler
                0x0000000008008f90                USART3_IRQHandler
                0x0000000008008f90                RTC_IRQHandler
                0x0000000008008f90                DMA1_Channel7_IRQHandler
                0x0000000008008f90                CAN1_RX1_IRQHandler
                0x0000000008008f90                TIM4_IRQHandler
                0x0000000008008f90                I2C1_EV_IRQHandler
                0x0000000008008f90                DMA1_Channel6_IRQHandler
                0x0000000008008f90                TIM3_IRQHandler
                0x0000000008008f90                RCC_IRQHandler
                0x0000000008008f90                TIM1_TRG_COM_IRQHandler
                0x0000000008008f90                DMA1_Channel1_IRQHandler
                0x0000000008008f90                Default_Handler
                0x0000000008008f90                EXTI15_10_IRQHandler
                0x0000000008008f90                EXTI9_5_IRQHandler
                0x0000000008008f90                SPI2_IRQHandler
                0x0000000008008f90                EXTI4_IRQHandler
                0x0000000008008f90                USB_LP_CAN1_RX0_IRQHandler
                0x0000000008008f90                USB_HP_CAN1_TX_IRQHandler
                0x0000000008008f90                DMA1_Channel3_IRQHandler
                0x0000000008008f90                TIM1_UP_IRQHandler
                0x0000000008008f90                WWDG_IRQHandler
                0x0000000008008f90                TIM1_BRK_IRQHandler
                0x0000000008008f90                EXTI1_IRQHandler
                0x0000000008008f90                USART2_IRQHandler
                0x0000000008008f90                I2C2_ER_IRQHandler
                0x0000000008008f90                DMA1_Channel2_IRQHandler
                0x0000000008008f90                CAN1_SCE_IRQHandler
                0x0000000008008f90                FLASH_IRQHandler
                0x0000000008008f90                I2C1_ER_IRQHandler
                0x0000000008008f90                USBWakeUp_IRQHandler
 *(.glue_7)
 .glue_7        0x0000000008008f92        0x0 linker stubs
 *(.glue_7t)
 .glue_7t       0x0000000008008f92        0x0 linker stubs
 *(.eh_frame)
 *fill*         0x0000000008008f92        0x2 
 .eh_frame      0x0000000008008f94        0x0 /usr/lib/gcc/arm-none-eabi/10.3.1/thumb/v7-m/nofp/crtbegin.o
 *(.init)
 .init          0x0000000008008f94        0x4 /usr/lib/gcc/arm-none-eabi/10.3.1/thumb/v7-m/nofp/crti.o
                0x0000000008008f94                _init
 .init          0x0000000008008f98        0x8 /usr/lib/gcc/arm-none-eabi/10.3.1/thumb/v7-m/nofp/crtn.o
 *(.fini)
 .fini          0x0000000008008fa0        0x4 /usr/lib/gcc/arm-none-eabi/10.3.1/thumb/v7-m/nofp/crti.o
                0x0000000008008fa0                _fini
 .fini          0x0000000008008fa4        0x8 /usr/lib/gcc/arm-none-eabi/10.3.1/thumb/v7-m/nofp/crtn.o
                0x0000000008008fac                . = ALIGN (0x4)
                0x0000000008008fac                _etext = .

.vfp11_veneer   0x0000000008008fac        0x0
 .vfp11_veneer  0x0000000008008fac        0x0 linker stubs

.v4_bx          0x0000000008008fac        0x0
 .v4_bx         0x0000000008008fac        0x0 linker stubs

.iplt           0x0000000008008fac        0x0
 .iplt          0x0000000008008fac        0x0 /usr/lib/gcc/arm-none-eabi/10.3.1/thumb/v7-m/nofp/crtbegin.o

.rodata         0x0000000008008fb0      0x4c0
                0x0000000008008fb0                . = ALIGN (0x4)
 *(.rodata)
 .rodata        0x0000000008008fb0        0x4 /usr/lib/gcc/arm-none-eabi/10.3.1/../../../arm-none-eabi/lib/thumb/v7-m/nofp/libc_nano.a(lib_a-impure.o)
                0x0000000008008fb0                _global_impure_ptr
 *fill*         0x0000000008008fb4        0x4 
 .rodata        0x0000000008008fb8      0x128 /usr/lib/gcc/arm-none-eabi/10.3.1/../../../arm-none-eabi/lib/thumb/v7-m/nofp/libc_nano.a(lib_a-mprec.o)
                0x0000000008008fc8                __mprec_tens
                0x0000000008009090                __mprec_tinytens
                0x00000000080090b8                __mprec_bigtens
 .rodata        0x00000000080090e0        0xc /usr/lib/gcc/arm-none-eabi/10.3.1/../../../arm-none-eabi/lib/thumb/v7-m/nofp/libc_nano.a(lib_a-nano-vfscanf_i.o)
 .rodata        0x00000000080090ec      0x101 /usr/lib/gcc/arm-none-eabi/10.3.1/../../../arm-none-eabi/lib/thumb/v7-m/nofp/libc_nano.a(lib_a-ctype_.o)
                0x00000000080090ec                _ctype_
 *fill*         0x00000000080091ed        0x3 
 .rodata        0x00000000080091f0       0x60 /usr/lib/gcc/arm-none-eabi/10.3.1/../../../arm-none-eabi/lib/thumb/v7-m/nofp/libc_nano.a(lib_a-findfp.o)
                0x00000000080091f0                __sf_fake_stderr
                0x0000000008009210                __sf_fake_stdout
                0x0000000008009230                __sf_fake_stdin
 *(.rodata*)
 .rodata.LogData.str1.4
                0x0000000008009250       0x49 build/main.o
 *fill*         0x0000000008009299        0x3 
 .rodata.position_table
                0x000000000800929c       0x3c build/motorController.o
 .rodata.UART_ProcessDMAData.str1.4
                0x00000000080092d8        0x7 build/uartParser.o
 *fill*         0x00000000080092df        0x1 
 .rodata.aPLLMULFactorTable.1
                0x00000000080092e0       0x10 build/stm32f1xx_hal_rcc.o
 .rodata.aPredivFactorTable.0
                0x00000000080092f0        0x2 build/stm32f1xx_hal_rcc.o
 *fill*         0x00000000080092f2        0x2 
 .rodata.AHBPrescTable
                0x00000000080092f4       0x10 build/system_stm32f1xx.o
                0x00000000080092f4                AHBPrescTable
 .rodata.APBPrescTable
                0x0000000008009304        0x8 build/system_stm32f1xx.o
                0x0000000008009304                APBPrescTable
 .rodata.str1.4
                0x000000000800930c       0x12 /usr/lib/gcc/arm-none-eabi/10.3.1/../../../arm-none-eabi/lib/thumb/v7-m/nofp/libc_nano.a(lib_a-nano-vfprintf_float.o)
 *fill*         0x000000000800931e        0x2 
 .rodata.str1.4
                0x0000000008009320       0x25 /usr/lib/gcc/arm-none-eabi/10.3.1/../../../arm-none-eabi/lib/thumb/v7-m/nofp/libc_nano.a(lib_a-nano-vfprintf_i.o)
 *fill*         0x0000000008009345        0x3 
 .rodata.str1.4
                0x0000000008009348       0x6d /usr/lib/gcc/arm-none-eabi/10.3.1/../../../arm-none-eabi/lib/thumb/v7-m/nofp/libc_nano.a(lib_a-dtoa.o)
                                         0x71 (size before relaxing)
 *fill*         0x00000000080093b5        0x3 
 .rodata.str1.4
                0x00000000080093b8       0x33 /usr/lib/gcc/arm-none-eabi/10.3.1/../../../arm-none-eabi/lib/thumb/v7-m/nofp/libc_nano.a(lib_a-mprec.o)
                                         0x5d (size before relaxing)
 *fill*         0x00000000080093eb        0x1 
 .rodata.str1.4
                0x00000000080093ec       0x13 /usr/lib/gcc/arm-none-eabi/10.3.1/../../../arm-none-eabi/lib/thumb/v7-m/nofp/libc_nano.a(lib_a-nano-svfprintf.o)
 .rodata.str1.4
                0x00000000080093ff        0x4 /usr/lib/gcc/arm-none-eabi/10.3.1/../../../arm-none-eabi/lib/thumb/v7-m/nofp/libc_nano.a(lib_a-nano-svfscanf.o)
 *fill*         0x00000000080093ff        0x1 
 .rodata.str1.4
                0x0000000008009400       0x1e /usr/lib/gcc/arm-none-eabi/10.3.1/../../../arm-none-eabi/lib/thumb/v7-m/nofp/libc_nano.a(lib_a-nano-vfscanf_i.o)
 *fill*         0x000000000800941e        0x2 
 .rodata.str1.4
                0x0000000008009420       0x3f /usr/lib/gcc/arm-none-eabi/10.3.1/../../../arm-none-eabi/lib/thumb/v7-m/nofp/libc_nano.a(lib_a-assert.o)
                                         0x43 (size before relaxing)
 *fill*         0x000000000800945f        0x1 
 .rodata.str1.4
                0x0000000008009460        0xe /usr/lib/gcc/arm-none-eabi/10.3.1/../../../arm-none-eabi/lib/thumb/v7-m/nofp/libc_nano.a(lib_a-locale.o)
                                         0x12 (size before relaxing)
 .rodata.str1.4
                0x000000000800946e       0x13 /usr/lib/gcc/arm-none-eabi/10.3.1/../../../arm-none-eabi/lib/thumb/v7-m/nofp/libc_nano.a(lib_a-nano-vfprintf.o)
                0x0000000008009484                . = ALIGN (0x4)
 *fill*         0x000000000800946e        0x2 

.rel.dyn        0x0000000008009470        0x0
 .rel.iplt      0x0000000008009470        0x0 /usr/lib/gcc/arm-none-eabi/10.3.1/thumb/v7-m/nofp/crtbegin.o

.ARM.extab
 *(.ARM.extab* .gnu.linkonce.armextab.*)

.ARM            0x0000000008009470        0x0
                0x0000000008009470                __exidx_start = .
 *(.ARM.exidx*)
                0x0000000008009470                __exidx_end = .

.preinit_array  0x0000000008009470        0x0
                0x0000000008009470                PROVIDE (__preinit_array_start = .)
 *(.preinit_array*)
                0x0000000008009470                PROVIDE (__preinit_array_end = .)

.init_array     0x0000000008009470        0x4
                0x0000000008009470                PROVIDE (__init_array_start = .)
 *(SORT_BY_NAME(.init_array.*))
 *(.init_array*)
 .init_array    0x0000000008009470        0x4 /usr/lib/gcc/arm-none-eabi/10.3.1/thumb/v7-m/nofp/crtbegin.o
                0x0000000008009474                PROVIDE (__init_array_end = .)

.fini_array     0x0000000008009474        0x4
                0x0000000008009474                PROVIDE (__fini_array_start = .)
 *(SORT_BY_NAME(.fini_array.*))
 *(.fini_array*)
 .fini_array    0x0000000008009474        0x4 /usr/lib/gcc/arm-none-eabi/10.3.1/thumb/v7-m/nofp/crtbegin.o
                0x0000000008009478                PROVIDE (__fini_array_end = .)
                0x0000000008009478                _sidata = LOADADDR (.data)

.data           0x0000000020000000      0x1e4 load address 0x0000000008009478
                0x0000000020000000                . = ALIGN (0x4)
                0x0000000020000000                _sdata = .
 *(.data)
 .data          0x0000000020000000       0x64 /usr/lib/gcc/arm-none-eabi/10.3.1/../../../arm-none-eabi/lib/thumb/v7-m/nofp/libc_nano.a(lib_a-impure.o)
                0x0000000020000000                _impure_ptr
 .data          0x0000000020000064      0x16c /usr/lib/gcc/arm-none-eabi/10.3.1/../../../arm-none-eabi/lib/thumb/v7-m/nofp/libc_nano.a(lib_a-locale.o)
                0x0000000020000064                __global_locale
 .data          0x00000000200001d0        0x1 /usr/lib/gcc/arm-none-eabi/10.3.1/../../../arm-none-eabi/lib/thumb/v7-m/nofp/libm.a(lib_a-s_lib_ver.o)
                0x00000000200001d0                __fdlib_version
 *(.data*)
 *fill*         0x00000000200001d1        0x3 
 .data.current_position
                0x00000000200001d4        0x4 build/main.o
                0x00000000200001d4                current_position
 .data.uwTickFreq
                0x00000000200001d8        0x1 build/stm32f1xx_hal.o
                0x00000000200001d8                uwTickFreq
 *fill*         0x00000000200001d9        0x3 
 .data.uwTickPrio
                0x00000000200001dc        0x4 build/stm32f1xx_hal.o
                0x00000000200001dc                uwTickPrio
 .data.SystemCoreClock
                0x00000000200001e0        0x4 build/system_stm32f1xx.o
                0x00000000200001e0                SystemCoreClock
                0x00000000200001e4                . = ALIGN (0x4)
                0x00000000200001e4                _edata = .

.tm_clone_table
                0x00000000200001e4        0x0 load address 0x000000000800965c
 .tm_clone_table
                0x00000000200001e4        0x0 /usr/lib/gcc/arm-none-eabi/10.3.1/thumb/v7-m/nofp/crtbegin.o
 .tm_clone_table
                0x00000000200001e4        0x0 /usr/lib/gcc/arm-none-eabi/10.3.1/thumb/v7-m/nofp/crtend.o

.igot.plt       0x00000000200001e4        0x0 load address 0x000000000800965c
 .igot.plt      0x00000000200001e4        0x0 /usr/lib/gcc/arm-none-eabi/10.3.1/thumb/v7-m/nofp/crtbegin.o
                0x00000000200001e4                . = ALIGN (0x4)

.bss            0x00000000200001e4      0x330 load address 0x000000000800965c
                0x00000000200001e4                _sbss = .
                0x00000000200001e4                __bss_start__ = _sbss
 *(.bss)
 .bss           0x00000000200001e4       0x1c /usr/lib/gcc/arm-none-eabi/10.3.1/thumb/v7-m/nofp/crtbegin.o
 .bss           0x0000000020000200        0x8 /usr/lib/gcc/arm-none-eabi/10.3.1/../../../arm-none-eabi/lib/thumb/v7-m/nofp/libc_nano.a(lib_a-nano-mallocr.o)
                0x0000000020000200                __malloc_free_list
                0x0000000020000204                __malloc_sbrk_start
 .bss           0x0000000020000208        0x4 /usr/lib/gcc/arm-none-eabi/10.3.1/../../../arm-none-eabi/lib/thumb/v7-m/nofp/libc_nano.a(lib_a-reent.o)
                0x0000000020000208                errno
 *(.bss*)
 .bss.hdma_usart1_rx
                0x000000002000020c       0x44 build/main.o
                0x000000002000020c                hdma_usart1_rx
 .bss.hi2c1     0x0000000020000250       0x54 build/main.o
                0x0000000020000250                hi2c1
 .bss.htim1     0x00000000200002a4       0x48 build/main.o
                0x00000000200002a4                htim1
 .bss.htim2     0x00000000200002ec       0x48 build/main.o
                0x00000000200002ec                htim2
 .bss.htim3     0x0000000020000334       0x48 build/main.o
                0x0000000020000334                htim3
 .bss.huart1    0x000000002000037c       0x48 build/main.o
                0x000000002000037c                huart1
 .bss.huart2    0x00000000200003c4       0x48 build/main.o
                0x00000000200003c4                huart2
 .bss.target_position
                0x000000002000040c        0x4 build/main.o
                0x000000002000040c                target_position
 .bss.uart_dma_buffer
                0x0000000020000410       0x80 build/main.o
                0x0000000020000410                uart_dma_buffer
 .bss.motor     0x0000000020000490       0x10 build/motorController.o
                0x0000000020000490                motor
 .bss.pid       0x00000000200004a0       0x20 build/motorController.o
 .bss.last_index
                0x00000000200004c0        0x2 build/uartParser.o
 .bss.line_len.0
                0x00000000200004c2        0x2 build/uartParser.o
 .bss.temp_line_buffer
                0x00000000200004c4       0x40 build/uartParser.o
 .bss.x_value   0x0000000020000504        0x4 build/uartParser.o
 .bss.y_value   0x0000000020000508        0x4 build/uartParser.o
 .bss.uwTick    0x000000002000050c        0x4 build/stm32f1xx_hal.o
                0x000000002000050c                uwTick
 .bss.__sbrk_heap_end
                0x0000000020000510        0x4 build/sysmem.o
 *(COMMON)
                0x0000000020000514                . = ALIGN (0x4)
                0x0000000020000514                _ebss = .
                0x0000000020000514                __bss_end__ = _ebss

._user_heap_stack
                0x0000000020000514      0x604 load address 0x000000000800965c
                0x0000000020000518                . = ALIGN (0x8)
 *fill*         0x0000000020000514        0x4 
                [!provide]                        PROVIDE (end = .)
                0x0000000020000518                PROVIDE (_end = .)
                0x0000000020000718                . = (. + _Min_Heap_Size)
 *fill*         0x0000000020000518      0x200 
                0x0000000020000b18                . = (. + _Min_Stack_Size)
 *fill*         0x0000000020000718      0x400 
                0x0000000020000b18                . = ALIGN (0x8)

/DISCARD/
 libc.a(*)
 libm.a(*)
 libgcc.a(*)

.ARM.attributes
                0x0000000000000000       0x29
 *(.ARM.attributes)
 .ARM.attributes
                0x0000000000000000       0x1d /usr/lib/gcc/arm-none-eabi/10.3.1/thumb/v7-m/nofp/crti.o
 .ARM.attributes
                0x000000000000001d       0x2d /usr/lib/gcc/arm-none-eabi/10.3.1/thumb/v7-m/nofp/crtbegin.o
 .ARM.attributes
                0x000000000000004a       0x2d build/main.o
 .ARM.attributes
                0x0000000000000077       0x2d build/motorController.o
 .ARM.attributes
                0x00000000000000a4       0x2d build/uartParser.o
 .ARM.attributes
                0x00000000000000d1       0x2d build/PIDController.o
 .ARM.attributes
                0x00000000000000fe       0x2d build/stm32f1xx_it.o
 .ARM.attributes
                0x000000000000012b       0x2d build/stm32f1xx_hal_msp.o
 .ARM.attributes
                0x0000000000000158       0x2d build/stm32f1xx_hal_tim.o
 .ARM.attributes
                0x0000000000000185       0x2d build/stm32f1xx_hal_tim_ex.o
 .ARM.attributes
                0x00000000000001b2       0x2d build/stm32f1xx_hal.o
 .ARM.attributes
                0x00000000000001df       0x2d build/stm32f1xx_hal_rcc.o
 .ARM.attributes
                0x000000000000020c       0x2d build/stm32f1xx_hal_gpio.o
 .ARM.attributes
                0x0000000000000239       0x2d build/stm32f1xx_hal_dma.o
 .ARM.attributes
                0x0000000000000266       0x2d build/stm32f1xx_hal_cortex.o
 .ARM.attributes
                0x0000000000000293       0x2d build/system_stm32f1xx.o
 .ARM.attributes
                0x00000000000002c0       0x2d build/sysmem.o
 .ARM.attributes
                0x00000000000002ed       0x2d build/syscalls.o
 .ARM.attributes
                0x000000000000031a       0x2d build/stm32f1xx_hal_i2c.o
 .ARM.attributes
                0x0000000000000347       0x2d build/stm32f1xx_hal_uart.o
 .ARM.attributes
                0x0000000000000374       0x21 build/startup_stm32f103xb.o
 .ARM.attributes
                0x0000000000000395       0x2d /usr/lib/gcc/arm-none-eabi/10.3.1/../../../arm-none-eabi/lib/thumb/v7-m/nofp/libc_nano.a(lib_a-errno.o)
 .ARM.attributes
                0x00000000000003c2       0x2d /usr/lib/gcc/arm-none-eabi/10.3.1/../../../arm-none-eabi/lib/thumb/v7-m/nofp/libc_nano.a(lib_a-impure.o)
 .ARM.attributes
                0x00000000000003ef       0x2d /usr/lib/gcc/arm-none-eabi/10.3.1/../../../arm-none-eabi/lib/thumb/v7-m/nofp/libc_nano.a(lib_a-init.o)
 .ARM.attributes
                0x000000000000041c       0x2d /usr/lib/gcc/arm-none-eabi/10.3.1/../../../arm-none-eabi/lib/thumb/v7-m/nofp/libc_nano.a(lib_a-memset.o)
 .ARM.attributes
                0x0000000000000449       0x2d /usr/lib/gcc/arm-none-eabi/10.3.1/../../../arm-none-eabi/lib/thumb/v7-m/nofp/libc_nano.a(lib_a-nano-vfprintf_float.o)
 .ARM.attributes
                0x0000000000000476       0x2d /usr/lib/gcc/arm-none-eabi/10.3.1/../../../arm-none-eabi/lib/thumb/v7-m/nofp/libc_nano.a(lib_a-nano-vfprintf_i.o)
 .ARM.attributes
                0x00000000000004a3       0x2d /usr/lib/gcc/arm-none-eabi/10.3.1/../../../arm-none-eabi/lib/thumb/v7-m/nofp/libc_nano.a(lib_a-snprintf.o)
 .ARM.attributes
                0x00000000000004d0       0x2d /usr/lib/gcc/arm-none-eabi/10.3.1/../../../arm-none-eabi/lib/thumb/v7-m/nofp/libc_nano.a(lib_a-sscanf.o)
 .ARM.attributes
                0x00000000000004fd       0x2d /usr/lib/gcc/arm-none-eabi/10.3.1/../../../arm-none-eabi/lib/thumb/v7-m/nofp/libc_nano.a(lib_a-stdio.o)
 .ARM.attributes
                0x000000000000052a       0x2d /usr/lib/gcc/arm-none-eabi/10.3.1/../../../arm-none-eabi/lib/thumb/v7-m/nofp/libc_nano.a(lib_a-strlen-stub.o)
 .ARM.attributes
                0x0000000000000557       0x2d /usr/lib/gcc/arm-none-eabi/10.3.1/../../../arm-none-eabi/lib/thumb/v7-m/nofp/libc_nano.a(lib_a-writer.o)
 .ARM.attributes
                0x0000000000000584       0x2d /usr/lib/gcc/arm-none-eabi/10.3.1/../../../arm-none-eabi/lib/thumb/v7-m/nofp/libc_nano.a(lib_a-closer.o)
 .ARM.attributes
                0x00000000000005b1       0x2d /usr/lib/gcc/arm-none-eabi/10.3.1/../../../arm-none-eabi/lib/thumb/v7-m/nofp/libc_nano.a(lib_a-dtoa.o)
 .ARM.attributes
                0x00000000000005de       0x2d /usr/lib/gcc/arm-none-eabi/10.3.1/../../../arm-none-eabi/lib/thumb/v7-m/nofp/libc_nano.a(lib_a-localeconv.o)
 .ARM.attributes
                0x000000000000060b       0x2d /usr/lib/gcc/arm-none-eabi/10.3.1/../../../arm-none-eabi/lib/thumb/v7-m/nofp/libc_nano.a(lib_a-lseekr.o)
 .ARM.attributes
                0x0000000000000638       0x2d /usr/lib/gcc/arm-none-eabi/10.3.1/../../../arm-none-eabi/lib/thumb/v7-m/nofp/libc_nano.a(lib_a-malloc.o)
 .ARM.attributes
                0x0000000000000665       0x2d /usr/lib/gcc/arm-none-eabi/10.3.1/../../../arm-none-eabi/lib/thumb/v7-m/nofp/libc_nano.a(lib_a-memchr-stub.o)
 .ARM.attributes
                0x0000000000000692       0x1b /usr/lib/gcc/arm-none-eabi/10.3.1/../../../arm-none-eabi/lib/thumb/v7-m/nofp/libc_nano.a(lib_a-memcpy.o)
 .ARM.attributes
                0x00000000000006ad       0x2d /usr/lib/gcc/arm-none-eabi/10.3.1/../../../arm-none-eabi/lib/thumb/v7-m/nofp/libc_nano.a(lib_a-mprec.o)
 .ARM.attributes
                0x00000000000006da       0x2d /usr/lib/gcc/arm-none-eabi/10.3.1/../../../arm-none-eabi/lib/thumb/v7-m/nofp/libc_nano.a(lib_a-nano-callocr.o)
 .ARM.attributes
                0x0000000000000707       0x2d /usr/lib/gcc/arm-none-eabi/10.3.1/../../../arm-none-eabi/lib/thumb/v7-m/nofp/libc_nano.a(lib_a-nano-freer.o)
 .ARM.attributes
                0x0000000000000734       0x2d /usr/lib/gcc/arm-none-eabi/10.3.1/../../../arm-none-eabi/lib/thumb/v7-m/nofp/libc_nano.a(lib_a-nano-mallocr.o)
 .ARM.attributes
                0x0000000000000761       0x2d /usr/lib/gcc/arm-none-eabi/10.3.1/../../../arm-none-eabi/lib/thumb/v7-m/nofp/libc_nano.a(lib_a-nano-svfprintf.o)
 .ARM.attributes
                0x000000000000078e       0x2d /usr/lib/gcc/arm-none-eabi/10.3.1/../../../arm-none-eabi/lib/thumb/v7-m/nofp/libc_nano.a(lib_a-nano-svfscanf.o)
 .ARM.attributes
                0x00000000000007bb       0x2d /usr/lib/gcc/arm-none-eabi/10.3.1/../../../arm-none-eabi/lib/thumb/v7-m/nofp/libc_nano.a(lib_a-nano-vfscanf_i.o)
 .ARM.attributes
                0x00000000000007e8       0x2d /usr/lib/gcc/arm-none-eabi/10.3.1/../../../arm-none-eabi/lib/thumb/v7-m/nofp/libc_nano.a(lib_a-readr.o)
 .ARM.attributes
                0x0000000000000815       0x2d /usr/lib/gcc/arm-none-eabi/10.3.1/../../../arm-none-eabi/lib/thumb/v7-m/nofp/libc_nano.a(lib_a-reent.o)
 .ARM.attributes
                0x0000000000000842       0x2d /usr/lib/gcc/arm-none-eabi/10.3.1/../../../arm-none-eabi/lib/thumb/v7-m/nofp/libc_nano.a(lib_a-sbrkr.o)
 .ARM.attributes
                0x000000000000086f       0x2d /usr/lib/gcc/arm-none-eabi/10.3.1/../../../arm-none-eabi/lib/thumb/v7-m/nofp/libc_nano.a(lib_a-sccl.o)
 .ARM.attributes
                0x000000000000089c       0x2d /usr/lib/gcc/arm-none-eabi/10.3.1/../../../arm-none-eabi/lib/thumb/v7-m/nofp/libc_nano.a(lib_a-strtol.o)
 .ARM.attributes
                0x00000000000008c9       0x2d /usr/lib/gcc/arm-none-eabi/10.3.1/../../../arm-none-eabi/lib/thumb/v7-m/nofp/libc_nano.a(lib_a-strtoul.o)
 .ARM.attributes
                0x00000000000008f6       0x2d /usr/lib/gcc/arm-none-eabi/10.3.1/../../../arm-none-eabi/lib/thumb/v7-m/nofp/libc_nano.a(lib_a-ungetc.o)
 .ARM.attributes
                0x0000000000000923       0x2d /usr/lib/gcc/arm-none-eabi/10.3.1/../../../arm-none-eabi/lib/thumb/v7-m/nofp/libc_nano.a(lib_a-assert.o)
 .ARM.attributes
                0x0000000000000950       0x2d /usr/lib/gcc/arm-none-eabi/10.3.1/../../../arm-none-eabi/lib/thumb/v7-m/nofp/libc_nano.a(lib_a-ctype_.o)
 .ARM.attributes
                0x000000000000097d       0x2d /usr/lib/gcc/arm-none-eabi/10.3.1/../../../arm-none-eabi/lib/thumb/v7-m/nofp/libc_nano.a(lib_a-fflush.o)
 .ARM.attributes
                0x00000000000009aa       0x2d /usr/lib/gcc/arm-none-eabi/10.3.1/../../../arm-none-eabi/lib/thumb/v7-m/nofp/libc_nano.a(lib_a-findfp.o)
 .ARM.attributes
                0x00000000000009d7       0x2d /usr/lib/gcc/arm-none-eabi/10.3.1/../../../arm-none-eabi/lib/thumb/v7-m/nofp/libc_nano.a(lib_a-fprintf.o)
 .ARM.attributes
                0x0000000000000a04       0x2d /usr/lib/gcc/arm-none-eabi/10.3.1/../../../arm-none-eabi/lib/thumb/v7-m/nofp/libc_nano.a(lib_a-fwalk.o)
 .ARM.attributes
                0x0000000000000a31       0x2d /usr/lib/gcc/arm-none-eabi/10.3.1/../../../arm-none-eabi/lib/thumb/v7-m/nofp/libc_nano.a(lib_a-locale.o)
 .ARM.attributes
                0x0000000000000a5e       0x2d /usr/lib/gcc/arm-none-eabi/10.3.1/../../../arm-none-eabi/lib/thumb/v7-m/nofp/libc_nano.a(lib_a-mbtowc_r.o)
 .ARM.attributes
                0x0000000000000a8b       0x2d /usr/lib/gcc/arm-none-eabi/10.3.1/../../../arm-none-eabi/lib/thumb/v7-m/nofp/libc_nano.a(lib_a-memmove.o)
 .ARM.attributes
                0x0000000000000ab8       0x2d /usr/lib/gcc/arm-none-eabi/10.3.1/../../../arm-none-eabi/lib/thumb/v7-m/nofp/libc_nano.a(lib_a-mlock.o)
 .ARM.attributes
                0x0000000000000ae5       0x2d /usr/lib/gcc/arm-none-eabi/10.3.1/../../../arm-none-eabi/lib/thumb/v7-m/nofp/libc_nano.a(lib_a-nano-reallocr.o)
 .ARM.attributes
                0x0000000000000b12       0x2d /usr/lib/gcc/arm-none-eabi/10.3.1/../../../arm-none-eabi/lib/thumb/v7-m/nofp/libc_nano.a(lib_a-nano-vfprintf.o)
 .ARM.attributes
                0x0000000000000b3f       0x2d /usr/lib/gcc/arm-none-eabi/10.3.1/../../../arm-none-eabi/lib/thumb/v7-m/nofp/libc_nano.a(lib_a-wbuf.o)
 .ARM.attributes
                0x0000000000000b6c       0x2d /usr/lib/gcc/arm-none-eabi/10.3.1/../../../arm-none-eabi/lib/thumb/v7-m/nofp/libc_nano.a(lib_a-wctomb_r.o)
 .ARM.attributes
                0x0000000000000b99       0x2d /usr/lib/gcc/arm-none-eabi/10.3.1/../../../arm-none-eabi/lib/thumb/v7-m/nofp/libc_nano.a(lib_a-wsetup.o)
 .ARM.attributes
                0x0000000000000bc6       0x2d /usr/lib/gcc/arm-none-eabi/10.3.1/../../../arm-none-eabi/lib/thumb/v7-m/nofp/libc_nano.a(lib_a-abort.o)
 .ARM.attributes
                0x0000000000000bf3       0x2d /usr/lib/gcc/arm-none-eabi/10.3.1/../../../arm-none-eabi/lib/thumb/v7-m/nofp/libc_nano.a(lib_a-fvwrite.o)
 .ARM.attributes
                0x0000000000000c20       0x2d /usr/lib/gcc/arm-none-eabi/10.3.1/../../../arm-none-eabi/lib/thumb/v7-m/nofp/libc_nano.a(lib_a-makebuf.o)
 .ARM.attributes
                0x0000000000000c4d       0x2d /usr/lib/gcc/arm-none-eabi/10.3.1/../../../arm-none-eabi/lib/thumb/v7-m/nofp/libc_nano.a(lib_a-nano-msizer.o)
 .ARM.attributes
                0x0000000000000c7a       0x2d /usr/lib/gcc/arm-none-eabi/10.3.1/../../../arm-none-eabi/lib/thumb/v7-m/nofp/libc_nano.a(lib_a-signal.o)
 .ARM.attributes
                0x0000000000000ca7       0x2d /usr/lib/gcc/arm-none-eabi/10.3.1/../../../arm-none-eabi/lib/thumb/v7-m/nofp/libc_nano.a(lib_a-signalr.o)
 .ARM.attributes
                0x0000000000000cd4       0x2d /usr/lib/gcc/arm-none-eabi/10.3.1/../../../arm-none-eabi/lib/thumb/v7-m/nofp/libc_nano.a(lib_a-fstatr.o)
 .ARM.attributes
                0x0000000000000d01       0x2d /usr/lib/gcc/arm-none-eabi/10.3.1/../../../arm-none-eabi/lib/thumb/v7-m/nofp/libc_nano.a(lib_a-isattyr.o)
 .ARM.attributes
                0x0000000000000d2e       0x2d /usr/lib/gcc/arm-none-eabi/10.3.1/../../../arm-none-eabi/lib/thumb/v7-m/nofp/libm.a(lib_a-wf_sqrt.o)
 .ARM.attributes
                0x0000000000000d5b       0x2d /usr/lib/gcc/arm-none-eabi/10.3.1/../../../arm-none-eabi/lib/thumb/v7-m/nofp/libm.a(lib_a-ef_sqrt.o)
 .ARM.attributes
                0x0000000000000d88       0x2d /usr/lib/gcc/arm-none-eabi/10.3.1/../../../arm-none-eabi/lib/thumb/v7-m/nofp/libm.a(lib_a-s_lib_ver.o)
 .ARM.attributes
                0x0000000000000db5       0x1d /usr/lib/gcc/arm-none-eabi/10.3.1/thumb/v7-m/nofp/libgcc.a(_arm_addsubdf3.o)
 .ARM.attributes
                0x0000000000000dd2       0x1d /usr/lib/gcc/arm-none-eabi/10.3.1/thumb/v7-m/nofp/libgcc.a(_arm_muldivdf3.o)
 .ARM.attributes
                0x0000000000000def       0x1d /usr/lib/gcc/arm-none-eabi/10.3.1/thumb/v7-m/nofp/libgcc.a(_arm_cmpdf2.o)
 .ARM.attributes
                0x0000000000000e0c       0x1d /usr/lib/gcc/arm-none-eabi/10.3.1/thumb/v7-m/nofp/libgcc.a(_arm_unorddf2.o)
 .ARM.attributes
                0x0000000000000e29       0x1d /usr/lib/gcc/arm-none-eabi/10.3.1/thumb/v7-m/nofp/libgcc.a(_arm_fixdfsi.o)
 .ARM.attributes
                0x0000000000000e46       0x1d /usr/lib/gcc/arm-none-eabi/10.3.1/thumb/v7-m/nofp/libgcc.a(_arm_addsubsf3.o)
 .ARM.attributes
                0x0000000000000e63       0x1d /usr/lib/gcc/arm-none-eabi/10.3.1/thumb/v7-m/nofp/libgcc.a(_arm_muldivsf3.o)
 .ARM.attributes
                0x0000000000000e80       0x1d /usr/lib/gcc/arm-none-eabi/10.3.1/thumb/v7-m/nofp/libgcc.a(_arm_cmpsf2.o)
 .ARM.attributes
                0x0000000000000e9d       0x1d /usr/lib/gcc/arm-none-eabi/10.3.1/thumb/v7-m/nofp/libgcc.a(_arm_unordsf2.o)
 .ARM.attributes
                0x0000000000000eba       0x1d /usr/lib/gcc/arm-none-eabi/10.3.1/thumb/v7-m/nofp/libgcc.a(_arm_fixsfsi.o)
 .ARM.attributes
                0x0000000000000ed7       0x2d /usr/lib/gcc/arm-none-eabi/10.3.1/thumb/v7-m/nofp/crtend.o
 .ARM.attributes
                0x0000000000000f04       0x1d /usr/lib/gcc/arm-none-eabi/10.3.1/thumb/v7-m/nofp/crtn.o
OUTPUT(build/grad_app.elf elf32-littlearm)
LOAD linker stubs
LOAD /usr/lib/gcc/arm-none-eabi/10.3.1/../../../arm-none-eabi/lib/thumb/v7-m/nofp/libc.a
LOAD /usr/lib/gcc/arm-none-eabi/10.3.1/../../../arm-none-eabi/lib/thumb/v7-m/nofp/libm.a
LOAD /usr/lib/gcc/arm-none-eabi/10.3.1/thumb/v7-m/nofp/libgcc.a

.comment        0x0000000000000000       0x33
 .comment       0x0000000000000000       0x33 /usr/lib/gcc/arm-none-eabi/10.3.1/thumb/v7-m/nofp/crtbegin.o
                                         0x34 (size before relaxing)
 .comment       0x0000000000000033       0x34 build/main.o
 .comment       0x0000000000000033       0x34 build/motorController.o
 .comment       0x0000000000000033       0x34 build/uartParser.o
 .comment       0x0000000000000033       0x34 build/PIDController.o
 .comment       0x0000000000000033       0x34 build/stm32f1xx_it.o
 .comment       0x0000000000000033       0x34 build/stm32f1xx_hal_msp.o
 .comment       0x0000000000000033       0x34 build/stm32f1xx_hal_tim.o
 .comment       0x0000000000000033       0x34 build/stm32f1xx_hal_tim_ex.o
 .comment       0x0000000000000033       0x34 build/stm32f1xx_hal.o
 .comment       0x0000000000000033       0x34 build/stm32f1xx_hal_rcc.o
 .comment       0x0000000000000033       0x34 build/stm32f1xx_hal_gpio.o
 .comment       0x0000000000000033       0x34 build/stm32f1xx_hal_dma.o
 .comment       0x0000000000000033       0x34 build/stm32f1xx_hal_cortex.o
 .comment       0x0000000000000033       0x34 build/system_stm32f1xx.o
 .comment       0x0000000000000033       0x34 build/sysmem.o
 .comment       0x0000000000000033       0x34 build/syscalls.o
 .comment       0x0000000000000033       0x34 build/stm32f1xx_hal_i2c.o
 .comment       0x0000000000000033       0x34 build/stm32f1xx_hal_uart.o
 .comment       0x0000000000000033       0x34 /usr/lib/gcc/arm-none-eabi/10.3.1/../../../arm-none-eabi/lib/thumb/v7-m/nofp/libc_nano.a(lib_a-errno.o)
 .comment       0x0000000000000033       0x34 /usr/lib/gcc/arm-none-eabi/10.3.1/../../../arm-none-eabi/lib/thumb/v7-m/nofp/libc_nano.a(lib_a-impure.o)
 .comment       0x0000000000000033       0x34 /usr/lib/gcc/arm-none-eabi/10.3.1/../../../arm-none-eabi/lib/thumb/v7-m/nofp/libc_nano.a(lib_a-init.o)
 .comment       0x0000000000000033       0x34 /usr/lib/gcc/arm-none-eabi/10.3.1/../../../arm-none-eabi/lib/thumb/v7-m/nofp/libc_nano.a(lib_a-memset.o)
 .comment       0x0000000000000033       0x34 /usr/lib/gcc/arm-none-eabi/10.3.1/../../../arm-none-eabi/lib/thumb/v7-m/nofp/libc_nano.a(lib_a-nano-vfprintf_float.o)
 .comment       0x0000000000000033       0x34 /usr/lib/gcc/arm-none-eabi/10.3.1/../../../arm-none-eabi/lib/thumb/v7-m/nofp/libc_nano.a(lib_a-nano-vfprintf_i.o)
 .comment       0x0000000000000033       0x34 /usr/lib/gcc/arm-none-eabi/10.3.1/../../../arm-none-eabi/lib/thumb/v7-m/nofp/libc_nano.a(lib_a-snprintf.o)
 .comment       0x0000000000000033       0x34 /usr/lib/gcc/arm-none-eabi/10.3.1/../../../arm-none-eabi/lib/thumb/v7-m/nofp/libc_nano.a(lib_a-sscanf.o)
 .comment       0x0000000000000033       0x34 /usr/lib/gcc/arm-none-eabi/10.3.1/../../../arm-none-eabi/lib/thumb/v7-m/nofp/libc_nano.a(lib_a-stdio.o)
 .comment       0x0000000000000033       0x34 /usr/lib/gcc/arm-none-eabi/10.3.1/../../../arm-none-eabi/lib/thumb/v7-m/nofp/libc_nano.a(lib_a-strlen-stub.o)
 .comment       0x0000000000000033       0x34 /usr/lib/gcc/arm-none-eabi/10.3.1/../../../arm-none-eabi/lib/thumb/v7-m/nofp/libc_nano.a(lib_a-writer.o)
 .comment       0x0000000000000033       0x34 /usr/lib/gcc/arm-none-eabi/10.3.1/../../../arm-none-eabi/lib/thumb/v7-m/nofp/libc_nano.a(lib_a-closer.o)
 .comment       0x0000000000000033       0x34 /usr/lib/gcc/arm-none-eabi/10.3.1/../../../arm-none-eabi/lib/thumb/v7-m/nofp/libc_nano.a(lib_a-dtoa.o)
 .comment       0x0000000000000033       0x34 /usr/lib/gcc/arm-none-eabi/10.3.1/../../../arm-none-eabi/lib/thumb/v7-m/nofp/libc_nano.a(lib_a-localeconv.o)
 .comment       0x0000000000000033       0x34 /usr/lib/gcc/arm-none-eabi/10.3.1/../../../arm-none-eabi/lib/thumb/v7-m/nofp/libc_nano.a(lib_a-lseekr.o)
 .comment       0x0000000000000033       0x34 /usr/lib/gcc/arm-none-eabi/10.3.1/../../../arm-none-eabi/lib/thumb/v7-m/nofp/libc_nano.a(lib_a-malloc.o)
 .comment       0x0000000000000033       0x34 /usr/lib/gcc/arm-none-eabi/10.3.1/../../../arm-none-eabi/lib/thumb/v7-m/nofp/libc_nano.a(lib_a-memchr-stub.o)
 .comment       0x0000000000000033       0x34 /usr/lib/gcc/arm-none-eabi/10.3.1/../../../arm-none-eabi/lib/thumb/v7-m/nofp/libc_nano.a(lib_a-mprec.o)
 .comment       0x0000000000000033       0x34 /usr/lib/gcc/arm-none-eabi/10.3.1/../../../arm-none-eabi/lib/thumb/v7-m/nofp/libc_nano.a(lib_a-nano-callocr.o)
 .comment       0x0000000000000033       0x34 /usr/lib/gcc/arm-none-eabi/10.3.1/../../../arm-none-eabi/lib/thumb/v7-m/nofp/libc_nano.a(lib_a-nano-freer.o)
 .comment       0x0000000000000033       0x34 /usr/lib/gcc/arm-none-eabi/10.3.1/../../../arm-none-eabi/lib/thumb/v7-m/nofp/libc_nano.a(lib_a-nano-mallocr.o)
 .comment       0x0000000000000033       0x34 /usr/lib/gcc/arm-none-eabi/10.3.1/../../../arm-none-eabi/lib/thumb/v7-m/nofp/libc_nano.a(lib_a-nano-svfprintf.o)
 .comment       0x0000000000000033       0x34 /usr/lib/gcc/arm-none-eabi/10.3.1/../../../arm-none-eabi/lib/thumb/v7-m/nofp/libc_nano.a(lib_a-nano-svfscanf.o)
 .comment       0x0000000000000033       0x34 /usr/lib/gcc/arm-none-eabi/10.3.1/../../../arm-none-eabi/lib/thumb/v7-m/nofp/libc_nano.a(lib_a-nano-vfscanf_i.o)
 .comment       0x0000000000000033       0x34 /usr/lib/gcc/arm-none-eabi/10.3.1/../../../arm-none-eabi/lib/thumb/v7-m/nofp/libc_nano.a(lib_a-readr.o)
 .comment       0x0000000000000033       0x34 /usr/lib/gcc/arm-none-eabi/10.3.1/../../../arm-none-eabi/lib/thumb/v7-m/nofp/libc_nano.a(lib_a-reent.o)
 .comment       0x0000000000000033       0x34 /usr/lib/gcc/arm-none-eabi/10.3.1/../../../arm-none-eabi/lib/thumb/v7-m/nofp/libc_nano.a(lib_a-sbrkr.o)
 .comment       0x0000000000000033       0x34 /usr/lib/gcc/arm-none-eabi/10.3.1/../../../arm-none-eabi/lib/thumb/v7-m/nofp/libc_nano.a(lib_a-sccl.o)
 .comment       0x0000000000000033       0x34 /usr/lib/gcc/arm-none-eabi/10.3.1/../../../arm-none-eabi/lib/thumb/v7-m/nofp/libc_nano.a(lib_a-strtol.o)
 .comment       0x0000000000000033       0x34 /usr/lib/gcc/arm-none-eabi/10.3.1/../../../arm-none-eabi/lib/thumb/v7-m/nofp/libc_nano.a(lib_a-strtoul.o)
 .comment       0x0000000000000033       0x34 /usr/lib/gcc/arm-none-eabi/10.3.1/../../../arm-none-eabi/lib/thumb/v7-m/nofp/libc_nano.a(lib_a-ungetc.o)
 .comment       0x0000000000000033       0x34 /usr/lib/gcc/arm-none-eabi/10.3.1/../../../arm-none-eabi/lib/thumb/v7-m/nofp/libc_nano.a(lib_a-assert.o)
 .comment       0x0000000000000033       0x34 /usr/lib/gcc/arm-none-eabi/10.3.1/../../../arm-none-eabi/lib/thumb/v7-m/nofp/libc_nano.a(lib_a-ctype_.o)
 .comment       0x0000000000000033       0x34 /usr/lib/gcc/arm-none-eabi/10.3.1/../../../arm-none-eabi/lib/thumb/v7-m/nofp/libc_nano.a(lib_a-fflush.o)
 .comment       0x0000000000000033       0x34 /usr/lib/gcc/arm-none-eabi/10.3.1/../../../arm-none-eabi/lib/thumb/v7-m/nofp/libc_nano.a(lib_a-findfp.o)
 .comment       0x0000000000000033       0x34 /usr/lib/gcc/arm-none-eabi/10.3.1/../../../arm-none-eabi/lib/thumb/v7-m/nofp/libc_nano.a(lib_a-fprintf.o)
 .comment       0x0000000000000033       0x34 /usr/lib/gcc/arm-none-eabi/10.3.1/../../../arm-none-eabi/lib/thumb/v7-m/nofp/libc_nano.a(lib_a-fwalk.o)
 .comment       0x0000000000000033       0x34 /usr/lib/gcc/arm-none-eabi/10.3.1/../../../arm-none-eabi/lib/thumb/v7-m/nofp/libc_nano.a(lib_a-locale.o)
 .comment       0x0000000000000033       0x34 /usr/lib/gcc/arm-none-eabi/10.3.1/../../../arm-none-eabi/lib/thumb/v7-m/nofp/libc_nano.a(lib_a-mbtowc_r.o)
 .comment       0x0000000000000033       0x34 /usr/lib/gcc/arm-none-eabi/10.3.1/../../../arm-none-eabi/lib/thumb/v7-m/nofp/libc_nano.a(lib_a-memmove.o)
 .comment       0x0000000000000033       0x34 /usr/lib/gcc/arm-none-eabi/10.3.1/../../../arm-none-eabi/lib/thumb/v7-m/nofp/libc_nano.a(lib_a-mlock.o)
 .comment       0x0000000000000033       0x34 /usr/lib/gcc/arm-none-eabi/10.3.1/../../../arm-none-eabi/lib/thumb/v7-m/nofp/libc_nano.a(lib_a-nano-reallocr.o)
 .comment       0x0000000000000033       0x34 /usr/lib/gcc/arm-none-eabi/10.3.1/../../../arm-none-eabi/lib/thumb/v7-m/nofp/libc_nano.a(lib_a-nano-vfprintf.o)
 .comment       0x0000000000000033       0x34 /usr/lib/gcc/arm-none-eabi/10.3.1/../../../arm-none-eabi/lib/thumb/v7-m/nofp/libc_nano.a(lib_a-wbuf.o)
 .comment       0x0000000000000033       0x34 /usr/lib/gcc/arm-none-eabi/10.3.1/../../../arm-none-eabi/lib/thumb/v7-m/nofp/libc_nano.a(lib_a-wctomb_r.o)
 .comment       0x0000000000000033       0x34 /usr/lib/gcc/arm-none-eabi/10.3.1/../../../arm-none-eabi/lib/thumb/v7-m/nofp/libc_nano.a(lib_a-wsetup.o)
 .comment       0x0000000000000033       0x34 /usr/lib/gcc/arm-none-eabi/10.3.1/../../../arm-none-eabi/lib/thumb/v7-m/nofp/libc_nano.a(lib_a-abort.o)
 .comment       0x0000000000000033       0x34 /usr/lib/gcc/arm-none-eabi/10.3.1/../../../arm-none-eabi/lib/thumb/v7-m/nofp/libc_nano.a(lib_a-fvwrite.o)
 .comment       0x0000000000000033       0x34 /usr/lib/gcc/arm-none-eabi/10.3.1/../../../arm-none-eabi/lib/thumb/v7-m/nofp/libc_nano.a(lib_a-makebuf.o)
 .comment       0x0000000000000033       0x34 /usr/lib/gcc/arm-none-eabi/10.3.1/../../../arm-none-eabi/lib/thumb/v7-m/nofp/libc_nano.a(lib_a-nano-msizer.o)
 .comment       0x0000000000000033       0x34 /usr/lib/gcc/arm-none-eabi/10.3.1/../../../arm-none-eabi/lib/thumb/v7-m/nofp/libc_nano.a(lib_a-signal.o)
 .comment       0x0000000000000033       0x34 /usr/lib/gcc/arm-none-eabi/10.3.1/../../../arm-none-eabi/lib/thumb/v7-m/nofp/libc_nano.a(lib_a-signalr.o)
 .comment       0x0000000000000033       0x34 /usr/lib/gcc/arm-none-eabi/10.3.1/../../../arm-none-eabi/lib/thumb/v7-m/nofp/libc_nano.a(lib_a-fstatr.o)
 .comment       0x0000000000000033       0x34 /usr/lib/gcc/arm-none-eabi/10.3.1/../../../arm-none-eabi/lib/thumb/v7-m/nofp/libc_nano.a(lib_a-isattyr.o)
 .comment       0x0000000000000033       0x34 /usr/lib/gcc/arm-none-eabi/10.3.1/../../../arm-none-eabi/lib/thumb/v7-m/nofp/libm.a(lib_a-wf_sqrt.o)
 .comment       0x0000000000000033       0x34 /usr/lib/gcc/arm-none-eabi/10.3.1/../../../arm-none-eabi/lib/thumb/v7-m/nofp/libm.a(lib_a-ef_sqrt.o)
 .comment       0x0000000000000033       0x34 /usr/lib/gcc/arm-none-eabi/10.3.1/../../../arm-none-eabi/lib/thumb/v7-m/nofp/libm.a(lib_a-s_lib_ver.o)
 .comment       0x0000000000000033       0x34 /usr/lib/gcc/arm-none-eabi/10.3.1/thumb/v7-m/nofp/crtend.o

.debug_info     0x0000000000000000    0x38dde
 .debug_info    0x0000000000000000     0x1d32 build/main.o
 .debug_info    0x0000000000001d32      0xd39 build/motorController.o
 .debug_info    0x0000000000002a6b      0x1ff build/uartParser.o
 .debug_info    0x0000000000002c6a      0x2ab build/PIDController.o
 .debug_info    0x0000000000002f15      0xadb build/stm32f1xx_it.o
 .debug_info    0x00000000000039f0     0x163c build/stm32f1xx_hal_msp.o
 .debug_info    0x000000000000502c     0x405c build/stm32f1xx_hal_tim.o
 .debug_info    0x0000000000009088     0x1c21 build/stm32f1xx_hal_tim_ex.o
 .debug_info    0x000000000000aca9      0x849 build/stm32f1xx_hal.o
 .debug_info    0x000000000000b4f2      0xacc build/stm32f1xx_hal_rcc.o
 .debug_info    0x000000000000bfbe      0x6bf build/stm32f1xx_hal_gpio.o
 .debug_info    0x000000000000c67d      0x8b4 build/stm32f1xx_hal_dma.o
 .debug_info    0x000000000000cf31      0xe09 build/stm32f1xx_hal_cortex.o
 .debug_info    0x000000000000dd3a      0x256 build/system_stm32f1xx.o
 .debug_info    0x000000000000df90      0x16d build/sysmem.o
 .debug_info    0x000000000000e0fd      0x835 build/syscalls.o
 .debug_info    0x000000000000e932     0x3c89 build/stm32f1xx_hal_i2c.o
 .debug_info    0x00000000000125bb     0x4280 build/stm32f1xx_hal_uart.o
 .debug_info    0x000000000001683b       0x22 build/startup_stm32f103xb.o
 .debug_info    0x000000000001685d      0x7ae /usr/lib/gcc/arm-none-eabi/10.3.1/../../../arm-none-eabi/lib/thumb/v7-m/nofp/libc_nano.a(lib_a-errno.o)
 .debug_info    0x000000000001700b      0x863 /usr/lib/gcc/arm-none-eabi/10.3.1/../../../arm-none-eabi/lib/thumb/v7-m/nofp/libc_nano.a(lib_a-impure.o)
 .debug_info    0x000000000001786e      0x11a /usr/lib/gcc/arm-none-eabi/10.3.1/../../../arm-none-eabi/lib/thumb/v7-m/nofp/libc_nano.a(lib_a-init.o)
 .debug_info    0x0000000000017988      0x137 /usr/lib/gcc/arm-none-eabi/10.3.1/../../../arm-none-eabi/lib/thumb/v7-m/nofp/libc_nano.a(lib_a-memset.o)
 .debug_info    0x0000000000017abf     0x1480 /usr/lib/gcc/arm-none-eabi/10.3.1/../../../arm-none-eabi/lib/thumb/v7-m/nofp/libc_nano.a(lib_a-nano-vfprintf_float.o)
 .debug_info    0x0000000000018f3f      0xe9e /usr/lib/gcc/arm-none-eabi/10.3.1/../../../arm-none-eabi/lib/thumb/v7-m/nofp/libc_nano.a(lib_a-nano-vfprintf_i.o)
 .debug_info    0x0000000000019ddd      0x9b5 /usr/lib/gcc/arm-none-eabi/10.3.1/../../../arm-none-eabi/lib/thumb/v7-m/nofp/libc_nano.a(lib_a-snprintf.o)
 .debug_info    0x000000000001a792      0x954 /usr/lib/gcc/arm-none-eabi/10.3.1/../../../arm-none-eabi/lib/thumb/v7-m/nofp/libc_nano.a(lib_a-sscanf.o)
 .debug_info    0x000000000001b0e6      0xabc /usr/lib/gcc/arm-none-eabi/10.3.1/../../../arm-none-eabi/lib/thumb/v7-m/nofp/libc_nano.a(lib_a-stdio.o)
 .debug_info    0x000000000001bba2       0xbc /usr/lib/gcc/arm-none-eabi/10.3.1/../../../arm-none-eabi/lib/thumb/v7-m/nofp/libc_nano.a(lib_a-strlen-stub.o)
 .debug_info    0x000000000001bc5e      0x85a /usr/lib/gcc/arm-none-eabi/10.3.1/../../../arm-none-eabi/lib/thumb/v7-m/nofp/libc_nano.a(lib_a-writer.o)
 .debug_info    0x000000000001c4b8      0x805 /usr/lib/gcc/arm-none-eabi/10.3.1/../../../arm-none-eabi/lib/thumb/v7-m/nofp/libc_nano.a(lib_a-closer.o)
 .debug_info    0x000000000001ccbd     0x1969 /usr/lib/gcc/arm-none-eabi/10.3.1/../../../arm-none-eabi/lib/thumb/v7-m/nofp/libc_nano.a(lib_a-dtoa.o)
 .debug_info    0x000000000001e626      0xad8 /usr/lib/gcc/arm-none-eabi/10.3.1/../../../arm-none-eabi/lib/thumb/v7-m/nofp/libc_nano.a(lib_a-localeconv.o)
 .debug_info    0x000000000001f0fe      0x83b /usr/lib/gcc/arm-none-eabi/10.3.1/../../../arm-none-eabi/lib/thumb/v7-m/nofp/libc_nano.a(lib_a-lseekr.o)
 .debug_info    0x000000000001f939      0x832 /usr/lib/gcc/arm-none-eabi/10.3.1/../../../arm-none-eabi/lib/thumb/v7-m/nofp/libc_nano.a(lib_a-malloc.o)
 .debug_info    0x000000000002016b      0x14e /usr/lib/gcc/arm-none-eabi/10.3.1/../../../arm-none-eabi/lib/thumb/v7-m/nofp/libc_nano.a(lib_a-memchr-stub.o)
 .debug_info    0x00000000000202b9       0x26 /usr/lib/gcc/arm-none-eabi/10.3.1/../../../arm-none-eabi/lib/thumb/v7-m/nofp/libc_nano.a(lib_a-memcpy.o)
 .debug_info    0x00000000000202df     0x1ffe /usr/lib/gcc/arm-none-eabi/10.3.1/../../../arm-none-eabi/lib/thumb/v7-m/nofp/libc_nano.a(lib_a-mprec.o)
 .debug_info    0x00000000000222dd      0x858 /usr/lib/gcc/arm-none-eabi/10.3.1/../../../arm-none-eabi/lib/thumb/v7-m/nofp/libc_nano.a(lib_a-nano-callocr.o)
 .debug_info    0x0000000000022b35      0x940 /usr/lib/gcc/arm-none-eabi/10.3.1/../../../arm-none-eabi/lib/thumb/v7-m/nofp/libc_nano.a(lib_a-nano-freer.o)
 .debug_info    0x0000000000023475      0xa0c /usr/lib/gcc/arm-none-eabi/10.3.1/../../../arm-none-eabi/lib/thumb/v7-m/nofp/libc_nano.a(lib_a-nano-mallocr.o)
 .debug_info    0x0000000000023e81     0x10d5 /usr/lib/gcc/arm-none-eabi/10.3.1/../../../arm-none-eabi/lib/thumb/v7-m/nofp/libc_nano.a(lib_a-nano-svfprintf.o)
 .debug_info    0x0000000000024f56      0xf2f /usr/lib/gcc/arm-none-eabi/10.3.1/../../../arm-none-eabi/lib/thumb/v7-m/nofp/libc_nano.a(lib_a-nano-svfscanf.o)
 .debug_info    0x0000000000025e85      0xdee /usr/lib/gcc/arm-none-eabi/10.3.1/../../../arm-none-eabi/lib/thumb/v7-m/nofp/libc_nano.a(lib_a-nano-vfscanf_i.o)
 .debug_info    0x0000000000026c73      0x853 /usr/lib/gcc/arm-none-eabi/10.3.1/../../../arm-none-eabi/lib/thumb/v7-m/nofp/libc_nano.a(lib_a-readr.o)
 .debug_info    0x00000000000274c6      0xa7e /usr/lib/gcc/arm-none-eabi/10.3.1/../../../arm-none-eabi/lib/thumb/v7-m/nofp/libc_nano.a(lib_a-reent.o)
 .debug_info    0x0000000000027f44      0x828 /usr/lib/gcc/arm-none-eabi/10.3.1/../../../arm-none-eabi/lib/thumb/v7-m/nofp/libc_nano.a(lib_a-sbrkr.o)
 .debug_info    0x000000000002876c      0x117 /usr/lib/gcc/arm-none-eabi/10.3.1/../../../arm-none-eabi/lib/thumb/v7-m/nofp/libc_nano.a(lib_a-sccl.o)
 .debug_info    0x0000000000028883      0xf00 /usr/lib/gcc/arm-none-eabi/10.3.1/../../../arm-none-eabi/lib/thumb/v7-m/nofp/libc_nano.a(lib_a-strtol.o)
 .debug_info    0x0000000000029783      0xd4d /usr/lib/gcc/arm-none-eabi/10.3.1/../../../arm-none-eabi/lib/thumb/v7-m/nofp/libc_nano.a(lib_a-strtoul.o)
 .debug_info    0x000000000002a4d0      0xa44 /usr/lib/gcc/arm-none-eabi/10.3.1/../../../arm-none-eabi/lib/thumb/v7-m/nofp/libc_nano.a(lib_a-ungetc.o)
 .debug_info    0x000000000002af14      0x8bd /usr/lib/gcc/arm-none-eabi/10.3.1/../../../arm-none-eabi/lib/thumb/v7-m/nofp/libc_nano.a(lib_a-assert.o)
 .debug_info    0x000000000002b7d1       0xb8 /usr/lib/gcc/arm-none-eabi/10.3.1/../../../arm-none-eabi/lib/thumb/v7-m/nofp/libc_nano.a(lib_a-ctype_.o)
 .debug_info    0x000000000002b889      0xb0a /usr/lib/gcc/arm-none-eabi/10.3.1/../../../arm-none-eabi/lib/thumb/v7-m/nofp/libc_nano.a(lib_a-fflush.o)
 .debug_info    0x000000000002c393      0xfae /usr/lib/gcc/arm-none-eabi/10.3.1/../../../arm-none-eabi/lib/thumb/v7-m/nofp/libc_nano.a(lib_a-findfp.o)
 .debug_info    0x000000000002d341      0x902 /usr/lib/gcc/arm-none-eabi/10.3.1/../../../arm-none-eabi/lib/thumb/v7-m/nofp/libc_nano.a(lib_a-fprintf.o)
 .debug_info    0x000000000002dc43      0x900 /usr/lib/gcc/arm-none-eabi/10.3.1/../../../arm-none-eabi/lib/thumb/v7-m/nofp/libc_nano.a(lib_a-fwalk.o)
 .debug_info    0x000000000002e543      0xca4 /usr/lib/gcc/arm-none-eabi/10.3.1/../../../arm-none-eabi/lib/thumb/v7-m/nofp/libc_nano.a(lib_a-locale.o)
 .debug_info    0x000000000002f1e7      0xb67 /usr/lib/gcc/arm-none-eabi/10.3.1/../../../arm-none-eabi/lib/thumb/v7-m/nofp/libc_nano.a(lib_a-mbtowc_r.o)
 .debug_info    0x000000000002fd4e      0x152 /usr/lib/gcc/arm-none-eabi/10.3.1/../../../arm-none-eabi/lib/thumb/v7-m/nofp/libc_nano.a(lib_a-memmove.o)
 .debug_info    0x000000000002fea0      0x7dc /usr/lib/gcc/arm-none-eabi/10.3.1/../../../arm-none-eabi/lib/thumb/v7-m/nofp/libc_nano.a(lib_a-mlock.o)
 .debug_info    0x000000000003067c      0x911 /usr/lib/gcc/arm-none-eabi/10.3.1/../../../arm-none-eabi/lib/thumb/v7-m/nofp/libc_nano.a(lib_a-nano-reallocr.o)
 .debug_info    0x0000000000030f8d     0x115f /usr/lib/gcc/arm-none-eabi/10.3.1/../../../arm-none-eabi/lib/thumb/v7-m/nofp/libc_nano.a(lib_a-nano-vfprintf.o)
 .debug_info    0x00000000000320ec      0x998 /usr/lib/gcc/arm-none-eabi/10.3.1/../../../arm-none-eabi/lib/thumb/v7-m/nofp/libc_nano.a(lib_a-wbuf.o)
 .debug_info    0x0000000000032a84      0xb26 /usr/lib/gcc/arm-none-eabi/10.3.1/../../../arm-none-eabi/lib/thumb/v7-m/nofp/libc_nano.a(lib_a-wctomb_r.o)
 .debug_info    0x00000000000335aa      0x902 /usr/lib/gcc/arm-none-eabi/10.3.1/../../../arm-none-eabi/lib/thumb/v7-m/nofp/libc_nano.a(lib_a-wsetup.o)
 .debug_info    0x0000000000033eac       0xcb /usr/lib/gcc/arm-none-eabi/10.3.1/../../../arm-none-eabi/lib/thumb/v7-m/nofp/libc_nano.a(lib_a-abort.o)
 .debug_info    0x0000000000033f77      0xb54 /usr/lib/gcc/arm-none-eabi/10.3.1/../../../arm-none-eabi/lib/thumb/v7-m/nofp/libc_nano.a(lib_a-fvwrite.o)
 .debug_info    0x0000000000034acb      0xc8a /usr/lib/gcc/arm-none-eabi/10.3.1/../../../arm-none-eabi/lib/thumb/v7-m/nofp/libc_nano.a(lib_a-makebuf.o)
 .debug_info    0x0000000000035755      0x840 /usr/lib/gcc/arm-none-eabi/10.3.1/../../../arm-none-eabi/lib/thumb/v7-m/nofp/libc_nano.a(lib_a-nano-msizer.o)
 .debug_info    0x0000000000035f95      0xdcc /usr/lib/gcc/arm-none-eabi/10.3.1/../../../arm-none-eabi/lib/thumb/v7-m/nofp/libc_nano.a(lib_a-signal.o)
 .debug_info    0x0000000000036d61      0x871 /usr/lib/gcc/arm-none-eabi/10.3.1/../../../arm-none-eabi/lib/thumb/v7-m/nofp/libc_nano.a(lib_a-signalr.o)
 .debug_info    0x00000000000375d2      0xa1d /usr/lib/gcc/arm-none-eabi/10.3.1/../../../arm-none-eabi/lib/thumb/v7-m/nofp/libc_nano.a(lib_a-fstatr.o)
 .debug_info    0x0000000000037fef      0x805 /usr/lib/gcc/arm-none-eabi/10.3.1/../../../arm-none-eabi/lib/thumb/v7-m/nofp/libc_nano.a(lib_a-isattyr.o)
 .debug_info    0x00000000000387f4      0x161 /usr/lib/gcc/arm-none-eabi/10.3.1/../../../arm-none-eabi/lib/thumb/v7-m/nofp/libm.a(lib_a-wf_sqrt.o)
 .debug_info    0x0000000000038955      0x252 /usr/lib/gcc/arm-none-eabi/10.3.1/../../../arm-none-eabi/lib/thumb/v7-m/nofp/libm.a(lib_a-ef_sqrt.o)
 .debug_info    0x0000000000038ba7       0xbb /usr/lib/gcc/arm-none-eabi/10.3.1/../../../arm-none-eabi/lib/thumb/v7-m/nofp/libm.a(lib_a-s_lib_ver.o)
 .debug_info    0x0000000000038c62       0x26 /usr/lib/gcc/arm-none-eabi/10.3.1/thumb/v7-m/nofp/libgcc.a(_arm_addsubdf3.o)
 .debug_info    0x0000000000038c88       0x26 /usr/lib/gcc/arm-none-eabi/10.3.1/thumb/v7-m/nofp/libgcc.a(_arm_muldivdf3.o)
 .debug_info    0x0000000000038cae       0x26 /usr/lib/gcc/arm-none-eabi/10.3.1/thumb/v7-m/nofp/libgcc.a(_arm_cmpdf2.o)
 .debug_info    0x0000000000038cd4       0x26 /usr/lib/gcc/arm-none-eabi/10.3.1/thumb/v7-m/nofp/libgcc.a(_arm_unorddf2.o)